[0.013s] Invoking command in '/home/muneeb/RoboFlexv2.0/brainswarm_ws/build/roboflex_moveit_config': AMENT_PREFIX_PATH=/home/muneeb/RoboFlexv2.0/brainswarm_ws/install/roboflex_description:${AMENT_PREFIX_PATH} CMAKE_PREFIX_PATH=/home/muneeb/RoboFlexv2.0/brainswarm_ws/install/roboflex_description:/opt/ros/jazzy/opt/gz_sim_vendor:/opt/ros/jazzy/opt/gz_sensors_vendor:/opt/ros/jazzy/opt/gz_physics_vendor:/opt/ros/jazzy/opt/sdformat_vendor:/opt/ros/jazzy/opt/gz_gui_vendor:/opt/ros/jazzy/opt/gz_transport_vendor:/opt/ros/jazzy/opt/gz_rendering_vendor:/opt/ros/jazzy/opt/gz_plugin_vendor:/opt/ros/jazzy/opt/gz_fuel_tools_vendor:/opt/ros/jazzy/opt/gz_msgs_vendor:/opt/ros/jazzy/opt/gz_common_vendor:/opt/ros/jazzy/opt/gz_math_vendor:/opt/ros/jazzy/opt/gz_utils_vendor:/opt/ros/jazzy/opt/gz_tools_vendor:/opt/ros/jazzy/opt/gz_ogre_next_vendor:/opt/ros/jazzy/opt/gz_dartsim_vendor:/opt/ros/jazzy/opt/gz_cmake_vendor:/opt/ros/jazzy DEBUGINFOD_URLS=https://debuginfod.neon.kde.org/ https://debuginfod.ubuntu.com/ /usr/bin/cmake /home/muneeb/RoboFlexv2.0/brainswarm_ws/src/roboflex_moveit_config -DCMAKE_INSTALL_PREFIX=/home/muneeb/RoboFlexv2.0/brainswarm_ws/install/roboflex_moveit_config
[0.122s] -- The C compiler identification is GNU 13.3.0
[0.233s] -- The CXX compiler identification is GNU 13.3.0
[0.256s] -- Detecting C compiler ABI info
[0.453s] -- Detecting C compiler ABI info - done
[0.482s] -- Check for working C compiler: /usr/bin/cc - skipped
[0.482s] -- Detecting C compile features
[0.483s] -- Detecting C compile features - done
[0.490s] -- Detecting CXX compiler ABI info
[0.648s] -- Detecting CXX compiler ABI info - done
[0.681s] -- Check for working CXX compiler: /usr/bin/c++ - skipped
[0.681s] -- Detecting CXX compile features
[0.683s] -- Detecting CXX compile features - done
[0.692s] -- Found ament_cmake: 2.5.3 (/opt/ros/jazzy/share/ament_cmake/cmake)
[1.140s] -- Found Python3: /usr/bin/python3 (found version "3.12.3") found components: Interpreter
[1.548s] -- Configuring done (1.5s)
[1.555s] -- Generating done (0.0s)
[1.555s] -- Build files have been written to: /home/muneeb/RoboFlexv2.0/brainswarm_ws/build/roboflex_moveit_config
[1.567s] Invoked command in '/home/muneeb/RoboFlexv2.0/brainswarm_ws/build/roboflex_moveit_config' returned '0': AMENT_PREFIX_PATH=/home/muneeb/RoboFlexv2.0/brainswarm_ws/install/roboflex_description:${AMENT_PREFIX_PATH} CMAKE_PREFIX_PATH=/home/muneeb/RoboFlexv2.0/brainswarm_ws/install/roboflex_description:/opt/ros/jazzy/opt/gz_sim_vendor:/opt/ros/jazzy/opt/gz_sensors_vendor:/opt/ros/jazzy/opt/gz_physics_vendor:/opt/ros/jazzy/opt/sdformat_vendor:/opt/ros/jazzy/opt/gz_gui_vendor:/opt/ros/jazzy/opt/gz_transport_vendor:/opt/ros/jazzy/opt/gz_rendering_vendor:/opt/ros/jazzy/opt/gz_plugin_vendor:/opt/ros/jazzy/opt/gz_fuel_tools_vendor:/opt/ros/jazzy/opt/gz_msgs_vendor:/opt/ros/jazzy/opt/gz_common_vendor:/opt/ros/jazzy/opt/gz_math_vendor:/opt/ros/jazzy/opt/gz_utils_vendor:/opt/ros/jazzy/opt/gz_tools_vendor:/opt/ros/jazzy/opt/gz_ogre_next_vendor:/opt/ros/jazzy/opt/gz_dartsim_vendor:/opt/ros/jazzy/opt/gz_cmake_vendor:/opt/ros/jazzy DEBUGINFOD_URLS=https://debuginfod.neon.kde.org/ https://debuginfod.ubuntu.com/ /usr/bin/cmake /home/muneeb/RoboFlexv2.0/brainswarm_ws/src/roboflex_moveit_config -DCMAKE_INSTALL_PREFIX=/home/muneeb/RoboFlexv2.0/brainswarm_ws/install/roboflex_moveit_config
[1.570s] Invoking command in '/home/muneeb/RoboFlexv2.0/brainswarm_ws/build/roboflex_moveit_config': AMENT_PREFIX_PATH=/home/muneeb/RoboFlexv2.0/brainswarm_ws/install/roboflex_description:${AMENT_PREFIX_PATH} CMAKE_PREFIX_PATH=/home/muneeb/RoboFlexv2.0/brainswarm_ws/install/roboflex_description:/opt/ros/jazzy/opt/gz_sim_vendor:/opt/ros/jazzy/opt/gz_sensors_vendor:/opt/ros/jazzy/opt/gz_physics_vendor:/opt/ros/jazzy/opt/sdformat_vendor:/opt/ros/jazzy/opt/gz_gui_vendor:/opt/ros/jazzy/opt/gz_transport_vendor:/opt/ros/jazzy/opt/gz_rendering_vendor:/opt/ros/jazzy/opt/gz_plugin_vendor:/opt/ros/jazzy/opt/gz_fuel_tools_vendor:/opt/ros/jazzy/opt/gz_msgs_vendor:/opt/ros/jazzy/opt/gz_common_vendor:/opt/ros/jazzy/opt/gz_math_vendor:/opt/ros/jazzy/opt/gz_utils_vendor:/opt/ros/jazzy/opt/gz_tools_vendor:/opt/ros/jazzy/opt/gz_ogre_next_vendor:/opt/ros/jazzy/opt/gz_dartsim_vendor:/opt/ros/jazzy/opt/gz_cmake_vendor:/opt/ros/jazzy DEBUGINFOD_URLS=https://debuginfod.neon.kde.org/ https://debuginfod.ubuntu.com/ /usr/bin/cmake --build /home/muneeb/RoboFlexv2.0/brainswarm_ws/build/roboflex_moveit_config -- -j8 -l8
