-- Found ament_cmake: 2.5.3 (/opt/ros/jazzy/share/ament_cmake/cmake)
-- Found rclcpp: 28.1.8 (/opt/ros/jazzy/share/rclcpp/cmake)
-- Found rosidl_generator_c: 4.6.5 (/opt/ros/jazzy/share/rosidl_generator_c/cmake)
-- Found rosidl_generator_cpp: 4.6.5 (/opt/ros/jazzy/share/rosidl_generator_cpp/cmake)
-- Using all available rosidl_typesupport_c: rosidl_typesupport_fastrtps_c;rosidl_typesupport_introspection_c
-- Using all available rosidl_typesupport_cpp: rosidl_typesupport_fastrtps_cpp;rosidl_typesupport_introspection_cpp
-- Found rmw_implementation_cmake: 7.3.2 (/opt/ros/jazzy/share/rmw_implementation_cmake/cmake)
-- Found rmw_fastrtps_cpp: 8.4.2 (/opt/ros/jazzy/share/rmw_fastrtps_cpp/cmake)
-- Using RMW implementation 'rmw_fastrtps_cpp' as default
-- Found rclcpp_lifecycle: 28.1.8 (/opt/ros/jazzy/share/rclcpp_lifecycle/cmake)
-- Found hardware_interface: 4.27.0 (/opt/ros/jazzy/share/hardware_interface/cmake)
-- Found ament_lint_auto: 0.17.2 (/opt/ros/jazzy/share/ament_lint_auto/cmake)
-- Added test 'copyright' to check source files copyright and LICENSE
-- Added test 'cppcheck' to perform static code analysis on C / C++ code
-- Configured cppcheck include dirs: /home/muneeb/RoboFlexv2.0/brainswarm_ws/src/dynamixel_hardware/include
-- Configured cppcheck exclude dirs and/or files: 
-- Added test 'cpplint' to check C / C++ code against the Google style
-- Configured cpplint exclude dirs and/or files: 
-- Added test 'lint_cmake' to check CMake code style
-- Added test 'uncrustify' to check C / C++ code style
-- Configured uncrustify additional arguments: 
-- Added test 'xmllint' to check XML markup files
-- Configuring done (1.0s)
-- Generating done (0.0s)
-- Build files have been written to: /home/muneeb/RoboFlexv2.0/brainswarm_ws/build/dynamixel_hardware
[ 50%] [32mBuilding CXX object CMakeFiles/dynamixel_hardware.dir/src/dynamixel_hardware.cpp.o[0m
[100%] [32m[1mLinking CXX shared library libdynamixel_hardware.so[0m
[100%] Built target dynamixel_hardware
-- Install configuration: ""
-- Installing: /home/muneeb/RoboFlexv2.0/brainswarm_ws/install/dynamixel_hardware/share/dynamixel_hardware/dynamixel_hardware.xml
-- Installing: /home/muneeb/RoboFlexv2.0/brainswarm_ws/install/dynamixel_hardware/lib/libdynamixel_hardware.so
-- Set non-toolchain portion of runtime path of "/home/muneeb/RoboFlexv2.0/brainswarm_ws/install/dynamixel_hardware/lib/libdynamixel_hardware.so" to ""
-- Installing: /home/muneeb/RoboFlexv2.0/brainswarm_ws/install/dynamixel_hardware/include
-- Installing: /home/muneeb/RoboFlexv2.0/brainswarm_ws/install/dynamixel_hardware/include/dynamixel_hardware
-- Installing: /home/muneeb/RoboFlexv2.0/brainswarm_ws/install/dynamixel_hardware/include/dynamixel_hardware/dynamixel_hardware.hpp
-- Installing: /home/muneeb/RoboFlexv2.0/brainswarm_ws/install/dynamixel_hardware/include/dynamixel_hardware/visiblity_control.h
-- Installing: /home/muneeb/RoboFlexv2.0/brainswarm_ws/install/dynamixel_hardware/share/dynamixel_hardware/environment/library_path.sh
-- Installing: /home/muneeb/RoboFlexv2.0/brainswarm_ws/install/dynamixel_hardware/share/dynamixel_hardware/environment/library_path.dsv
-- Installing: /home/muneeb/RoboFlexv2.0/brainswarm_ws/install/dynamixel_hardware/share/ament_index/resource_index/package_run_dependencies/dynamixel_hardware
-- Installing: /home/muneeb/RoboFlexv2.0/brainswarm_ws/install/dynamixel_hardware/share/ament_index/resource_index/parent_prefix_path/dynamixel_hardware
-- Installing: /home/muneeb/RoboFlexv2.0/brainswarm_ws/install/dynamixel_hardware/share/dynamixel_hardware/environment/ament_prefix_path.sh
-- Installing: /home/muneeb/RoboFlexv2.0/brainswarm_ws/install/dynamixel_hardware/share/dynamixel_hardware/environment/ament_prefix_path.dsv
-- Installing: /home/muneeb/RoboFlexv2.0/brainswarm_ws/install/dynamixel_hardware/share/dynamixel_hardware/environment/path.sh
-- Installing: /home/muneeb/RoboFlexv2.0/brainswarm_ws/install/dynamixel_hardware/share/dynamixel_hardware/environment/path.dsv
-- Installing: /home/muneeb/RoboFlexv2.0/brainswarm_ws/install/dynamixel_hardware/share/dynamixel_hardware/local_setup.bash
-- Installing: /home/muneeb/RoboFlexv2.0/brainswarm_ws/install/dynamixel_hardware/share/dynamixel_hardware/local_setup.sh
-- Installing: /home/muneeb/RoboFlexv2.0/brainswarm_ws/install/dynamixel_hardware/share/dynamixel_hardware/local_setup.zsh
-- Installing: /home/muneeb/RoboFlexv2.0/brainswarm_ws/install/dynamixel_hardware/share/dynamixel_hardware/local_setup.dsv
-- Installing: /home/muneeb/RoboFlexv2.0/brainswarm_ws/install/dynamixel_hardware/share/dynamixel_hardware/package.dsv
-- Installing: /home/muneeb/RoboFlexv2.0/brainswarm_ws/install/dynamixel_hardware/share/ament_index/resource_index/packages/dynamixel_hardware
-- Installing: /home/muneeb/RoboFlexv2.0/brainswarm_ws/install/dynamixel_hardware/share/ament_index/resource_index/hardware_interface__pluginlib__plugin/dynamixel_hardware
-- Installing: /home/muneeb/RoboFlexv2.0/brainswarm_ws/install/dynamixel_hardware/share/dynamixel_hardware/cmake/ament_cmake_export_include_directories-extras.cmake
-- Installing: /home/muneeb/RoboFlexv2.0/brainswarm_ws/install/dynamixel_hardware/share/dynamixel_hardware/cmake/ament_cmake_export_libraries-extras.cmake
-- Installing: /home/muneeb/RoboFlexv2.0/brainswarm_ws/install/dynamixel_hardware/share/dynamixel_hardware/cmake/ament_cmake_export_dependencies-extras.cmake
-- Installing: /home/muneeb/RoboFlexv2.0/brainswarm_ws/install/dynamixel_hardware/share/dynamixel_hardware/cmake/dynamixel_hardwareConfig.cmake
-- Installing: /home/muneeb/RoboFlexv2.0/brainswarm_ws/install/dynamixel_hardware/share/dynamixel_hardware/cmake/dynamixel_hardwareConfig-version.cmake
-- Installing: /home/muneeb/RoboFlexv2.0/brainswarm_ws/install/dynamixel_hardware/share/dynamixel_hardware/package.xml
