[0.022s] Invoking command in '/home/muneeb/RoboFlexv2.0/brainswarm_ws/build/dynamixel_hardware': CMAKE_PREFIX_PATH=${CMAKE_PREFIX_PATH}:/opt/ros/jazzy DEBUGINFOD_URLS=https://debuginfod.neon.kde.org/ https://debuginfod.ubuntu.com/ /usr/bin/cmake /home/muneeb/RoboFlexv2.0/brainswarm_ws/src/dynamixel_hardware -DCMAKE_INSTALL_PREFIX=/home/muneeb/RoboFlexv2.0/brainswarm_ws/install/dynamixel_hardware
[0.036s] -- Found ament_cmake: 2.5.3 (/opt/ros/jazzy/share/ament_cmake/cmake)
[0.326s] -- Found rclcpp: 28.1.8 (/opt/ros/jazzy/share/rclcpp/cmake)
[0.359s] -- Found rosidl_generator_c: 4.6.5 (/opt/ros/jazzy/share/rosidl_generator_c/cmake)
[0.370s] -- Found rosidl_generator_cpp: 4.6.5 (/opt/ros/jazzy/share/rosidl_generator_cpp/cmake)
[0.383s] -- Using all available rosidl_typesupport_c: rosidl_typesupport_fastrtps_c;rosidl_typesupport_introspection_c
[0.400s] -- Using all available rosidl_typesupport_cpp: rosidl_typesupport_fastrtps_cpp;rosidl_typesupport_introspection_cpp
[0.473s] -- Found rmw_implementation_cmake: 7.3.2 (/opt/ros/jazzy/share/rmw_implementation_cmake/cmake)
[0.475s] -- Found rmw_fastrtps_cpp: 8.4.2 (/opt/ros/jazzy/share/rmw_fastrtps_cpp/cmake)
[0.559s] -- Using RMW implementation 'rmw_fastrtps_cpp' as default
[0.639s] -- Found rclcpp_lifecycle: 28.1.8 (/opt/ros/jazzy/share/rclcpp_lifecycle/cmake)
[0.673s] -- Found hardware_interface: 4.27.0 (/opt/ros/jazzy/share/hardware_interface/cmake)
[0.923s] -- Found ament_lint_auto: 0.17.2 (/opt/ros/jazzy/share/ament_lint_auto/cmake)
[1.059s] -- Added test 'copyright' to check source files copyright and LICENSE
[1.061s] -- Added test 'cppcheck' to perform static code analysis on C / C++ code
[1.061s] -- Configured cppcheck include dirs: /home/muneeb/RoboFlexv2.0/brainswarm_ws/src/dynamixel_hardware/include
[1.061s] -- Configured cppcheck exclude dirs and/or files: 
[1.062s] -- Added test 'cpplint' to check C / C++ code against the Google style
[1.062s] -- Configured cpplint exclude dirs and/or files: 
[1.063s] -- Added test 'lint_cmake' to check CMake code style
[1.065s] -- Added test 'uncrustify' to check C / C++ code style
[1.065s] -- Configured uncrustify additional arguments: 
[1.066s] -- Added test 'xmllint' to check XML markup files
[1.070s] -- Configuring done (1.0s)
[1.112s] -- Generating done (0.0s)
[1.121s] -- Build files have been written to: /home/muneeb/RoboFlexv2.0/brainswarm_ws/build/dynamixel_hardware
[1.134s] Invoked command in '/home/muneeb/RoboFlexv2.0/brainswarm_ws/build/dynamixel_hardware' returned '0': CMAKE_PREFIX_PATH=${CMAKE_PREFIX_PATH}:/opt/ros/jazzy DEBUGINFOD_URLS=https://debuginfod.neon.kde.org/ https://debuginfod.ubuntu.com/ /usr/bin/cmake /home/muneeb/RoboFlexv2.0/brainswarm_ws/src/dynamixel_hardware -DCMAKE_INSTALL_PREFIX=/home/muneeb/RoboFlexv2.0/brainswarm_ws/install/dynamixel_hardware
[1.135s] Invoking command in '/home/muneeb/RoboFlexv2.0/brainswarm_ws/build/dynamixel_hardware': CMAKE_PREFIX_PATH=${CMAKE_PREFIX_PATH}:/opt/ros/jazzy DEBUGINFOD_URLS=https://debuginfod.neon.kde.org/ https://debuginfod.ubuntu.com/ /usr/bin/cmake --build /home/muneeb/RoboFlexv2.0/brainswarm_ws/build/dynamixel_hardware -- -j8 -l8
[1.192s] [ 50%] [32mBuilding CXX object CMakeFiles/dynamixel_hardware.dir/src/dynamixel_hardware.cpp.o[0m
[11.701s] [100%] [32m[1mLinking CXX shared library libdynamixel_hardware.so[0m
[12.385s] [100%] Built target dynamixel_hardware
[12.397s] Invoked command in '/home/muneeb/RoboFlexv2.0/brainswarm_ws/build/dynamixel_hardware' returned '0': CMAKE_PREFIX_PATH=${CMAKE_PREFIX_PATH}:/opt/ros/jazzy DEBUGINFOD_URLS=https://debuginfod.neon.kde.org/ https://debuginfod.ubuntu.com/ /usr/bin/cmake --build /home/muneeb/RoboFlexv2.0/brainswarm_ws/build/dynamixel_hardware -- -j8 -l8
[12.399s] Invoking command in '/home/muneeb/RoboFlexv2.0/brainswarm_ws/build/dynamixel_hardware': CMAKE_PREFIX_PATH=${CMAKE_PREFIX_PATH}:/opt/ros/jazzy DEBUGINFOD_URLS=https://debuginfod.neon.kde.org/ https://debuginfod.ubuntu.com/ /usr/bin/cmake --install /home/muneeb/RoboFlexv2.0/brainswarm_ws/build/dynamixel_hardware
[12.407s] -- Install configuration: ""
[12.408s] -- Installing: /home/muneeb/RoboFlexv2.0/brainswarm_ws/install/dynamixel_hardware/share/dynamixel_hardware/dynamixel_hardware.xml
[12.408s] -- Installing: /home/muneeb/RoboFlexv2.0/brainswarm_ws/install/dynamixel_hardware/lib/libdynamixel_hardware.so
[12.414s] -- Set non-toolchain portion of runtime path of "/home/muneeb/RoboFlexv2.0/brainswarm_ws/install/dynamixel_hardware/lib/libdynamixel_hardware.so" to ""
[12.414s] -- Installing: /home/muneeb/RoboFlexv2.0/brainswarm_ws/install/dynamixel_hardware/include
[12.414s] -- Installing: /home/muneeb/RoboFlexv2.0/brainswarm_ws/install/dynamixel_hardware/include/dynamixel_hardware
[12.414s] -- Installing: /home/muneeb/RoboFlexv2.0/brainswarm_ws/install/dynamixel_hardware/include/dynamixel_hardware/dynamixel_hardware.hpp
[12.414s] -- Installing: /home/muneeb/RoboFlexv2.0/brainswarm_ws/install/dynamixel_hardware/include/dynamixel_hardware/visiblity_control.h
[12.414s] -- Installing: /home/muneeb/RoboFlexv2.0/brainswarm_ws/install/dynamixel_hardware/share/dynamixel_hardware/environment/library_path.sh
[12.414s] -- Installing: /home/muneeb/RoboFlexv2.0/brainswarm_ws/install/dynamixel_hardware/share/dynamixel_hardware/environment/library_path.dsv
[12.415s] -- Installing: /home/muneeb/RoboFlexv2.0/brainswarm_ws/install/dynamixel_hardware/share/ament_index/resource_index/package_run_dependencies/dynamixel_hardware
[12.415s] -- Installing: /home/muneeb/RoboFlexv2.0/brainswarm_ws/install/dynamixel_hardware/share/ament_index/resource_index/parent_prefix_path/dynamixel_hardware
[12.415s] -- Installing: /home/muneeb/RoboFlexv2.0/brainswarm_ws/install/dynamixel_hardware/share/dynamixel_hardware/environment/ament_prefix_path.sh
[12.415s] -- Installing: /home/muneeb/RoboFlexv2.0/brainswarm_ws/install/dynamixel_hardware/share/dynamixel_hardware/environment/ament_prefix_path.dsv
[12.415s] -- Installing: /home/muneeb/RoboFlexv2.0/brainswarm_ws/install/dynamixel_hardware/share/dynamixel_hardware/environment/path.sh
[12.415s] -- Installing: /home/muneeb/RoboFlexv2.0/brainswarm_ws/install/dynamixel_hardware/share/dynamixel_hardware/environment/path.dsv
[12.415s] -- Installing: /home/muneeb/RoboFlexv2.0/brainswarm_ws/install/dynamixel_hardware/share/dynamixel_hardware/local_setup.bash
[12.415s] -- Installing: /home/muneeb/RoboFlexv2.0/brainswarm_ws/install/dynamixel_hardware/share/dynamixel_hardware/local_setup.sh
[12.415s] -- Installing: /home/muneeb/RoboFlexv2.0/brainswarm_ws/install/dynamixel_hardware/share/dynamixel_hardware/local_setup.zsh
[12.416s] -- Installing: /home/muneeb/RoboFlexv2.0/brainswarm_ws/install/dynamixel_hardware/share/dynamixel_hardware/local_setup.dsv
[12.416s] -- Installing: /home/muneeb/RoboFlexv2.0/brainswarm_ws/install/dynamixel_hardware/share/dynamixel_hardware/package.dsv
[12.416s] -- Installing: /home/muneeb/RoboFlexv2.0/brainswarm_ws/install/dynamixel_hardware/share/ament_index/resource_index/packages/dynamixel_hardware
[12.416s] -- Installing: /home/muneeb/RoboFlexv2.0/brainswarm_ws/install/dynamixel_hardware/share/ament_index/resource_index/hardware_interface__pluginlib__plugin/dynamixel_hardware
[12.416s] -- Installing: /home/muneeb/RoboFlexv2.0/brainswarm_ws/install/dynamixel_hardware/share/dynamixel_hardware/cmake/ament_cmake_export_include_directories-extras.cmake
[12.416s] -- Installing: /home/muneeb/RoboFlexv2.0/brainswarm_ws/install/dynamixel_hardware/share/dynamixel_hardware/cmake/ament_cmake_export_libraries-extras.cmake
[12.417s] -- Installing: /home/muneeb/RoboFlexv2.0/brainswarm_ws/install/dynamixel_hardware/share/dynamixel_hardware/cmake/ament_cmake_export_dependencies-extras.cmake
[12.417s] -- Installing: /home/muneeb/RoboFlexv2.0/brainswarm_ws/install/dynamixel_hardware/share/dynamixel_hardware/cmake/dynamixel_hardwareConfig.cmake
[12.417s] -- Installing: /home/muneeb/RoboFlexv2.0/brainswarm_ws/install/dynamixel_hardware/share/dynamixel_hardware/cmake/dynamixel_hardwareConfig-version.cmake
[12.417s] -- Installing: /home/muneeb/RoboFlexv2.0/brainswarm_ws/install/dynamixel_hardware/share/dynamixel_hardware/package.xml
[12.419s] Invoked command in '/home/muneeb/RoboFlexv2.0/brainswarm_ws/build/dynamixel_hardware' returned '0': CMAKE_PREFIX_PATH=${CMAKE_PREFIX_PATH}:/opt/ros/jazzy DEBUGINFOD_URLS=https://debuginfod.neon.kde.org/ https://debuginfod.ubuntu.com/ /usr/bin/cmake --install /home/muneeb/RoboFlexv2.0/brainswarm_ws/build/dynamixel_hardware
