[0.033s] Invoking command in '/home/muneeb/RoboFlexv2.0/brainswarm_ws/build/srdfdom': CMAKE_PREFIX_PATH=${CMAKE_PREFIX_PATH}:/opt/ros/jazzy DEBUGINFOD_URLS=https://debuginfod.neon.kde.org/ https://debuginfod.ubuntu.com/ /usr/bin/cmake /home/muneeb/RoboFlexv2.0/brainswarm_ws/src/srdfdom-2.0.4 -DCMAKE_INSTALL_PREFIX=/home/muneeb/RoboFlexv2.0/brainswarm_ws/install/srdfdom
[0.093s] [31mCMake Error at /usr/share/cmake-3.30/Modules/CMakeDetermineSystem.cmake:218 (configure_file):
[0.094s]   No such file or directory
[0.094s] Call Stack (most recent call first):
[0.094s]   CMakeLists.txt:2 (project)
[0.094s] 
[0.094s] [0m
[0.428s] -- The CXX compiler identification is GNU 13.3.0
[0.504s] -- Detecting CXX compiler ABI info
[0.755s] -- Detecting CXX compiler ABI info - done
[0.799s] -- Check for working CXX compiler: /usr/bin/c++ - skipped
[0.803s] -- Detecting CXX compile features
[0.805s] -- Detecting CXX compile features - done
[0.815s] [33mCMake Warning (dev) at CMakeLists.txt:13 (find_package):
[0.815s]   Policy CMP0167 is not set: The FindBoost module is removed.  Run "cmake
[0.815s]   --help-policy CMP0167" for policy details.  Use the cmake_policy command to
[0.815s]   set the policy and suppress this warning.
[0.815s] 
[0.815s] This warning is for project developers.  Use -Wno-dev to suppress it.
[0.816s] [0m
[0.866s] -- Found Boost: /usr/lib/x86_64-linux-gnu/cmake/Boost-1.83.0/BoostConfig.cmake (found version "1.83.0")
[0.948s] -- Found ament_cmake: 2.5.3 (/opt/ros/jazzy/share/ament_cmake/cmake)
[1.777s] -- Found Python3: /usr/bin/python3 (found version "3.12.3") found components: Interpreter
[2.307s] -- Found urdf: 2.10.0 (/opt/ros/jazzy/share/urdf/cmake)
[2.499s] -- Found TinyXML2 via Config file: /usr/lib/x86_64-linux-gnu/cmake/tinyxml2
[2.540s] -- Found TinyXML2 via Config file: /usr/lib/x86_64-linux-gnu/cmake/tinyxml2
[2.906s] -- Found ament_cmake_gtest: 2.5.3 (/opt/ros/jazzy/share/ament_cmake_gtest/cmake)
[2.917s] -- Found ament_cmake_pytest: 2.5.3 (/opt/ros/jazzy/share/ament_cmake_pytest/cmake)
[4.037s] -- Found gtest sources under '/opt/ros/jazzy/src/gtest_vendor': C++ tests using 'Google Test' will be built
[4.136s] -- The C compiler identification is GNU 13.3.0
[4.152s] -- Detecting C compiler ABI info
[4.307s] -- Detecting C compiler ABI info - done
[4.341s] -- Check for working C compiler: /usr/bin/cc - skipped
[4.341s] -- Detecting C compile features
[4.345s] -- Detecting C compile features - done
[4.351s] -- Performing Test CMAKE_HAVE_LIBC_PTHREAD
[4.584s] -- Performing Test CMAKE_HAVE_LIBC_PTHREAD - Success
[4.585s] -- Found Threads: TRUE
[4.596s] -- Found ament_lint_auto: 0.17.2 (/opt/ros/jazzy/share/ament_lint_auto/cmake)
[4.627s] -- Configuring incomplete, errors occurred!
