[0.024s] Invoking command in '/home/muneeb/RoboFlexv2.0/brainswarm_ws/build/srdfdom': CMAKE_PREFIX_PATH=${CMAKE_PREFIX_PATH}:/opt/ros/jazzy DEBUGINFOD_URLS=https://debuginfod.neon.kde.org/ https://debuginfod.ubuntu.com/ /usr/bin/cmake --build /home/muneeb/RoboFlexv2.0/brainswarm_ws/build/srdfdom -- -j8 -l8
[0.088s] [  9%] [32mBuilding CXX object gtest/CMakeFiles/gtest_main.dir/src/gtest_main.cc.o[0m
[0.099s] [ 18%] [32mBuilding CXX object gtest/CMakeFiles/gtest.dir/src/gtest-all.cc.o[0m
[0.117s] [ 27%] [32mBuilding CXX object CMakeFiles/srdfdom.dir/src/model.cpp.o[0m
[0.141s] [ 36%] [32mBuilding CXX object CMakeFiles/srdfdom.dir/src/srdf_writer.cpp.o[0m
[0.145s] [ 36%] Built target ament_cmake_python_copy_srdfdom
[0.535s] running egg_info
[0.537s] creating srdfdom.egg-info
[0.587s] writing srdfdom.egg-info/PKG-INFO
[0.588s] writing dependency_links to srdfdom.egg-info/dependency_links.txt
[0.588s] writing top-level names to srdfdom.egg-info/top_level.txt
[0.588s] writing manifest file 'srdfdom.egg-info/SOURCES.txt'
[0.707s] reading manifest file 'srdfdom.egg-info/SOURCES.txt'
[0.707s] writing manifest file 'srdfdom.egg-info/SOURCES.txt'
[0.773s] [ 36%] Built target ament_cmake_python_build_srdfdom_egg
[1.191s] [ 45%] [32m[1mLinking CXX static library libgtest_main.a[0m
[1.229s] [ 45%] Built target gtest_main
[2.516s] [ 54%] [32m[1mLinking CXX shared library libsrdfdom.so[0m
[2.657s] [ 54%] Built target srdfdom
[4.320s] [ 63%] [32m[1mLinking CXX static library libgtest.a[0m
[4.381s] [ 63%] Built target gtest
[4.402s] [ 81%] [32mBuilding CXX object CMakeFiles/test_cpp_C.dir/test/test_parser.cpp.o[0m
[4.402s] [ 81%] [32mBuilding CXX object CMakeFiles/test_cpp_nl_NL.UTF-8.dir/test/test_parser.cpp.o[0m
[5.743s] [100%] [32m[1mLinking CXX executable test_cpp_C[0m
[5.743s] [100%] [32m[1mLinking CXX executable test_cpp_nl_NL.UTF-8[0m
[5.909s] [100%] Built target test_cpp_C
[5.915s] [100%] Built target test_cpp_nl_NL.UTF-8
