[ 18%] Built target gtest
[ 36%] Built target gtest_main
[ 63%] Built target srdfdom
[ 63%] Built target ament_cmake_python_copy_srdfdom
[ 81%] Built target test_cpp_nl_NL.UTF-8
[100%] Built target test_cpp_C
running egg_info
writing srdfdom.egg-info/PKG-INFO
writing dependency_links to srdfdom.egg-info/dependency_links.txt
writing top-level names to srdfdom.egg-info/top_level.txt
reading manifest file 'srdfdom.egg-info/SOURCES.txt'
writing manifest file 'srdfdom.egg-info/SOURCES.txt'
[100%] Built target ament_cmake_python_build_srdfdom_egg
-- Install configuration: ""
-- Installing: /home/muneeb/RoboFlexv2.0/brainswarm_ws/install/srdfdom/lib/libsrdfdom.so.2.0.4
-- Set non-toolchain portion of runtime path of "/home/muneeb/RoboFlexv2.0/brainswarm_ws/install/srdfdom/lib/libsrdfdom.so.2.0.4" to ""
-- Installing: /home/muneeb/RoboFlexv2.0/brainswarm_ws/install/srdfdom/lib/libsrdfdom.so
-- Installing: /home/muneeb/RoboFlexv2.0/brainswarm_ws/install/srdfdom/include/srdfdom
-- Installing: /home/muneeb/RoboFlexv2.0/brainswarm_ws/install/srdfdom/include/srdfdom/model.h
-- Installing: /home/muneeb/RoboFlexv2.0/brainswarm_ws/install/srdfdom/include/srdfdom/srdf_writer.h
-- Installing: /home/muneeb/RoboFlexv2.0/brainswarm_ws/install/srdfdom/include/srdfdom/visibility_control.h
-- Installing: /home/muneeb/RoboFlexv2.0/brainswarm_ws/install/srdfdom/lib/srdfdom/display_srdf
-- Installing: /home/muneeb/RoboFlexv2.0/brainswarm_ws/install/srdfdom/share/srdfdom/environment/pythonpath.sh
-- Installing: /home/muneeb/RoboFlexv2.0/brainswarm_ws/install/srdfdom/share/srdfdom/environment/pythonpath.dsv
-- Installing: /home/muneeb/RoboFlexv2.0/brainswarm_ws/install/srdfdom/lib/python3.12/site-packages/srdfdom-2.0.4-py3.12.egg-info
-- Installing: /home/muneeb/RoboFlexv2.0/brainswarm_ws/install/srdfdom/lib/python3.12/site-packages/srdfdom-2.0.4-py3.12.egg-info/top_level.txt
-- Installing: /home/muneeb/RoboFlexv2.0/brainswarm_ws/install/srdfdom/lib/python3.12/site-packages/srdfdom-2.0.4-py3.12.egg-info/PKG-INFO
-- Installing: /home/muneeb/RoboFlexv2.0/brainswarm_ws/install/srdfdom/lib/python3.12/site-packages/srdfdom-2.0.4-py3.12.egg-info/dependency_links.txt
-- Installing: /home/muneeb/RoboFlexv2.0/brainswarm_ws/install/srdfdom/lib/python3.12/site-packages/srdfdom-2.0.4-py3.12.egg-info/SOURCES.txt
-- Installing: /home/muneeb/RoboFlexv2.0/brainswarm_ws/install/srdfdom/lib/python3.12/site-packages/srdfdom
-- Installing: /home/muneeb/RoboFlexv2.0/brainswarm_ws/install/srdfdom/lib/python3.12/site-packages/srdfdom/srdf.py
-- Installing: /home/muneeb/RoboFlexv2.0/brainswarm_ws/install/srdfdom/lib/python3.12/site-packages/srdfdom/__init__.py
Listing '/home/muneeb/RoboFlexv2.0/brainswarm_ws/install/srdfdom/lib/python3.12/site-packages/srdfdom'...
Compiling '/home/muneeb/RoboFlexv2.0/brainswarm_ws/install/srdfdom/lib/python3.12/site-packages/srdfdom/__init__.py'...
Compiling '/home/muneeb/RoboFlexv2.0/brainswarm_ws/install/srdfdom/lib/python3.12/site-packages/srdfdom/srdf.py'...
-- Installing: /home/muneeb/RoboFlexv2.0/brainswarm_ws/install/srdfdom/share/srdfdom/environment/library_path.sh
-- Installing: /home/muneeb/RoboFlexv2.0/brainswarm_ws/install/srdfdom/share/srdfdom/environment/library_path.dsv
-- Installing: /home/muneeb/RoboFlexv2.0/brainswarm_ws/install/srdfdom/share/ament_index/resource_index/package_run_dependencies/srdfdom
-- Installing: /home/muneeb/RoboFlexv2.0/brainswarm_ws/install/srdfdom/share/ament_index/resource_index/parent_prefix_path/srdfdom
-- Installing: /home/muneeb/RoboFlexv2.0/brainswarm_ws/install/srdfdom/share/srdfdom/environment/ament_prefix_path.sh
-- Installing: /home/muneeb/RoboFlexv2.0/brainswarm_ws/install/srdfdom/share/srdfdom/environment/ament_prefix_path.dsv
-- Installing: /home/muneeb/RoboFlexv2.0/brainswarm_ws/install/srdfdom/share/srdfdom/environment/path.sh
-- Installing: /home/muneeb/RoboFlexv2.0/brainswarm_ws/install/srdfdom/share/srdfdom/environment/path.dsv
-- Installing: /home/muneeb/RoboFlexv2.0/brainswarm_ws/install/srdfdom/share/srdfdom/local_setup.bash
-- Installing: /home/muneeb/RoboFlexv2.0/brainswarm_ws/install/srdfdom/share/srdfdom/local_setup.sh
-- Installing: /home/muneeb/RoboFlexv2.0/brainswarm_ws/install/srdfdom/share/srdfdom/local_setup.zsh
-- Installing: /home/muneeb/RoboFlexv2.0/brainswarm_ws/install/srdfdom/share/srdfdom/local_setup.dsv
-- Installing: /home/muneeb/RoboFlexv2.0/brainswarm_ws/install/srdfdom/share/srdfdom/package.dsv
-- Installing: /home/muneeb/RoboFlexv2.0/brainswarm_ws/install/srdfdom/share/ament_index/resource_index/packages/srdfdom
-- Installing: /home/muneeb/RoboFlexv2.0/brainswarm_ws/install/srdfdom/share/srdfdom/cmake/srdfdomTargetsExport.cmake
-- Installing: /home/muneeb/RoboFlexv2.0/brainswarm_ws/install/srdfdom/share/srdfdom/cmake/srdfdomTargetsExport-noconfig.cmake
-- Installing: /home/muneeb/RoboFlexv2.0/brainswarm_ws/install/srdfdom/share/srdfdom/cmake/ament_cmake_export_targets-extras.cmake
-- Installing: /home/muneeb/RoboFlexv2.0/brainswarm_ws/install/srdfdom/share/srdfdom/cmake/ament_cmake_export_dependencies-extras.cmake
-- Installing: /home/muneeb/RoboFlexv2.0/brainswarm_ws/install/srdfdom/share/srdfdom/cmake/srdfdomConfig.cmake
-- Installing: /home/muneeb/RoboFlexv2.0/brainswarm_ws/install/srdfdom/share/srdfdom/cmake/srdfdomConfig-version.cmake
-- Installing: /home/muneeb/RoboFlexv2.0/brainswarm_ws/install/srdfdom/share/srdfdom/package.xml
