[0.024s] Invoking command in '/home/muneeb/RoboFlexv2.0/brainswarm_ws/build/bras_robot_description': CMAKE_PREFIX_PATH=${CMAKE_PREFIX_PATH}:/opt/ros/jazzy DEBUGINFOD_URLS=https://debuginfod.neon.kde.org/ https://debuginfod.ubuntu.com/ /usr/bin/cmake /home/muneeb/RoboFlexv2.0/brainswarm_ws/src/bras_robot_description -DCMAKE_INSTALL_PREFIX=/home/muneeb/RoboFlexv2.0/brainswarm_ws/install/bras_robot_description
[0.104s] [31mCMake Error at /usr/share/cmake-3.30/Modules/CMakeDetermineSystem.cmake:218 (configure_file):
[0.104s]   No such file or directory
[0.104s] Call Stack (most recent call first):
[0.104s]   CMakeLists.txt:2 (project)
[0.105s] 
[0.105s] [0m
[0.391s] -- The C compiler identification is GNU 13.3.0
[0.671s] -- The CXX compiler identification is GNU 13.3.0
[0.716s] -- Detecting C compiler ABI info
[0.958s] -- Detecting C compiler ABI info - done
[0.999s] -- Check for working C compiler: /usr/bin/cc - skipped
[0.999s] -- Detecting C compile features
[0.999s] -- Detecting C compile features - done
[1.007s] -- Detecting CXX compiler ABI info
[1.233s] -- Detecting CXX compiler ABI info - done
[1.309s] -- Check for working CXX compiler: /usr/bin/c++ - skipped
[1.309s] -- Detecting CXX compile features
[1.312s] -- Detecting CXX compile features - done
[1.325s] -- Found ament_cmake: 2.5.3 (/opt/ros/jazzy/share/ament_cmake/cmake)
[2.035s] -- Found Python3: /usr/bin/python3 (found version "3.12.3") found components: Interpreter
[2.386s] -- Found ament_lint_auto: 0.17.2 (/opt/ros/jazzy/share/ament_lint_auto/cmake)
[2.715s] -- Added test 'copyright' to check source files copyright and LICENSE
[2.748s] -- Added test 'flake8' to check Python code syntax and style conventions
[2.749s] -- Configured 'flake8' exclude dirs and/or files: 
[2.755s] -- Added test 'lint_cmake' to check CMake code style
[2.757s] -- Added test 'pep257' to check Python code against some of the docstring style conventions in PEP 257
[2.774s] -- Added test 'xmllint' to check XML markup files
[2.776s] -- Configuring incomplete, errors occurred!
[2.825s] Invoked command in '/home/muneeb/RoboFlexv2.0/brainswarm_ws/build/bras_robot_description' returned '1': CMAKE_PREFIX_PATH=${CMAKE_PREFIX_PATH}:/opt/ros/jazzy DEBUGINFOD_URLS=https://debuginfod.neon.kde.org/ https://debuginfod.ubuntu.com/ /usr/bin/cmake /home/muneeb/RoboFlexv2.0/brainswarm_ws/src/bras_robot_description -DCMAKE_INSTALL_PREFIX=/home/muneeb/RoboFlexv2.0/brainswarm_ws/install/bras_robot_description
