[0.022s] Invoking command in '/home/muneeb/RoboFlexv2.0/brainswarm_ws/build/bras_robot_description': CMAKE_PREFIX_PATH=${CMAKE_PREFIX_PATH}:/opt/ros/jazzy DEBUGINFOD_URLS=https://debuginfod.neon.kde.org/ https://debuginfod.ubuntu.com/ /usr/bin/cmake /home/muneeb/RoboFlexv2.0/brainswarm_ws/src/bras_robot_description -DCMAKE_INSTALL_PREFIX=/home/muneeb/RoboFlexv2.0/brainswarm_ws/install/bras_robot_description
[0.330s] -- The C compiler identification is GNU 13.3.0
[0.691s] -- The CXX compiler identification is GNU 13.3.0
[0.734s] -- Detecting C compiler ABI info
[0.988s] -- Detecting C compiler ABI info - done
[1.051s] -- Check for working C compiler: /usr/bin/cc - skipped
[1.053s] -- Detecting C compile features
[1.054s] -- Detecting C compile features - done
[1.064s] -- Detecting CXX compiler ABI info
[1.306s] -- Detecting CXX compiler ABI info - done
[1.377s] -- Check for working CXX compiler: /usr/bin/c++ - skipped
[1.381s] -- Detecting CXX compile features
[1.382s] -- Detecting CXX compile features - done
[1.395s] -- Found ament_cmake: 2.5.3 (/opt/ros/jazzy/share/ament_cmake/cmake)
[2.076s] -- Found Python3: /usr/bin/python3 (found version "3.12.3") found components: Interpreter
[2.364s] -- Found ament_lint_auto: 0.17.2 (/opt/ros/jazzy/share/ament_lint_auto/cmake)
[2.692s] -- Added test 'copyright' to check source files copyright and LICENSE
[2.742s] -- Added test 'flake8' to check Python code syntax and style conventions
[2.743s] -- Configured 'flake8' exclude dirs and/or files: 
[2.745s] -- Added test 'lint_cmake' to check CMake code style
[2.755s] -- Added test 'pep257' to check Python code against some of the docstring style conventions in PEP 257
[2.763s] -- Added test 'xmllint' to check XML markup files
[2.771s] -- Configuring done (2.7s)
[2.776s] -- Generating done (0.0s)
[2.786s] -- Build files have been written to: /home/muneeb/RoboFlexv2.0/brainswarm_ws/build/bras_robot_description
[2.806s] Invoked command in '/home/muneeb/RoboFlexv2.0/brainswarm_ws/build/bras_robot_description' returned '0': CMAKE_PREFIX_PATH=${CMAKE_PREFIX_PATH}:/opt/ros/jazzy DEBUGINFOD_URLS=https://debuginfod.neon.kde.org/ https://debuginfod.ubuntu.com/ /usr/bin/cmake /home/muneeb/RoboFlexv2.0/brainswarm_ws/src/bras_robot_description -DCMAKE_INSTALL_PREFIX=/home/muneeb/RoboFlexv2.0/brainswarm_ws/install/bras_robot_description
[2.806s] Invoking command in '/home/muneeb/RoboFlexv2.0/brainswarm_ws/build/bras_robot_description': CMAKE_PREFIX_PATH=${CMAKE_PREFIX_PATH}:/opt/ros/jazzy DEBUGINFOD_URLS=https://debuginfod.neon.kde.org/ https://debuginfod.ubuntu.com/ /usr/bin/cmake --build /home/muneeb/RoboFlexv2.0/brainswarm_ws/build/bras_robot_description -- -j8 -l8
[2.844s] gmake: Makefile: No such file or directory
[2.844s] gmake: *** No rule to make target 'Makefile'.  Stop.
[2.852s] Invoked command in '/home/muneeb/RoboFlexv2.0/brainswarm_ws/build/bras_robot_description' returned '2': CMAKE_PREFIX_PATH=${CMAKE_PREFIX_PATH}:/opt/ros/jazzy DEBUGINFOD_URLS=https://debuginfod.neon.kde.org/ https://debuginfod.ubuntu.com/ /usr/bin/cmake --build /home/muneeb/RoboFlexv2.0/brainswarm_ws/build/bras_robot_description -- -j8 -l8
