-- Found ament_cmake: 2.5.3 (/opt/ros/jazzy/share/ament_cmake/cmake)
-- Found rclcpp: 28.1.8 (/opt/ros/jazzy/share/rclcpp/cmake)
-- Found rosidl_generator_c: 4.6.5 (/opt/ros/jazzy/share/rosidl_generator_c/cmake)
-- Found rosidl_generator_cpp: 4.6.5 (/opt/ros/jazzy/share/rosidl_generator_cpp/cmake)
-- Using all available rosidl_typesupport_c: rosidl_typesupport_fastrtps_c;rosidl_typesupport_introspection_c
-- Using all available rosidl_typesupport_cpp: rosidl_typesupport_fastrtps_cpp;rosidl_typesupport_introspection_cpp
-- Found rmw_implementation_cmake: 7.3.2 (/opt/ros/jazzy/share/rmw_implementation_cmake/cmake)
-- Found rmw_fastrtps_cpp: 8.4.2 (/opt/ros/jazzy/share/rmw_fastrtps_cpp/cmake)
-- Using RMW implementation 'rmw_fastrtps_cpp' as default
-- Found rclcpp_lifecycle: 28.1.8 (/opt/ros/jazzy/share/rclcpp_lifecycle/cmake)
-- Found hardware_interface: 4.27.0 (/opt/ros/jazzy/share/hardware_interface/cmake)
[31mCMake Error at CMakeLists.txt:25 (find_package):
  By not providing "Finddynamixel_workbench_toolbox.cmake" in
  CMAKE_MODULE_PATH this project has asked CMake to find a package
  configuration file provided by "dynamixel_workbench_toolbox", but CMake did
  not find one.

  Could not find a package configuration file provided by
  "dynamixel_workbench_toolbox" with any of the following names:

    dynamixel_workbench_toolboxConfig.cmake
    dynamixel_workbench_toolbox-config.cmake

  Add the installation prefix of "dynamixel_workbench_toolbox" to
  CMAKE_PREFIX_PATH or set "dynamixel_workbench_toolbox_DIR" to a directory
  containing one of the above files.  If "dynamixel_workbench_toolbox"
  provides a separate development package or SDK, be sure it has been
  installed.

[0m
-- Configuring incomplete, errors occurred!
