[0.117s] DEBUG:colcon:Command line arguments: ['/usr/bin/colcon', 'build']
[0.117s] DEBUG:colcon:Parsed command line arguments: Namespace(log_base=None, log_level=None, verb_name='build', build_base='build', install_base='install', merge_install=False, symlink_install=False, test_result_base=None, continue_on_error=False, executor='parallel', parallel_workers=8, event_handlers=None, ignore_user_meta=False, metas=['./colcon.meta'], base_paths=['.'], packages_ignore=None, packages_ignore_regex=None, paths=None, packages_up_to=None, packages_up_to_regex=None, packages_above=None, packages_above_and_dependencies=None, packages_above_depth=None, packages_select_by_dep=None, packages_skip_by_dep=None, packages_skip_up_to=None, packages_select_build_failed=False, packages_skip_build_finished=False, packages_select_test_failures=False, packages_skip_test_passed=False, packages_select=None, packages_skip=None, packages_select_regex=None, packages_skip_regex=None, packages_start=None, packages_end=None, allow_overriding=[], cmake_args=None, cmake_target=None, cmake_target_skip_unavailable=False, cmake_clean_cache=False, cmake_clean_first=False, cmake_force_configure=False, ament_cmake_args=None, catkin_cmake_args=None, catkin_skip_building_tests=False, mixin_files=None, mixin=None, verb_parser=<colcon_mixin.mixin.mixin_argument.MixinArgumentDecorator object at 0x789748eb1160>, verb_extension=<colcon_core.verb.build.BuildVerb object at 0x789748fdd820>, main=<bound method BuildVerb.main of <colcon_core.verb.build.BuildVerb object at 0x789748fdd820>>, mixin_verb=('build',))
[0.158s] Level 1:colcon.colcon_core.package_discovery:discover_packages(colcon_meta) check parameters
[0.158s] Level 1:colcon.colcon_core.package_discovery:discover_packages(recursive) check parameters
[0.158s] Level 1:colcon.colcon_core.package_discovery:discover_packages(ignore) check parameters
[0.158s] Level 1:colcon.colcon_core.package_discovery:discover_packages(path) check parameters
[0.158s] Level 1:colcon.colcon_core.package_discovery:discover_packages(colcon_meta) discover
[0.158s] Level 1:colcon.colcon_core.package_discovery:discover_packages(recursive) discover
[0.158s] INFO:colcon.colcon_core.package_discovery:Crawling recursively for packages in '/home/muneeb/RoboFlexv2.0/brainswarm_ws'
[0.158s] Level 1:colcon.colcon_core.package_identification:_identify(.) by extensions ['ignore', 'ignore_ament_install']
[0.158s] Level 1:colcon.colcon_core.package_identification:_identify(.) by extension 'ignore'
[0.158s] Level 1:colcon.colcon_core.package_identification:_identify(.) by extension 'ignore_ament_install'
[0.158s] Level 1:colcon.colcon_core.package_identification:_identify(.) by extensions ['colcon_pkg']
[0.158s] Level 1:colcon.colcon_core.package_identification:_identify(.) by extension 'colcon_pkg'
[0.158s] Level 1:colcon.colcon_core.package_identification:_identify(.) by extensions ['colcon_meta']
[0.158s] Level 1:colcon.colcon_core.package_identification:_identify(.) by extension 'colcon_meta'
[0.158s] Level 1:colcon.colcon_core.package_identification:_identify(.) by extensions ['ros']
[0.158s] Level 1:colcon.colcon_core.package_identification:_identify(.) by extension 'ros'
[0.186s] Level 1:colcon.colcon_core.package_identification:_identify(.) by extensions ['cmake', 'python']
[0.186s] Level 1:colcon.colcon_core.package_identification:_identify(.) by extension 'cmake'
[0.186s] Level 1:colcon.colcon_core.package_identification:_identify(.) by extension 'python'
[0.187s] Level 1:colcon.colcon_core.package_identification:_identify(.) by extensions ['python_setup_py']
[0.187s] Level 1:colcon.colcon_core.package_identification:_identify(.) by extension 'python_setup_py'
[0.187s] Level 1:colcon.colcon_core.package_identification:_identify(build) by extensions ['ignore', 'ignore_ament_install']
[0.187s] Level 1:colcon.colcon_core.package_identification:_identify(build) by extension 'ignore'
[0.187s] Level 1:colcon.colcon_core.package_identification:_identify(build) ignored
[0.187s] Level 1:colcon.colcon_core.package_identification:_identify(install) by extensions ['ignore', 'ignore_ament_install']
[0.187s] Level 1:colcon.colcon_core.package_identification:_identify(install) by extension 'ignore'
[0.187s] Level 1:colcon.colcon_core.package_identification:_identify(install) ignored
[0.187s] Level 1:colcon.colcon_core.package_identification:_identify(log) by extensions ['ignore', 'ignore_ament_install']
[0.187s] Level 1:colcon.colcon_core.package_identification:_identify(log) by extension 'ignore'
[0.187s] Level 1:colcon.colcon_core.package_identification:_identify(log) ignored
[0.187s] Level 1:colcon.colcon_core.package_identification:_identify(src) by extensions ['ignore', 'ignore_ament_install']
[0.188s] Level 1:colcon.colcon_core.package_identification:_identify(src) by extension 'ignore'
[0.188s] Level 1:colcon.colcon_core.package_identification:_identify(src) by extension 'ignore_ament_install'
[0.188s] Level 1:colcon.colcon_core.package_identification:_identify(src) by extensions ['colcon_pkg']
[0.188s] Level 1:colcon.colcon_core.package_identification:_identify(src) by extension 'colcon_pkg'
[0.188s] Level 1:colcon.colcon_core.package_identification:_identify(src) by extensions ['colcon_meta']
[0.188s] Level 1:colcon.colcon_core.package_identification:_identify(src) by extension 'colcon_meta'
[0.188s] Level 1:colcon.colcon_core.package_identification:_identify(src) by extensions ['ros']
[0.188s] Level 1:colcon.colcon_core.package_identification:_identify(src) by extension 'ros'
[0.188s] Level 1:colcon.colcon_core.package_identification:_identify(src) by extensions ['cmake', 'python']
[0.188s] Level 1:colcon.colcon_core.package_identification:_identify(src) by extension 'cmake'
[0.188s] Level 1:colcon.colcon_core.package_identification:_identify(src) by extension 'python'
[0.188s] Level 1:colcon.colcon_core.package_identification:_identify(src) by extensions ['python_setup_py']
[0.188s] Level 1:colcon.colcon_core.package_identification:_identify(src) by extension 'python_setup_py'
[0.188s] Level 1:colcon.colcon_core.package_identification:_identify(src/bras_robot_description) by extensions ['ignore', 'ignore_ament_install']
[0.188s] Level 1:colcon.colcon_core.package_identification:_identify(src/bras_robot_description) by extension 'ignore'
[0.188s] Level 1:colcon.colcon_core.package_identification:_identify(src/bras_robot_description) by extension 'ignore_ament_install'
[0.188s] Level 1:colcon.colcon_core.package_identification:_identify(src/bras_robot_description) by extensions ['colcon_pkg']
[0.188s] Level 1:colcon.colcon_core.package_identification:_identify(src/bras_robot_description) by extension 'colcon_pkg'
[0.189s] Level 1:colcon.colcon_core.package_identification:_identify(src/bras_robot_description) by extensions ['colcon_meta']
[0.189s] Level 1:colcon.colcon_core.package_identification:_identify(src/bras_robot_description) by extension 'colcon_meta'
[0.189s] Level 1:colcon.colcon_core.package_identification:_identify(src/bras_robot_description) by extensions ['ros']
[0.189s] Level 1:colcon.colcon_core.package_identification:_identify(src/bras_robot_description) by extension 'ros'
[0.191s] DEBUG:colcon.colcon_core.package_identification:Package 'src/bras_robot_description' with type 'ros.ament_cmake' and name 'bras_robot_description'
[0.191s] Level 1:colcon.colcon_core.package_identification:_identify(src/dynamixel_hardware) by extensions ['ignore', 'ignore_ament_install']
[0.191s] Level 1:colcon.colcon_core.package_identification:_identify(src/dynamixel_hardware) by extension 'ignore'
[0.191s] Level 1:colcon.colcon_core.package_identification:_identify(src/dynamixel_hardware) by extension 'ignore_ament_install'
[0.191s] Level 1:colcon.colcon_core.package_identification:_identify(src/dynamixel_hardware) by extensions ['colcon_pkg']
[0.191s] Level 1:colcon.colcon_core.package_identification:_identify(src/dynamixel_hardware) by extension 'colcon_pkg'
[0.192s] Level 1:colcon.colcon_core.package_identification:_identify(src/dynamixel_hardware) by extensions ['colcon_meta']
[0.192s] Level 1:colcon.colcon_core.package_identification:_identify(src/dynamixel_hardware) by extension 'colcon_meta'
[0.192s] Level 1:colcon.colcon_core.package_identification:_identify(src/dynamixel_hardware) by extensions ['ros']
[0.192s] Level 1:colcon.colcon_core.package_identification:_identify(src/dynamixel_hardware) by extension 'ros'
[0.192s] DEBUG:colcon.colcon_core.package_identification:Package 'src/dynamixel_hardware' with type 'ros.ament_cmake' and name 'dynamixel_hardware'
[0.193s] Level 1:colcon.colcon_core.package_identification:_identify(src/roboflex_description) by extensions ['ignore', 'ignore_ament_install']
[0.193s] Level 1:colcon.colcon_core.package_identification:_identify(src/roboflex_description) by extension 'ignore'
[0.193s] Level 1:colcon.colcon_core.package_identification:_identify(src/roboflex_description) by extension 'ignore_ament_install'
[0.193s] Level 1:colcon.colcon_core.package_identification:_identify(src/roboflex_description) by extensions ['colcon_pkg']
[0.193s] Level 1:colcon.colcon_core.package_identification:_identify(src/roboflex_description) by extension 'colcon_pkg'
[0.193s] Level 1:colcon.colcon_core.package_identification:_identify(src/roboflex_description) by extensions ['colcon_meta']
[0.193s] Level 1:colcon.colcon_core.package_identification:_identify(src/roboflex_description) by extension 'colcon_meta'
[0.193s] Level 1:colcon.colcon_core.package_identification:_identify(src/roboflex_description) by extensions ['ros']
[0.193s] Level 1:colcon.colcon_core.package_identification:_identify(src/roboflex_description) by extension 'ros'
[0.193s] DEBUG:colcon.colcon_core.package_identification:Package 'src/roboflex_description' with type 'ros.ament_cmake' and name 'roboflex_description'
[0.193s] Level 1:colcon.colcon_core.package_identification:_identify(src/roboflex_moveit_config) by extensions ['ignore', 'ignore_ament_install']
[0.194s] Level 1:colcon.colcon_core.package_identification:_identify(src/roboflex_moveit_config) by extension 'ignore'
[0.194s] Level 1:colcon.colcon_core.package_identification:_identify(src/roboflex_moveit_config) by extension 'ignore_ament_install'
[0.194s] Level 1:colcon.colcon_core.package_identification:_identify(src/roboflex_moveit_config) by extensions ['colcon_pkg']
[0.194s] Level 1:colcon.colcon_core.package_identification:_identify(src/roboflex_moveit_config) by extension 'colcon_pkg'
[0.194s] Level 1:colcon.colcon_core.package_identification:_identify(src/roboflex_moveit_config) by extensions ['colcon_meta']
[0.194s] Level 1:colcon.colcon_core.package_identification:_identify(src/roboflex_moveit_config) by extension 'colcon_meta'
[0.194s] Level 1:colcon.colcon_core.package_identification:_identify(src/roboflex_moveit_config) by extensions ['ros']
[0.194s] Level 1:colcon.colcon_core.package_identification:_identify(src/roboflex_moveit_config) by extension 'ros'
[0.195s] DEBUG:colcon.colcon_core.package_identification:Package 'src/roboflex_moveit_config' with type 'ros.ament_cmake' and name 'roboflex_moveit_config'
[0.195s] Level 1:colcon.colcon_core.package_identification:_identify(src/srdfdom-2.0.4) by extensions ['ignore', 'ignore_ament_install']
[0.195s] Level 1:colcon.colcon_core.package_identification:_identify(src/srdfdom-2.0.4) by extension 'ignore'
[0.195s] Level 1:colcon.colcon_core.package_identification:_identify(src/srdfdom-2.0.4) by extension 'ignore_ament_install'
[0.195s] Level 1:colcon.colcon_core.package_identification:_identify(src/srdfdom-2.0.4) by extensions ['colcon_pkg']
[0.195s] Level 1:colcon.colcon_core.package_identification:_identify(src/srdfdom-2.0.4) by extension 'colcon_pkg'
[0.195s] Level 1:colcon.colcon_core.package_identification:_identify(src/srdfdom-2.0.4) by extensions ['colcon_meta']
[0.195s] Level 1:colcon.colcon_core.package_identification:_identify(src/srdfdom-2.0.4) by extension 'colcon_meta'
[0.195s] Level 1:colcon.colcon_core.package_identification:_identify(src/srdfdom-2.0.4) by extensions ['ros']
[0.195s] Level 1:colcon.colcon_core.package_identification:_identify(src/srdfdom-2.0.4) by extension 'ros'
[0.196s] DEBUG:colcon.colcon_core.package_identification:Package 'src/srdfdom-2.0.4' with type 'ros.ament_cmake' and name 'srdfdom'
[0.196s] Level 1:colcon.colcon_core.package_discovery:discover_packages(recursive) using defaults
[0.196s] Level 1:colcon.colcon_core.package_discovery:discover_packages(ignore) discover
[0.196s] Level 1:colcon.colcon_core.package_discovery:discover_packages(ignore) using defaults
[0.196s] Level 1:colcon.colcon_core.package_discovery:discover_packages(path) discover
[0.196s] Level 1:colcon.colcon_core.package_discovery:discover_packages(path) using defaults
[0.216s] Level 1:colcon.colcon_core.package_discovery:discover_packages(prefix_path) check parameters
[0.216s] Level 1:colcon.colcon_core.package_discovery:discover_packages(prefix_path) discover
[0.218s] DEBUG:colcon.colcon_installed_package_information.package_discovery:Found 5 installed packages in /home/muneeb/RoboFlexv2.0/brainswarm_ws/install
[0.220s] DEBUG:colcon.colcon_installed_package_information.package_discovery:Found 366 installed packages in /opt/ros/jazzy
[0.222s] Level 1:colcon.colcon_core.package_discovery:discover_packages(prefix_path) using defaults
[0.284s] Level 5:colcon.colcon_core.verb:set package 'bras_robot_description' build argument 'cmake_args' from command line to 'None'
[0.284s] Level 5:colcon.colcon_core.verb:set package 'bras_robot_description' build argument 'cmake_target' from command line to 'None'
[0.284s] Level 5:colcon.colcon_core.verb:set package 'bras_robot_description' build argument 'cmake_target_skip_unavailable' from command line to 'False'
[0.284s] Level 5:colcon.colcon_core.verb:set package 'bras_robot_description' build argument 'cmake_clean_cache' from command line to 'False'
[0.284s] Level 5:colcon.colcon_core.verb:set package 'bras_robot_description' build argument 'cmake_clean_first' from command line to 'False'
[0.284s] Level 5:colcon.colcon_core.verb:set package 'bras_robot_description' build argument 'cmake_force_configure' from command line to 'False'
[0.284s] Level 5:colcon.colcon_core.verb:set package 'bras_robot_description' build argument 'ament_cmake_args' from command line to 'None'
[0.284s] Level 5:colcon.colcon_core.verb:set package 'bras_robot_description' build argument 'catkin_cmake_args' from command line to 'None'
[0.284s] Level 5:colcon.colcon_core.verb:set package 'bras_robot_description' build argument 'catkin_skip_building_tests' from command line to 'False'
[0.284s] DEBUG:colcon.colcon_core.verb:Building package 'bras_robot_description' with the following arguments: {'ament_cmake_args': None, 'build_base': '/home/muneeb/RoboFlexv2.0/brainswarm_ws/build/bras_robot_description', 'catkin_cmake_args': None, 'catkin_skip_building_tests': False, 'cmake_args': None, 'cmake_clean_cache': False, 'cmake_clean_first': False, 'cmake_force_configure': False, 'cmake_target': None, 'cmake_target_skip_unavailable': False, 'install_base': '/home/muneeb/RoboFlexv2.0/brainswarm_ws/install/bras_robot_description', 'merge_install': False, 'path': '/home/muneeb/RoboFlexv2.0/brainswarm_ws/src/bras_robot_description', 'symlink_install': False, 'test_result_base': None}
[0.285s] Level 5:colcon.colcon_core.verb:set package 'dynamixel_hardware' build argument 'cmake_args' from command line to 'None'
[0.285s] Level 5:colcon.colcon_core.verb:set package 'dynamixel_hardware' build argument 'cmake_target' from command line to 'None'
[0.285s] Level 5:colcon.colcon_core.verb:set package 'dynamixel_hardware' build argument 'cmake_target_skip_unavailable' from command line to 'False'
[0.285s] Level 5:colcon.colcon_core.verb:set package 'dynamixel_hardware' build argument 'cmake_clean_cache' from command line to 'False'
[0.285s] Level 5:colcon.colcon_core.verb:set package 'dynamixel_hardware' build argument 'cmake_clean_first' from command line to 'False'
[0.285s] Level 5:colcon.colcon_core.verb:set package 'dynamixel_hardware' build argument 'cmake_force_configure' from command line to 'False'
[0.285s] Level 5:colcon.colcon_core.verb:set package 'dynamixel_hardware' build argument 'ament_cmake_args' from command line to 'None'
[0.285s] Level 5:colcon.colcon_core.verb:set package 'dynamixel_hardware' build argument 'catkin_cmake_args' from command line to 'None'
[0.285s] Level 5:colcon.colcon_core.verb:set package 'dynamixel_hardware' build argument 'catkin_skip_building_tests' from command line to 'False'
[0.285s] DEBUG:colcon.colcon_core.verb:Building package 'dynamixel_hardware' with the following arguments: {'ament_cmake_args': None, 'build_base': '/home/muneeb/RoboFlexv2.0/brainswarm_ws/build/dynamixel_hardware', 'catkin_cmake_args': None, 'catkin_skip_building_tests': False, 'cmake_args': None, 'cmake_clean_cache': False, 'cmake_clean_first': False, 'cmake_force_configure': False, 'cmake_target': None, 'cmake_target_skip_unavailable': False, 'install_base': '/home/muneeb/RoboFlexv2.0/brainswarm_ws/install/dynamixel_hardware', 'merge_install': False, 'path': '/home/muneeb/RoboFlexv2.0/brainswarm_ws/src/dynamixel_hardware', 'symlink_install': False, 'test_result_base': None}
[0.285s] Level 5:colcon.colcon_core.verb:set package 'roboflex_description' build argument 'cmake_args' from command line to 'None'
[0.285s] Level 5:colcon.colcon_core.verb:set package 'roboflex_description' build argument 'cmake_target' from command line to 'None'
[0.285s] Level 5:colcon.colcon_core.verb:set package 'roboflex_description' build argument 'cmake_target_skip_unavailable' from command line to 'False'
[0.285s] Level 5:colcon.colcon_core.verb:set package 'roboflex_description' build argument 'cmake_clean_cache' from command line to 'False'
[0.285s] Level 5:colcon.colcon_core.verb:set package 'roboflex_description' build argument 'cmake_clean_first' from command line to 'False'
[0.285s] Level 5:colcon.colcon_core.verb:set package 'roboflex_description' build argument 'cmake_force_configure' from command line to 'False'
[0.285s] Level 5:colcon.colcon_core.verb:set package 'roboflex_description' build argument 'ament_cmake_args' from command line to 'None'
[0.285s] Level 5:colcon.colcon_core.verb:set package 'roboflex_description' build argument 'catkin_cmake_args' from command line to 'None'
[0.285s] Level 5:colcon.colcon_core.verb:set package 'roboflex_description' build argument 'catkin_skip_building_tests' from command line to 'False'
[0.285s] DEBUG:colcon.colcon_core.verb:Building package 'roboflex_description' with the following arguments: {'ament_cmake_args': None, 'build_base': '/home/muneeb/RoboFlexv2.0/brainswarm_ws/build/roboflex_description', 'catkin_cmake_args': None, 'catkin_skip_building_tests': False, 'cmake_args': None, 'cmake_clean_cache': False, 'cmake_clean_first': False, 'cmake_force_configure': False, 'cmake_target': None, 'cmake_target_skip_unavailable': False, 'install_base': '/home/muneeb/RoboFlexv2.0/brainswarm_ws/install/roboflex_description', 'merge_install': False, 'path': '/home/muneeb/RoboFlexv2.0/brainswarm_ws/src/roboflex_description', 'symlink_install': False, 'test_result_base': None}
[0.286s] Level 5:colcon.colcon_core.verb:set package 'srdfdom' build argument 'cmake_args' from command line to 'None'
[0.286s] Level 5:colcon.colcon_core.verb:set package 'srdfdom' build argument 'cmake_target' from command line to 'None'
[0.286s] Level 5:colcon.colcon_core.verb:set package 'srdfdom' build argument 'cmake_target_skip_unavailable' from command line to 'False'
[0.286s] Level 5:colcon.colcon_core.verb:set package 'srdfdom' build argument 'cmake_clean_cache' from command line to 'False'
[0.286s] Level 5:colcon.colcon_core.verb:set package 'srdfdom' build argument 'cmake_clean_first' from command line to 'False'
[0.286s] Level 5:colcon.colcon_core.verb:set package 'srdfdom' build argument 'cmake_force_configure' from command line to 'False'
[0.286s] Level 5:colcon.colcon_core.verb:set package 'srdfdom' build argument 'ament_cmake_args' from command line to 'None'
[0.286s] Level 5:colcon.colcon_core.verb:set package 'srdfdom' build argument 'catkin_cmake_args' from command line to 'None'
[0.286s] Level 5:colcon.colcon_core.verb:set package 'srdfdom' build argument 'catkin_skip_building_tests' from command line to 'False'
[0.286s] DEBUG:colcon.colcon_core.verb:Building package 'srdfdom' with the following arguments: {'ament_cmake_args': None, 'build_base': '/home/muneeb/RoboFlexv2.0/brainswarm_ws/build/srdfdom', 'catkin_cmake_args': None, 'catkin_skip_building_tests': False, 'cmake_args': None, 'cmake_clean_cache': False, 'cmake_clean_first': False, 'cmake_force_configure': False, 'cmake_target': None, 'cmake_target_skip_unavailable': False, 'install_base': '/home/muneeb/RoboFlexv2.0/brainswarm_ws/install/srdfdom', 'merge_install': False, 'path': '/home/muneeb/RoboFlexv2.0/brainswarm_ws/src/srdfdom-2.0.4', 'symlink_install': False, 'test_result_base': None}
[0.286s] Level 5:colcon.colcon_core.verb:set package 'roboflex_moveit_config' build argument 'cmake_args' from command line to 'None'
[0.286s] Level 5:colcon.colcon_core.verb:set package 'roboflex_moveit_config' build argument 'cmake_target' from command line to 'None'
[0.286s] Level 5:colcon.colcon_core.verb:set package 'roboflex_moveit_config' build argument 'cmake_target_skip_unavailable' from command line to 'False'
[0.286s] Level 5:colcon.colcon_core.verb:set package 'roboflex_moveit_config' build argument 'cmake_clean_cache' from command line to 'False'
[0.286s] Level 5:colcon.colcon_core.verb:set package 'roboflex_moveit_config' build argument 'cmake_clean_first' from command line to 'False'
[0.286s] Level 5:colcon.colcon_core.verb:set package 'roboflex_moveit_config' build argument 'cmake_force_configure' from command line to 'False'
[0.286s] Level 5:colcon.colcon_core.verb:set package 'roboflex_moveit_config' build argument 'ament_cmake_args' from command line to 'None'
[0.286s] Level 5:colcon.colcon_core.verb:set package 'roboflex_moveit_config' build argument 'catkin_cmake_args' from command line to 'None'
[0.286s] Level 5:colcon.colcon_core.verb:set package 'roboflex_moveit_config' build argument 'catkin_skip_building_tests' from command line to 'False'
[0.286s] DEBUG:colcon.colcon_core.verb:Building package 'roboflex_moveit_config' with the following arguments: {'ament_cmake_args': None, 'build_base': '/home/muneeb/RoboFlexv2.0/brainswarm_ws/build/roboflex_moveit_config', 'catkin_cmake_args': None, 'catkin_skip_building_tests': False, 'cmake_args': None, 'cmake_clean_cache': False, 'cmake_clean_first': False, 'cmake_force_configure': False, 'cmake_target': None, 'cmake_target_skip_unavailable': False, 'install_base': '/home/muneeb/RoboFlexv2.0/brainswarm_ws/install/roboflex_moveit_config', 'merge_install': False, 'path': '/home/muneeb/RoboFlexv2.0/brainswarm_ws/src/roboflex_moveit_config', 'symlink_install': False, 'test_result_base': None}
[0.286s] INFO:colcon.colcon_core.executor:Executing jobs using 'parallel' executor
[0.287s] DEBUG:colcon.colcon_parallel_executor.executor.parallel:run_until_complete
[0.288s] INFO:colcon.colcon_ros.task.ament_cmake.build:Building ROS package in '/home/muneeb/RoboFlexv2.0/brainswarm_ws/src/roboflex_description' with build type 'ament_cmake'
[0.288s] INFO:colcon.colcon_cmake.task.cmake.build:Building CMake package in '/home/muneeb/RoboFlexv2.0/brainswarm_ws/src/roboflex_description'
[0.290s] INFO:colcon.colcon_core.plugin_system:Skipping extension 'colcon_core.shell.bat': Not used on non-Windows systems
[0.290s] INFO:colcon.colcon_core.shell:Skip shell extension 'powershell' for command environment: Not usable outside of PowerShell
[0.290s] DEBUG:colcon.colcon_core.shell:Skip shell extension 'dsv' for command environment
[0.294s] INFO:colcon.colcon_ros.task.ament_cmake.build:Building ROS package in '/home/muneeb/RoboFlexv2.0/brainswarm_ws/src/bras_robot_description' with build type 'ament_cmake'
[0.295s] INFO:colcon.colcon_cmake.task.cmake.build:Building CMake package in '/home/muneeb/RoboFlexv2.0/brainswarm_ws/src/bras_robot_description'
[0.295s] INFO:colcon.colcon_core.shell:Skip shell extension 'powershell' for command environment: Not usable outside of PowerShell
[0.295s] DEBUG:colcon.colcon_core.shell:Skip shell extension 'dsv' for command environment
[0.300s] INFO:colcon.colcon_ros.task.ament_cmake.build:Building ROS package in '/home/muneeb/RoboFlexv2.0/brainswarm_ws/src/dynamixel_hardware' with build type 'ament_cmake'
[0.300s] INFO:colcon.colcon_cmake.task.cmake.build:Building CMake package in '/home/muneeb/RoboFlexv2.0/brainswarm_ws/src/dynamixel_hardware'
[0.300s] INFO:colcon.colcon_core.shell:Skip shell extension 'powershell' for command environment: Not usable outside of PowerShell
[0.300s] DEBUG:colcon.colcon_core.shell:Skip shell extension 'dsv' for command environment
[0.306s] INFO:colcon.colcon_ros.task.ament_cmake.build:Building ROS package in '/home/muneeb/RoboFlexv2.0/brainswarm_ws/src/srdfdom-2.0.4' with build type 'ament_cmake'
[0.306s] INFO:colcon.colcon_cmake.task.cmake.build:Building CMake package in '/home/muneeb/RoboFlexv2.0/brainswarm_ws/src/srdfdom-2.0.4'
[0.306s] INFO:colcon.colcon_core.shell:Skip shell extension 'powershell' for command environment: Not usable outside of PowerShell
[0.306s] DEBUG:colcon.colcon_core.shell:Skip shell extension 'dsv' for command environment
[0.316s] DEBUG:colcon.colcon_core.event_handler.log_command:Invoking command in '/home/muneeb/RoboFlexv2.0/brainswarm_ws/build/roboflex_description': CMAKE_PREFIX_PATH=${CMAKE_PREFIX_PATH}:/opt/ros/jazzy DEBUGINFOD_URLS=https://debuginfod.neon.kde.org/ https://debuginfod.ubuntu.com/ /usr/bin/cmake --build /home/muneeb/RoboFlexv2.0/brainswarm_ws/build/roboflex_description -- -j8 -l8
[0.319s] DEBUG:colcon.colcon_core.event_handler.log_command:Invoking command in '/home/muneeb/RoboFlexv2.0/brainswarm_ws/build/bras_robot_description': CMAKE_PREFIX_PATH=${CMAKE_PREFIX_PATH}:/opt/ros/jazzy DEBUGINFOD_URLS=https://debuginfod.neon.kde.org/ https://debuginfod.ubuntu.com/ /usr/bin/cmake --build /home/muneeb/RoboFlexv2.0/brainswarm_ws/build/bras_robot_description -- -j8 -l8
[0.324s] DEBUG:colcon.colcon_core.event_handler.log_command:Invoking command in '/home/muneeb/RoboFlexv2.0/brainswarm_ws/build/dynamixel_hardware': CMAKE_PREFIX_PATH=${CMAKE_PREFIX_PATH}:/opt/ros/jazzy DEBUGINFOD_URLS=https://debuginfod.neon.kde.org/ https://debuginfod.ubuntu.com/ /usr/bin/cmake --build /home/muneeb/RoboFlexv2.0/brainswarm_ws/build/dynamixel_hardware -- -j8 -l8
[0.329s] DEBUG:colcon.colcon_core.event_handler.log_command:Invoking command in '/home/muneeb/RoboFlexv2.0/brainswarm_ws/build/srdfdom': CMAKE_PREFIX_PATH=${CMAKE_PREFIX_PATH}:/opt/ros/jazzy DEBUGINFOD_URLS=https://debuginfod.neon.kde.org/ https://debuginfod.ubuntu.com/ /usr/bin/cmake --build /home/muneeb/RoboFlexv2.0/brainswarm_ws/build/srdfdom -- -j8 -l8
[0.368s] DEBUG:colcon.colcon_core.event_handler.log_command:Invoked command in '/home/muneeb/RoboFlexv2.0/brainswarm_ws/build/roboflex_description' returned '0': CMAKE_PREFIX_PATH=${CMAKE_PREFIX_PATH}:/opt/ros/jazzy DEBUGINFOD_URLS=https://debuginfod.neon.kde.org/ https://debuginfod.ubuntu.com/ /usr/bin/cmake --build /home/muneeb/RoboFlexv2.0/brainswarm_ws/build/roboflex_description -- -j8 -l8
[0.383s] DEBUG:colcon.colcon_core.event_handler.log_command:Invoking command in '/home/muneeb/RoboFlexv2.0/brainswarm_ws/build/roboflex_description': CMAKE_PREFIX_PATH=${CMAKE_PREFIX_PATH}:/opt/ros/jazzy DEBUGINFOD_URLS=https://debuginfod.neon.kde.org/ https://debuginfod.ubuntu.com/ /usr/bin/cmake --install /home/muneeb/RoboFlexv2.0/brainswarm_ws/build/roboflex_description
[0.384s] DEBUG:colcon.colcon_core.event_handler.log_command:Invoked command in '/home/muneeb/RoboFlexv2.0/brainswarm_ws/build/bras_robot_description' returned '0': CMAKE_PREFIX_PATH=${CMAKE_PREFIX_PATH}:/opt/ros/jazzy DEBUGINFOD_URLS=https://debuginfod.neon.kde.org/ https://debuginfod.ubuntu.com/ /usr/bin/cmake --build /home/muneeb/RoboFlexv2.0/brainswarm_ws/build/bras_robot_description -- -j8 -l8
[0.386s] DEBUG:colcon.colcon_core.event_handler.log_command:Invoking command in '/home/muneeb/RoboFlexv2.0/brainswarm_ws/build/bras_robot_description': CMAKE_PREFIX_PATH=${CMAKE_PREFIX_PATH}:/opt/ros/jazzy DEBUGINFOD_URLS=https://debuginfod.neon.kde.org/ https://debuginfod.ubuntu.com/ /usr/bin/cmake --install /home/muneeb/RoboFlexv2.0/brainswarm_ws/build/bras_robot_description
[0.402s] Level 1:colcon.colcon_core.environment:create_environment_scripts_only(roboflex_description)
[0.415s] Level 1:colcon.colcon_core.environment:checking '/home/muneeb/RoboFlexv2.0/brainswarm_ws/install/roboflex_description' for CMake module files
[0.417s] Level 1:colcon.colcon_core.environment:checking '/home/muneeb/RoboFlexv2.0/brainswarm_ws/install/roboflex_description' for CMake config files
[0.420s] Level 1:colcon.colcon_core.shell:create_environment_hook('roboflex_description', 'cmake_prefix_path')
[0.420s] INFO:colcon.colcon_core.shell:Creating environment hook '/home/muneeb/RoboFlexv2.0/brainswarm_ws/install/roboflex_description/share/roboflex_description/hook/cmake_prefix_path.ps1'
[0.422s] INFO:colcon.colcon_core.shell:Creating environment descriptor '/home/muneeb/RoboFlexv2.0/brainswarm_ws/install/roboflex_description/share/roboflex_description/hook/cmake_prefix_path.dsv'
[0.423s] INFO:colcon.colcon_core.shell:Creating environment hook '/home/muneeb/RoboFlexv2.0/brainswarm_ws/install/roboflex_description/share/roboflex_description/hook/cmake_prefix_path.sh'
[0.424s] Level 1:colcon.colcon_core.environment:checking '/home/muneeb/RoboFlexv2.0/brainswarm_ws/install/roboflex_description/lib'
[0.424s] Level 1:colcon.colcon_core.environment:checking '/home/muneeb/RoboFlexv2.0/brainswarm_ws/install/roboflex_description/bin'
[0.425s] Level 1:colcon.colcon_core.environment:checking '/home/muneeb/RoboFlexv2.0/brainswarm_ws/install/roboflex_description/lib/pkgconfig/roboflex_description.pc'
[0.425s] Level 1:colcon.colcon_core.environment:checking '/home/muneeb/RoboFlexv2.0/brainswarm_ws/install/roboflex_description/lib/python3.12/site-packages'
[0.425s] Level 1:colcon.colcon_core.environment:checking '/home/muneeb/RoboFlexv2.0/brainswarm_ws/install/roboflex_description/bin'
[0.426s] INFO:colcon.colcon_core.shell:Creating package script '/home/muneeb/RoboFlexv2.0/brainswarm_ws/install/roboflex_description/share/roboflex_description/package.ps1'
[0.427s] INFO:colcon.colcon_core.shell:Creating package descriptor '/home/muneeb/RoboFlexv2.0/brainswarm_ws/install/roboflex_description/share/roboflex_description/package.dsv'
[0.429s] INFO:colcon.colcon_core.shell:Creating package script '/home/muneeb/RoboFlexv2.0/brainswarm_ws/install/roboflex_description/share/roboflex_description/package.sh'
[0.431s] INFO:colcon.colcon_core.shell:Creating package script '/home/muneeb/RoboFlexv2.0/brainswarm_ws/install/roboflex_description/share/roboflex_description/package.bash'
[0.433s] INFO:colcon.colcon_core.shell:Creating package script '/home/muneeb/RoboFlexv2.0/brainswarm_ws/install/roboflex_description/share/roboflex_description/package.zsh'
[0.434s] Level 1:colcon.colcon_core.environment:create_file_with_runtime_dependencies(/home/muneeb/RoboFlexv2.0/brainswarm_ws/install/roboflex_description/share/colcon-core/packages/roboflex_description)
[0.435s] Level 1:colcon.colcon_core.environment:create_environment_scripts_only(roboflex_description)
[0.435s] Level 1:colcon.colcon_core.environment:checking '/home/muneeb/RoboFlexv2.0/brainswarm_ws/install/roboflex_description' for CMake module files
[0.436s] Level 1:colcon.colcon_core.environment:checking '/home/muneeb/RoboFlexv2.0/brainswarm_ws/install/roboflex_description' for CMake config files
[0.439s] Level 1:colcon.colcon_core.shell:create_environment_hook('roboflex_description', 'cmake_prefix_path')
[0.440s] INFO:colcon.colcon_core.shell:Creating environment hook '/home/muneeb/RoboFlexv2.0/brainswarm_ws/install/roboflex_description/share/roboflex_description/hook/cmake_prefix_path.ps1'
[0.440s] INFO:colcon.colcon_core.shell:Creating environment descriptor '/home/muneeb/RoboFlexv2.0/brainswarm_ws/install/roboflex_description/share/roboflex_description/hook/cmake_prefix_path.dsv'
[0.442s] INFO:colcon.colcon_core.shell:Creating environment hook '/home/muneeb/RoboFlexv2.0/brainswarm_ws/install/roboflex_description/share/roboflex_description/hook/cmake_prefix_path.sh'
[0.445s] Level 1:colcon.colcon_core.environment:checking '/home/muneeb/RoboFlexv2.0/brainswarm_ws/install/roboflex_description/lib'
[0.445s] DEBUG:colcon.colcon_core.event_handler.log_command:Invoked command in '/home/muneeb/RoboFlexv2.0/brainswarm_ws/build/roboflex_description' returned '0': CMAKE_PREFIX_PATH=${CMAKE_PREFIX_PATH}:/opt/ros/jazzy DEBUGINFOD_URLS=https://debuginfod.neon.kde.org/ https://debuginfod.ubuntu.com/ /usr/bin/cmake --install /home/muneeb/RoboFlexv2.0/brainswarm_ws/build/roboflex_description
[0.446s] Level 1:colcon.colcon_core.environment:checking '/home/muneeb/RoboFlexv2.0/brainswarm_ws/install/roboflex_description/bin'
[0.446s] Level 1:colcon.colcon_core.environment:checking '/home/muneeb/RoboFlexv2.0/brainswarm_ws/install/roboflex_description/lib/pkgconfig/roboflex_description.pc'
[0.446s] Level 1:colcon.colcon_core.environment:checking '/home/muneeb/RoboFlexv2.0/brainswarm_ws/install/roboflex_description/lib/python3.12/site-packages'
[0.446s] Level 1:colcon.colcon_core.environment:checking '/home/muneeb/RoboFlexv2.0/brainswarm_ws/install/roboflex_description/bin'
[0.447s] INFO:colcon.colcon_core.shell:Creating package script '/home/muneeb/RoboFlexv2.0/brainswarm_ws/install/roboflex_description/share/roboflex_description/package.ps1'
[0.448s] INFO:colcon.colcon_core.shell:Creating package descriptor '/home/muneeb/RoboFlexv2.0/brainswarm_ws/install/roboflex_description/share/roboflex_description/package.dsv'
[0.450s] INFO:colcon.colcon_core.shell:Creating package script '/home/muneeb/RoboFlexv2.0/brainswarm_ws/install/roboflex_description/share/roboflex_description/package.sh'
[0.452s] INFO:colcon.colcon_core.shell:Creating package script '/home/muneeb/RoboFlexv2.0/brainswarm_ws/install/roboflex_description/share/roboflex_description/package.bash'
[0.453s] INFO:colcon.colcon_core.shell:Creating package script '/home/muneeb/RoboFlexv2.0/brainswarm_ws/install/roboflex_description/share/roboflex_description/package.zsh'
[0.454s] Level 1:colcon.colcon_core.environment:create_file_with_runtime_dependencies(/home/muneeb/RoboFlexv2.0/brainswarm_ws/install/roboflex_description/share/colcon-core/packages/roboflex_description)
[0.454s] INFO:colcon.colcon_ros.task.ament_cmake.build:Building ROS package in '/home/muneeb/RoboFlexv2.0/brainswarm_ws/src/roboflex_moveit_config' with build type 'ament_cmake'
[0.454s] INFO:colcon.colcon_cmake.task.cmake.build:Building CMake package in '/home/muneeb/RoboFlexv2.0/brainswarm_ws/src/roboflex_moveit_config'
[0.455s] INFO:colcon.colcon_core.shell:Skip shell extension 'powershell' for command environment: Not usable outside of PowerShell
[0.455s] DEBUG:colcon.colcon_core.shell:Skip shell extension 'dsv' for command environment
[0.459s] Level 1:colcon.colcon_core.environment:create_environment_scripts_only(bras_robot_description)
[0.460s] Level 1:colcon.colcon_core.environment:checking '/home/muneeb/RoboFlexv2.0/brainswarm_ws/install/bras_robot_description' for CMake module files
[0.461s] DEBUG:colcon.colcon_core.event_handler.log_command:Invoked command in '/home/muneeb/RoboFlexv2.0/brainswarm_ws/build/bras_robot_description' returned '0': CMAKE_PREFIX_PATH=${CMAKE_PREFIX_PATH}:/opt/ros/jazzy DEBUGINFOD_URLS=https://debuginfod.neon.kde.org/ https://debuginfod.ubuntu.com/ /usr/bin/cmake --install /home/muneeb/RoboFlexv2.0/brainswarm_ws/build/bras_robot_description
[0.461s] Level 1:colcon.colcon_core.environment:checking '/home/muneeb/RoboFlexv2.0/brainswarm_ws/install/bras_robot_description' for CMake config files
[0.461s] Level 1:colcon.colcon_core.shell:create_environment_hook('bras_robot_description', 'cmake_prefix_path')
[0.462s] INFO:colcon.colcon_core.shell:Creating environment hook '/home/muneeb/RoboFlexv2.0/brainswarm_ws/install/bras_robot_description/share/bras_robot_description/hook/cmake_prefix_path.ps1'
[0.462s] INFO:colcon.colcon_core.shell:Creating environment descriptor '/home/muneeb/RoboFlexv2.0/brainswarm_ws/install/bras_robot_description/share/bras_robot_description/hook/cmake_prefix_path.dsv'
[0.463s] INFO:colcon.colcon_core.shell:Creating environment hook '/home/muneeb/RoboFlexv2.0/brainswarm_ws/install/bras_robot_description/share/bras_robot_description/hook/cmake_prefix_path.sh'
[0.463s] Level 1:colcon.colcon_core.environment:checking '/home/muneeb/RoboFlexv2.0/brainswarm_ws/install/bras_robot_description/bin'
[0.463s] Level 1:colcon.colcon_core.environment:checking '/home/muneeb/RoboFlexv2.0/brainswarm_ws/install/bras_robot_description/lib/pkgconfig/bras_robot_description.pc'
[0.464s] Level 1:colcon.colcon_core.environment:checking '/home/muneeb/RoboFlexv2.0/brainswarm_ws/install/bras_robot_description/lib/python3.12/site-packages'
[0.464s] Level 1:colcon.colcon_core.environment:checking '/home/muneeb/RoboFlexv2.0/brainswarm_ws/install/bras_robot_description/bin'
[0.464s] INFO:colcon.colcon_core.shell:Creating package script '/home/muneeb/RoboFlexv2.0/brainswarm_ws/install/bras_robot_description/share/bras_robot_description/package.ps1'
[0.465s] INFO:colcon.colcon_core.shell:Creating package descriptor '/home/muneeb/RoboFlexv2.0/brainswarm_ws/install/bras_robot_description/share/bras_robot_description/package.dsv'
[0.465s] INFO:colcon.colcon_core.shell:Creating package script '/home/muneeb/RoboFlexv2.0/brainswarm_ws/install/bras_robot_description/share/bras_robot_description/package.sh'
[0.466s] INFO:colcon.colcon_core.shell:Creating package script '/home/muneeb/RoboFlexv2.0/brainswarm_ws/install/bras_robot_description/share/bras_robot_description/package.bash'
[0.466s] INFO:colcon.colcon_core.shell:Creating package script '/home/muneeb/RoboFlexv2.0/brainswarm_ws/install/bras_robot_description/share/bras_robot_description/package.zsh'
[0.466s] Level 1:colcon.colcon_core.environment:create_file_with_runtime_dependencies(/home/muneeb/RoboFlexv2.0/brainswarm_ws/install/bras_robot_description/share/colcon-core/packages/bras_robot_description)
[0.467s] Level 1:colcon.colcon_core.environment:create_environment_scripts_only(bras_robot_description)
[0.467s] Level 1:colcon.colcon_core.environment:checking '/home/muneeb/RoboFlexv2.0/brainswarm_ws/install/bras_robot_description' for CMake module files
[0.468s] Level 1:colcon.colcon_core.environment:checking '/home/muneeb/RoboFlexv2.0/brainswarm_ws/install/bras_robot_description' for CMake config files
[0.468s] Level 1:colcon.colcon_core.shell:create_environment_hook('bras_robot_description', 'cmake_prefix_path')
[0.468s] INFO:colcon.colcon_core.shell:Creating environment hook '/home/muneeb/RoboFlexv2.0/brainswarm_ws/install/bras_robot_description/share/bras_robot_description/hook/cmake_prefix_path.ps1'
[0.469s] INFO:colcon.colcon_core.shell:Creating environment descriptor '/home/muneeb/RoboFlexv2.0/brainswarm_ws/install/bras_robot_description/share/bras_robot_description/hook/cmake_prefix_path.dsv'
[0.469s] INFO:colcon.colcon_core.shell:Creating environment hook '/home/muneeb/RoboFlexv2.0/brainswarm_ws/install/bras_robot_description/share/bras_robot_description/hook/cmake_prefix_path.sh'
[0.470s] Level 1:colcon.colcon_core.environment:checking '/home/muneeb/RoboFlexv2.0/brainswarm_ws/install/bras_robot_description/bin'
[0.470s] Level 1:colcon.colcon_core.environment:checking '/home/muneeb/RoboFlexv2.0/brainswarm_ws/install/bras_robot_description/lib/pkgconfig/bras_robot_description.pc'
[0.470s] Level 1:colcon.colcon_core.environment:checking '/home/muneeb/RoboFlexv2.0/brainswarm_ws/install/bras_robot_description/lib/python3.12/site-packages'
[0.470s] Level 1:colcon.colcon_core.environment:checking '/home/muneeb/RoboFlexv2.0/brainswarm_ws/install/bras_robot_description/bin'
[0.471s] INFO:colcon.colcon_core.shell:Creating package script '/home/muneeb/RoboFlexv2.0/brainswarm_ws/install/bras_robot_description/share/bras_robot_description/package.ps1'
[0.472s] INFO:colcon.colcon_core.shell:Creating package descriptor '/home/muneeb/RoboFlexv2.0/brainswarm_ws/install/bras_robot_description/share/bras_robot_description/package.dsv'
[0.472s] INFO:colcon.colcon_core.shell:Creating package script '/home/muneeb/RoboFlexv2.0/brainswarm_ws/install/bras_robot_description/share/bras_robot_description/package.sh'
[0.473s] INFO:colcon.colcon_core.shell:Creating package script '/home/muneeb/RoboFlexv2.0/brainswarm_ws/install/bras_robot_description/share/bras_robot_description/package.bash'
[0.473s] INFO:colcon.colcon_core.shell:Creating package script '/home/muneeb/RoboFlexv2.0/brainswarm_ws/install/bras_robot_description/share/bras_robot_description/package.zsh'
[0.473s] Level 1:colcon.colcon_core.environment:create_file_with_runtime_dependencies(/home/muneeb/RoboFlexv2.0/brainswarm_ws/install/bras_robot_description/share/colcon-core/packages/bras_robot_description)
[0.475s] DEBUG:colcon.colcon_core.event_handler.log_command:Invoked command in '/home/muneeb/RoboFlexv2.0/brainswarm_ws/build/dynamixel_hardware' returned '0': CMAKE_PREFIX_PATH=${CMAKE_PREFIX_PATH}:/opt/ros/jazzy DEBUGINFOD_URLS=https://debuginfod.neon.kde.org/ https://debuginfod.ubuntu.com/ /usr/bin/cmake --build /home/muneeb/RoboFlexv2.0/brainswarm_ws/build/dynamixel_hardware -- -j8 -l8
[0.476s] DEBUG:colcon.colcon_core.event_handler.log_command:Invoking command in '/home/muneeb/RoboFlexv2.0/brainswarm_ws/build/dynamixel_hardware': CMAKE_PREFIX_PATH=${CMAKE_PREFIX_PATH}:/opt/ros/jazzy DEBUGINFOD_URLS=https://debuginfod.neon.kde.org/ https://debuginfod.ubuntu.com/ /usr/bin/cmake --install /home/muneeb/RoboFlexv2.0/brainswarm_ws/build/dynamixel_hardware
[0.480s] DEBUG:colcon.colcon_core.event_handler.log_command:Invoking command in '/home/muneeb/RoboFlexv2.0/brainswarm_ws/build/roboflex_moveit_config': CMAKE_PREFIX_PATH=/home/muneeb/RoboFlexv2.0/brainswarm_ws/install/roboflex_description:/home/muneeb/RoboFlexv2.0/brainswarm_ws/install/srdfdom:/home/muneeb/RoboFlexv2.0/brainswarm_ws/install/roboflex_moveit_config:/home/muneeb/RoboFlexv2.0/brainswarm_ws/install/dynamixel_hardware:/home/muneeb/RoboFlexv2.0/brainswarm_ws/install/bras_robot_description:/opt/ros/jazzy/opt/gz_sim_vendor:/opt/ros/jazzy/opt/gz_sensors_vendor:/opt/ros/jazzy/opt/gz_physics_vendor:/opt/ros/jazzy/opt/sdformat_vendor:/opt/ros/jazzy/opt/gz_gui_vendor:/opt/ros/jazzy/opt/gz_transport_vendor:/opt/ros/jazzy/opt/gz_rendering_vendor:/opt/ros/jazzy/opt/gz_plugin_vendor:/opt/ros/jazzy/opt/gz_fuel_tools_vendor:/opt/ros/jazzy/opt/gz_msgs_vendor:/opt/ros/jazzy/opt/gz_common_vendor:/opt/ros/jazzy/opt/gz_math_vendor:/opt/ros/jazzy/opt/gz_utils_vendor:/opt/ros/jazzy/opt/gz_tools_vendor:/opt/ros/jazzy/opt/gz_ogre_next_vendor:/opt/ros/jazzy/opt/gz_dartsim_vendor:/opt/ros/jazzy/opt/gz_cmake_vendor:/opt/ros/jazzy DEBUGINFOD_URLS=https://debuginfod.neon.kde.org/ https://debuginfod.ubuntu.com/ /usr/bin/cmake --build /home/muneeb/RoboFlexv2.0/brainswarm_ws/build/roboflex_moveit_config -- -j8 -l8
[0.491s] Level 1:colcon.colcon_core.environment:create_environment_scripts_only(dynamixel_hardware)
[0.492s] Level 1:colcon.colcon_core.environment:checking '/home/muneeb/RoboFlexv2.0/brainswarm_ws/install/dynamixel_hardware' for CMake module files
[0.493s] DEBUG:colcon.colcon_core.event_handler.log_command:Invoked command in '/home/muneeb/RoboFlexv2.0/brainswarm_ws/build/dynamixel_hardware' returned '0': CMAKE_PREFIX_PATH=${CMAKE_PREFIX_PATH}:/opt/ros/jazzy DEBUGINFOD_URLS=https://debuginfod.neon.kde.org/ https://debuginfod.ubuntu.com/ /usr/bin/cmake --install /home/muneeb/RoboFlexv2.0/brainswarm_ws/build/dynamixel_hardware
[0.494s] Level 1:colcon.colcon_core.environment:checking '/home/muneeb/RoboFlexv2.0/brainswarm_ws/install/dynamixel_hardware' for CMake config files
[0.494s] Level 1:colcon.colcon_core.shell:create_environment_hook('dynamixel_hardware', 'cmake_prefix_path')
[0.495s] INFO:colcon.colcon_core.shell:Creating environment hook '/home/muneeb/RoboFlexv2.0/brainswarm_ws/install/dynamixel_hardware/share/dynamixel_hardware/hook/cmake_prefix_path.ps1'
[0.502s] INFO:colcon.colcon_core.shell:Creating environment descriptor '/home/muneeb/RoboFlexv2.0/brainswarm_ws/install/dynamixel_hardware/share/dynamixel_hardware/hook/cmake_prefix_path.dsv'
[0.511s] INFO:colcon.colcon_core.shell:Creating environment hook '/home/muneeb/RoboFlexv2.0/brainswarm_ws/install/dynamixel_hardware/share/dynamixel_hardware/hook/cmake_prefix_path.sh'
[0.512s] Level 1:colcon.colcon_core.environment:checking '/home/muneeb/RoboFlexv2.0/brainswarm_ws/install/dynamixel_hardware/lib'
[0.512s] Level 1:colcon.colcon_core.shell:create_environment_hook('dynamixel_hardware', 'ld_library_path_lib')
[0.512s] INFO:colcon.colcon_core.shell:Creating environment hook '/home/muneeb/RoboFlexv2.0/brainswarm_ws/install/dynamixel_hardware/share/dynamixel_hardware/hook/ld_library_path_lib.ps1'
[0.513s] INFO:colcon.colcon_core.shell:Creating environment descriptor '/home/muneeb/RoboFlexv2.0/brainswarm_ws/install/dynamixel_hardware/share/dynamixel_hardware/hook/ld_library_path_lib.dsv'
[0.513s] INFO:colcon.colcon_core.shell:Creating environment hook '/home/muneeb/RoboFlexv2.0/brainswarm_ws/install/dynamixel_hardware/share/dynamixel_hardware/hook/ld_library_path_lib.sh'
[0.514s] Level 1:colcon.colcon_core.environment:checking '/home/muneeb/RoboFlexv2.0/brainswarm_ws/install/dynamixel_hardware/bin'
[0.514s] Level 1:colcon.colcon_core.environment:checking '/home/muneeb/RoboFlexv2.0/brainswarm_ws/install/dynamixel_hardware/lib/pkgconfig/dynamixel_hardware.pc'
[0.514s] Level 1:colcon.colcon_core.environment:checking '/home/muneeb/RoboFlexv2.0/brainswarm_ws/install/dynamixel_hardware/lib/python3.12/site-packages'
[0.514s] Level 1:colcon.colcon_core.environment:checking '/home/muneeb/RoboFlexv2.0/brainswarm_ws/install/dynamixel_hardware/bin'
[0.515s] INFO:colcon.colcon_core.shell:Creating package script '/home/muneeb/RoboFlexv2.0/brainswarm_ws/install/dynamixel_hardware/share/dynamixel_hardware/package.ps1'
[0.515s] INFO:colcon.colcon_core.shell:Creating package descriptor '/home/muneeb/RoboFlexv2.0/brainswarm_ws/install/dynamixel_hardware/share/dynamixel_hardware/package.dsv'
[0.515s] INFO:colcon.colcon_core.shell:Creating package script '/home/muneeb/RoboFlexv2.0/brainswarm_ws/install/dynamixel_hardware/share/dynamixel_hardware/package.sh'
[0.516s] INFO:colcon.colcon_core.shell:Creating package script '/home/muneeb/RoboFlexv2.0/brainswarm_ws/install/dynamixel_hardware/share/dynamixel_hardware/package.bash'
[0.516s] INFO:colcon.colcon_core.shell:Creating package script '/home/muneeb/RoboFlexv2.0/brainswarm_ws/install/dynamixel_hardware/share/dynamixel_hardware/package.zsh'
[0.517s] Level 1:colcon.colcon_core.environment:create_file_with_runtime_dependencies(/home/muneeb/RoboFlexv2.0/brainswarm_ws/install/dynamixel_hardware/share/colcon-core/packages/dynamixel_hardware)
[0.517s] Level 1:colcon.colcon_core.environment:create_environment_scripts_only(dynamixel_hardware)
[0.518s] Level 1:colcon.colcon_core.environment:checking '/home/muneeb/RoboFlexv2.0/brainswarm_ws/install/dynamixel_hardware' for CMake module files
[0.518s] Level 1:colcon.colcon_core.environment:checking '/home/muneeb/RoboFlexv2.0/brainswarm_ws/install/dynamixel_hardware' for CMake config files
[0.518s] Level 1:colcon.colcon_core.shell:create_environment_hook('dynamixel_hardware', 'cmake_prefix_path')
[0.519s] INFO:colcon.colcon_core.shell:Creating environment hook '/home/muneeb/RoboFlexv2.0/brainswarm_ws/install/dynamixel_hardware/share/dynamixel_hardware/hook/cmake_prefix_path.ps1'
[0.519s] INFO:colcon.colcon_core.shell:Creating environment descriptor '/home/muneeb/RoboFlexv2.0/brainswarm_ws/install/dynamixel_hardware/share/dynamixel_hardware/hook/cmake_prefix_path.dsv'
[0.519s] INFO:colcon.colcon_core.shell:Creating environment hook '/home/muneeb/RoboFlexv2.0/brainswarm_ws/install/dynamixel_hardware/share/dynamixel_hardware/hook/cmake_prefix_path.sh'
[0.520s] Level 1:colcon.colcon_core.environment:checking '/home/muneeb/RoboFlexv2.0/brainswarm_ws/install/dynamixel_hardware/lib'
[0.520s] Level 1:colcon.colcon_core.shell:create_environment_hook('dynamixel_hardware', 'ld_library_path_lib')
[0.520s] INFO:colcon.colcon_core.shell:Creating environment hook '/home/muneeb/RoboFlexv2.0/brainswarm_ws/install/dynamixel_hardware/share/dynamixel_hardware/hook/ld_library_path_lib.ps1'
[0.521s] INFO:colcon.colcon_core.shell:Creating environment descriptor '/home/muneeb/RoboFlexv2.0/brainswarm_ws/install/dynamixel_hardware/share/dynamixel_hardware/hook/ld_library_path_lib.dsv'
[0.521s] INFO:colcon.colcon_core.shell:Creating environment hook '/home/muneeb/RoboFlexv2.0/brainswarm_ws/install/dynamixel_hardware/share/dynamixel_hardware/hook/ld_library_path_lib.sh'
[0.522s] Level 1:colcon.colcon_core.environment:checking '/home/muneeb/RoboFlexv2.0/brainswarm_ws/install/dynamixel_hardware/bin'
[0.522s] Level 1:colcon.colcon_core.environment:checking '/home/muneeb/RoboFlexv2.0/brainswarm_ws/install/dynamixel_hardware/lib/pkgconfig/dynamixel_hardware.pc'
[0.522s] Level 1:colcon.colcon_core.environment:checking '/home/muneeb/RoboFlexv2.0/brainswarm_ws/install/dynamixel_hardware/lib/python3.12/site-packages'
[0.522s] Level 1:colcon.colcon_core.environment:checking '/home/muneeb/RoboFlexv2.0/brainswarm_ws/install/dynamixel_hardware/bin'
[0.523s] INFO:colcon.colcon_core.shell:Creating package script '/home/muneeb/RoboFlexv2.0/brainswarm_ws/install/dynamixel_hardware/share/dynamixel_hardware/package.ps1'
[0.524s] INFO:colcon.colcon_core.shell:Creating package descriptor '/home/muneeb/RoboFlexv2.0/brainswarm_ws/install/dynamixel_hardware/share/dynamixel_hardware/package.dsv'
[0.524s] INFO:colcon.colcon_core.shell:Creating package script '/home/muneeb/RoboFlexv2.0/brainswarm_ws/install/dynamixel_hardware/share/dynamixel_hardware/package.sh'
[0.525s] INFO:colcon.colcon_core.shell:Creating package script '/home/muneeb/RoboFlexv2.0/brainswarm_ws/install/dynamixel_hardware/share/dynamixel_hardware/package.bash'
[0.526s] INFO:colcon.colcon_core.shell:Creating package script '/home/muneeb/RoboFlexv2.0/brainswarm_ws/install/dynamixel_hardware/share/dynamixel_hardware/package.zsh'
[0.526s] Level 1:colcon.colcon_core.environment:create_file_with_runtime_dependencies(/home/muneeb/RoboFlexv2.0/brainswarm_ws/install/dynamixel_hardware/share/colcon-core/packages/dynamixel_hardware)
[0.528s] DEBUG:colcon.colcon_core.event_handler.log_command:Invoked command in '/home/muneeb/RoboFlexv2.0/brainswarm_ws/build/roboflex_moveit_config' returned '0': CMAKE_PREFIX_PATH=/home/muneeb/RoboFlexv2.0/brainswarm_ws/install/roboflex_description:/home/muneeb/RoboFlexv2.0/brainswarm_ws/install/srdfdom:/home/muneeb/RoboFlexv2.0/brainswarm_ws/install/roboflex_moveit_config:/home/muneeb/RoboFlexv2.0/brainswarm_ws/install/dynamixel_hardware:/home/muneeb/RoboFlexv2.0/brainswarm_ws/install/bras_robot_description:/opt/ros/jazzy/opt/gz_sim_vendor:/opt/ros/jazzy/opt/gz_sensors_vendor:/opt/ros/jazzy/opt/gz_physics_vendor:/opt/ros/jazzy/opt/sdformat_vendor:/opt/ros/jazzy/opt/gz_gui_vendor:/opt/ros/jazzy/opt/gz_transport_vendor:/opt/ros/jazzy/opt/gz_rendering_vendor:/opt/ros/jazzy/opt/gz_plugin_vendor:/opt/ros/jazzy/opt/gz_fuel_tools_vendor:/opt/ros/jazzy/opt/gz_msgs_vendor:/opt/ros/jazzy/opt/gz_common_vendor:/opt/ros/jazzy/opt/gz_math_vendor:/opt/ros/jazzy/opt/gz_utils_vendor:/opt/ros/jazzy/opt/gz_tools_vendor:/opt/ros/jazzy/opt/gz_ogre_next_vendor:/opt/ros/jazzy/opt/gz_dartsim_vendor:/opt/ros/jazzy/opt/gz_cmake_vendor:/opt/ros/jazzy DEBUGINFOD_URLS=https://debuginfod.neon.kde.org/ https://debuginfod.ubuntu.com/ /usr/bin/cmake --build /home/muneeb/RoboFlexv2.0/brainswarm_ws/build/roboflex_moveit_config -- -j8 -l8
[0.529s] DEBUG:colcon.colcon_core.event_handler.log_command:Invoking command in '/home/muneeb/RoboFlexv2.0/brainswarm_ws/build/roboflex_moveit_config': CMAKE_PREFIX_PATH=/home/muneeb/RoboFlexv2.0/brainswarm_ws/install/roboflex_description:/home/muneeb/RoboFlexv2.0/brainswarm_ws/install/srdfdom:/home/muneeb/RoboFlexv2.0/brainswarm_ws/install/roboflex_moveit_config:/home/muneeb/RoboFlexv2.0/brainswarm_ws/install/dynamixel_hardware:/home/muneeb/RoboFlexv2.0/brainswarm_ws/install/bras_robot_description:/opt/ros/jazzy/opt/gz_sim_vendor:/opt/ros/jazzy/opt/gz_sensors_vendor:/opt/ros/jazzy/opt/gz_physics_vendor:/opt/ros/jazzy/opt/sdformat_vendor:/opt/ros/jazzy/opt/gz_gui_vendor:/opt/ros/jazzy/opt/gz_transport_vendor:/opt/ros/jazzy/opt/gz_rendering_vendor:/opt/ros/jazzy/opt/gz_plugin_vendor:/opt/ros/jazzy/opt/gz_fuel_tools_vendor:/opt/ros/jazzy/opt/gz_msgs_vendor:/opt/ros/jazzy/opt/gz_common_vendor:/opt/ros/jazzy/opt/gz_math_vendor:/opt/ros/jazzy/opt/gz_utils_vendor:/opt/ros/jazzy/opt/gz_tools_vendor:/opt/ros/jazzy/opt/gz_ogre_next_vendor:/opt/ros/jazzy/opt/gz_dartsim_vendor:/opt/ros/jazzy/opt/gz_cmake_vendor:/opt/ros/jazzy DEBUGINFOD_URLS=https://debuginfod.neon.kde.org/ https://debuginfod.ubuntu.com/ /usr/bin/cmake --install /home/muneeb/RoboFlexv2.0/brainswarm_ws/build/roboflex_moveit_config
[0.542s] Level 1:colcon.colcon_core.environment:create_environment_scripts_only(roboflex_moveit_config)
[0.543s] Level 1:colcon.colcon_core.environment:checking '/home/muneeb/RoboFlexv2.0/brainswarm_ws/install/roboflex_moveit_config' for CMake module files
[0.543s] DEBUG:colcon.colcon_core.event_handler.log_command:Invoked command in '/home/muneeb/RoboFlexv2.0/brainswarm_ws/build/roboflex_moveit_config' returned '0': CMAKE_PREFIX_PATH=/home/muneeb/RoboFlexv2.0/brainswarm_ws/install/roboflex_description:/home/muneeb/RoboFlexv2.0/brainswarm_ws/install/srdfdom:/home/muneeb/RoboFlexv2.0/brainswarm_ws/install/roboflex_moveit_config:/home/muneeb/RoboFlexv2.0/brainswarm_ws/install/dynamixel_hardware:/home/muneeb/RoboFlexv2.0/brainswarm_ws/install/bras_robot_description:/opt/ros/jazzy/opt/gz_sim_vendor:/opt/ros/jazzy/opt/gz_sensors_vendor:/opt/ros/jazzy/opt/gz_physics_vendor:/opt/ros/jazzy/opt/sdformat_vendor:/opt/ros/jazzy/opt/gz_gui_vendor:/opt/ros/jazzy/opt/gz_transport_vendor:/opt/ros/jazzy/opt/gz_rendering_vendor:/opt/ros/jazzy/opt/gz_plugin_vendor:/opt/ros/jazzy/opt/gz_fuel_tools_vendor:/opt/ros/jazzy/opt/gz_msgs_vendor:/opt/ros/jazzy/opt/gz_common_vendor:/opt/ros/jazzy/opt/gz_math_vendor:/opt/ros/jazzy/opt/gz_utils_vendor:/opt/ros/jazzy/opt/gz_tools_vendor:/opt/ros/jazzy/opt/gz_ogre_next_vendor:/opt/ros/jazzy/opt/gz_dartsim_vendor:/opt/ros/jazzy/opt/gz_cmake_vendor:/opt/ros/jazzy DEBUGINFOD_URLS=https://debuginfod.neon.kde.org/ https://debuginfod.ubuntu.com/ /usr/bin/cmake --install /home/muneeb/RoboFlexv2.0/brainswarm_ws/build/roboflex_moveit_config
[0.544s] Level 1:colcon.colcon_core.environment:checking '/home/muneeb/RoboFlexv2.0/brainswarm_ws/install/roboflex_moveit_config' for CMake config files
[0.544s] Level 1:colcon.colcon_core.shell:create_environment_hook('roboflex_moveit_config', 'cmake_prefix_path')
[0.545s] INFO:colcon.colcon_core.shell:Creating environment hook '/home/muneeb/RoboFlexv2.0/brainswarm_ws/install/roboflex_moveit_config/share/roboflex_moveit_config/hook/cmake_prefix_path.ps1'
[0.545s] INFO:colcon.colcon_core.shell:Creating environment descriptor '/home/muneeb/RoboFlexv2.0/brainswarm_ws/install/roboflex_moveit_config/share/roboflex_moveit_config/hook/cmake_prefix_path.dsv'
[0.546s] INFO:colcon.colcon_core.shell:Creating environment hook '/home/muneeb/RoboFlexv2.0/brainswarm_ws/install/roboflex_moveit_config/share/roboflex_moveit_config/hook/cmake_prefix_path.sh'
[0.547s] Level 1:colcon.colcon_core.environment:checking '/home/muneeb/RoboFlexv2.0/brainswarm_ws/install/roboflex_moveit_config/bin'
[0.547s] Level 1:colcon.colcon_core.environment:checking '/home/muneeb/RoboFlexv2.0/brainswarm_ws/install/roboflex_moveit_config/lib/pkgconfig/roboflex_moveit_config.pc'
[0.547s] Level 1:colcon.colcon_core.environment:checking '/home/muneeb/RoboFlexv2.0/brainswarm_ws/install/roboflex_moveit_config/lib/python3.12/site-packages'
[0.547s] Level 1:colcon.colcon_core.environment:checking '/home/muneeb/RoboFlexv2.0/brainswarm_ws/install/roboflex_moveit_config/bin'
[0.548s] INFO:colcon.colcon_core.shell:Creating package script '/home/muneeb/RoboFlexv2.0/brainswarm_ws/install/roboflex_moveit_config/share/roboflex_moveit_config/package.ps1'
[0.548s] INFO:colcon.colcon_core.shell:Creating package descriptor '/home/muneeb/RoboFlexv2.0/brainswarm_ws/install/roboflex_moveit_config/share/roboflex_moveit_config/package.dsv'
[0.549s] INFO:colcon.colcon_core.shell:Creating package script '/home/muneeb/RoboFlexv2.0/brainswarm_ws/install/roboflex_moveit_config/share/roboflex_moveit_config/package.sh'
[0.549s] INFO:colcon.colcon_core.shell:Creating package script '/home/muneeb/RoboFlexv2.0/brainswarm_ws/install/roboflex_moveit_config/share/roboflex_moveit_config/package.bash'
[0.550s] INFO:colcon.colcon_core.shell:Creating package script '/home/muneeb/RoboFlexv2.0/brainswarm_ws/install/roboflex_moveit_config/share/roboflex_moveit_config/package.zsh'
[0.550s] Level 1:colcon.colcon_core.environment:create_file_with_runtime_dependencies(/home/muneeb/RoboFlexv2.0/brainswarm_ws/install/roboflex_moveit_config/share/colcon-core/packages/roboflex_moveit_config)
[0.551s] Level 1:colcon.colcon_core.environment:create_environment_scripts_only(roboflex_moveit_config)
[0.551s] Level 1:colcon.colcon_core.environment:checking '/home/muneeb/RoboFlexv2.0/brainswarm_ws/install/roboflex_moveit_config' for CMake module files
[0.552s] Level 1:colcon.colcon_core.environment:checking '/home/muneeb/RoboFlexv2.0/brainswarm_ws/install/roboflex_moveit_config' for CMake config files
[0.552s] Level 1:colcon.colcon_core.shell:create_environment_hook('roboflex_moveit_config', 'cmake_prefix_path')
[0.553s] INFO:colcon.colcon_core.shell:Creating environment hook '/home/muneeb/RoboFlexv2.0/brainswarm_ws/install/roboflex_moveit_config/share/roboflex_moveit_config/hook/cmake_prefix_path.ps1'
[0.553s] INFO:colcon.colcon_core.shell:Creating environment descriptor '/home/muneeb/RoboFlexv2.0/brainswarm_ws/install/roboflex_moveit_config/share/roboflex_moveit_config/hook/cmake_prefix_path.dsv'
[0.554s] INFO:colcon.colcon_core.shell:Creating environment hook '/home/muneeb/RoboFlexv2.0/brainswarm_ws/install/roboflex_moveit_config/share/roboflex_moveit_config/hook/cmake_prefix_path.sh'
[0.554s] Level 1:colcon.colcon_core.environment:checking '/home/muneeb/RoboFlexv2.0/brainswarm_ws/install/roboflex_moveit_config/bin'
[0.555s] Level 1:colcon.colcon_core.environment:checking '/home/muneeb/RoboFlexv2.0/brainswarm_ws/install/roboflex_moveit_config/lib/pkgconfig/roboflex_moveit_config.pc'
[0.555s] Level 1:colcon.colcon_core.environment:checking '/home/muneeb/RoboFlexv2.0/brainswarm_ws/install/roboflex_moveit_config/lib/python3.12/site-packages'
[0.555s] Level 1:colcon.colcon_core.environment:checking '/home/muneeb/RoboFlexv2.0/brainswarm_ws/install/roboflex_moveit_config/bin'
[0.556s] INFO:colcon.colcon_core.shell:Creating package script '/home/muneeb/RoboFlexv2.0/brainswarm_ws/install/roboflex_moveit_config/share/roboflex_moveit_config/package.ps1'
[0.556s] INFO:colcon.colcon_core.shell:Creating package descriptor '/home/muneeb/RoboFlexv2.0/brainswarm_ws/install/roboflex_moveit_config/share/roboflex_moveit_config/package.dsv'
[0.557s] INFO:colcon.colcon_core.shell:Creating package script '/home/muneeb/RoboFlexv2.0/brainswarm_ws/install/roboflex_moveit_config/share/roboflex_moveit_config/package.sh'
[0.558s] INFO:colcon.colcon_core.shell:Creating package script '/home/muneeb/RoboFlexv2.0/brainswarm_ws/install/roboflex_moveit_config/share/roboflex_moveit_config/package.bash'
[0.558s] INFO:colcon.colcon_core.shell:Creating package script '/home/muneeb/RoboFlexv2.0/brainswarm_ws/install/roboflex_moveit_config/share/roboflex_moveit_config/package.zsh'
[0.559s] Level 1:colcon.colcon_core.environment:create_file_with_runtime_dependencies(/home/muneeb/RoboFlexv2.0/brainswarm_ws/install/roboflex_moveit_config/share/colcon-core/packages/roboflex_moveit_config)
[0.876s] DEBUG:colcon.colcon_core.event_handler.log_command:Invoked command in '/home/muneeb/RoboFlexv2.0/brainswarm_ws/build/srdfdom' returned '0': CMAKE_PREFIX_PATH=${CMAKE_PREFIX_PATH}:/opt/ros/jazzy DEBUGINFOD_URLS=https://debuginfod.neon.kde.org/ https://debuginfod.ubuntu.com/ /usr/bin/cmake --build /home/muneeb/RoboFlexv2.0/brainswarm_ws/build/srdfdom -- -j8 -l8
[0.878s] DEBUG:colcon.colcon_core.event_handler.log_command:Invoking command in '/home/muneeb/RoboFlexv2.0/brainswarm_ws/build/srdfdom': CMAKE_PREFIX_PATH=${CMAKE_PREFIX_PATH}:/opt/ros/jazzy DEBUGINFOD_URLS=https://debuginfod.neon.kde.org/ https://debuginfod.ubuntu.com/ /usr/bin/cmake --install /home/muneeb/RoboFlexv2.0/brainswarm_ws/build/srdfdom
[0.933s] Level 1:colcon.colcon_core.environment:create_environment_scripts_only(srdfdom)
[0.934s] Level 1:colcon.colcon_core.environment:checking '/home/muneeb/RoboFlexv2.0/brainswarm_ws/install/srdfdom' for CMake module files
[0.934s] DEBUG:colcon.colcon_core.event_handler.log_command:Invoked command in '/home/muneeb/RoboFlexv2.0/brainswarm_ws/build/srdfdom' returned '0': CMAKE_PREFIX_PATH=${CMAKE_PREFIX_PATH}:/opt/ros/jazzy DEBUGINFOD_URLS=https://debuginfod.neon.kde.org/ https://debuginfod.ubuntu.com/ /usr/bin/cmake --install /home/muneeb/RoboFlexv2.0/brainswarm_ws/build/srdfdom
[0.935s] Level 1:colcon.colcon_core.environment:checking '/home/muneeb/RoboFlexv2.0/brainswarm_ws/install/srdfdom' for CMake config files
[0.935s] Level 1:colcon.colcon_core.shell:create_environment_hook('srdfdom', 'cmake_prefix_path')
[0.935s] INFO:colcon.colcon_core.shell:Creating environment hook '/home/muneeb/RoboFlexv2.0/brainswarm_ws/install/srdfdom/share/srdfdom/hook/cmake_prefix_path.ps1'
[0.935s] INFO:colcon.colcon_core.shell:Creating environment descriptor '/home/muneeb/RoboFlexv2.0/brainswarm_ws/install/srdfdom/share/srdfdom/hook/cmake_prefix_path.dsv'
[0.936s] INFO:colcon.colcon_core.shell:Creating environment hook '/home/muneeb/RoboFlexv2.0/brainswarm_ws/install/srdfdom/share/srdfdom/hook/cmake_prefix_path.sh'
[0.936s] Level 1:colcon.colcon_core.environment:checking '/home/muneeb/RoboFlexv2.0/brainswarm_ws/install/srdfdom/lib'
[0.936s] Level 1:colcon.colcon_core.shell:create_environment_hook('srdfdom', 'ld_library_path_lib')
[0.937s] INFO:colcon.colcon_core.shell:Creating environment hook '/home/muneeb/RoboFlexv2.0/brainswarm_ws/install/srdfdom/share/srdfdom/hook/ld_library_path_lib.ps1'
[0.937s] INFO:colcon.colcon_core.shell:Creating environment descriptor '/home/muneeb/RoboFlexv2.0/brainswarm_ws/install/srdfdom/share/srdfdom/hook/ld_library_path_lib.dsv'
[0.937s] INFO:colcon.colcon_core.shell:Creating environment hook '/home/muneeb/RoboFlexv2.0/brainswarm_ws/install/srdfdom/share/srdfdom/hook/ld_library_path_lib.sh'
[0.938s] Level 1:colcon.colcon_core.environment:checking '/home/muneeb/RoboFlexv2.0/brainswarm_ws/install/srdfdom/bin'
[0.938s] Level 1:colcon.colcon_core.environment:checking '/home/muneeb/RoboFlexv2.0/brainswarm_ws/install/srdfdom/lib/pkgconfig/srdfdom.pc'
[0.938s] Level 1:colcon.colcon_core.environment:checking '/home/muneeb/RoboFlexv2.0/brainswarm_ws/install/srdfdom/lib/python3.12/site-packages'
[0.938s] Level 1:colcon.colcon_core.shell:create_environment_hook('srdfdom', 'pythonpath')
[0.938s] INFO:colcon.colcon_core.shell:Creating environment hook '/home/muneeb/RoboFlexv2.0/brainswarm_ws/install/srdfdom/share/srdfdom/hook/pythonpath.ps1'
[0.938s] INFO:colcon.colcon_core.shell:Creating environment descriptor '/home/muneeb/RoboFlexv2.0/brainswarm_ws/install/srdfdom/share/srdfdom/hook/pythonpath.dsv'
[0.939s] INFO:colcon.colcon_core.shell:Creating environment hook '/home/muneeb/RoboFlexv2.0/brainswarm_ws/install/srdfdom/share/srdfdom/hook/pythonpath.sh'
[0.939s] Level 1:colcon.colcon_core.environment:checking '/home/muneeb/RoboFlexv2.0/brainswarm_ws/install/srdfdom/bin'
[0.940s] INFO:colcon.colcon_core.shell:Creating package script '/home/muneeb/RoboFlexv2.0/brainswarm_ws/install/srdfdom/share/srdfdom/package.ps1'
[0.940s] INFO:colcon.colcon_core.shell:Creating package descriptor '/home/muneeb/RoboFlexv2.0/brainswarm_ws/install/srdfdom/share/srdfdom/package.dsv'
[0.941s] INFO:colcon.colcon_core.shell:Creating package script '/home/muneeb/RoboFlexv2.0/brainswarm_ws/install/srdfdom/share/srdfdom/package.sh'
[0.941s] INFO:colcon.colcon_core.shell:Creating package script '/home/muneeb/RoboFlexv2.0/brainswarm_ws/install/srdfdom/share/srdfdom/package.bash'
[0.941s] INFO:colcon.colcon_core.shell:Creating package script '/home/muneeb/RoboFlexv2.0/brainswarm_ws/install/srdfdom/share/srdfdom/package.zsh'
[0.942s] Level 1:colcon.colcon_core.environment:create_file_with_runtime_dependencies(/home/muneeb/RoboFlexv2.0/brainswarm_ws/install/srdfdom/share/colcon-core/packages/srdfdom)
[0.942s] Level 1:colcon.colcon_core.environment:create_environment_scripts_only(srdfdom)
[0.942s] Level 1:colcon.colcon_core.environment:checking '/home/muneeb/RoboFlexv2.0/brainswarm_ws/install/srdfdom' for CMake module files
[0.943s] Level 1:colcon.colcon_core.environment:checking '/home/muneeb/RoboFlexv2.0/brainswarm_ws/install/srdfdom' for CMake config files
[0.943s] Level 1:colcon.colcon_core.shell:create_environment_hook('srdfdom', 'cmake_prefix_path')
[0.943s] INFO:colcon.colcon_core.shell:Creating environment hook '/home/muneeb/RoboFlexv2.0/brainswarm_ws/install/srdfdom/share/srdfdom/hook/cmake_prefix_path.ps1'
[0.943s] INFO:colcon.colcon_core.shell:Creating environment descriptor '/home/muneeb/RoboFlexv2.0/brainswarm_ws/install/srdfdom/share/srdfdom/hook/cmake_prefix_path.dsv'
[0.944s] INFO:colcon.colcon_core.shell:Creating environment hook '/home/muneeb/RoboFlexv2.0/brainswarm_ws/install/srdfdom/share/srdfdom/hook/cmake_prefix_path.sh'
[0.944s] Level 1:colcon.colcon_core.environment:checking '/home/muneeb/RoboFlexv2.0/brainswarm_ws/install/srdfdom/lib'
[0.944s] Level 1:colcon.colcon_core.shell:create_environment_hook('srdfdom', 'ld_library_path_lib')
[0.945s] INFO:colcon.colcon_core.shell:Creating environment hook '/home/muneeb/RoboFlexv2.0/brainswarm_ws/install/srdfdom/share/srdfdom/hook/ld_library_path_lib.ps1'
[0.945s] INFO:colcon.colcon_core.shell:Creating environment descriptor '/home/muneeb/RoboFlexv2.0/brainswarm_ws/install/srdfdom/share/srdfdom/hook/ld_library_path_lib.dsv'
[0.945s] INFO:colcon.colcon_core.shell:Creating environment hook '/home/muneeb/RoboFlexv2.0/brainswarm_ws/install/srdfdom/share/srdfdom/hook/ld_library_path_lib.sh'
[0.946s] Level 1:colcon.colcon_core.environment:checking '/home/muneeb/RoboFlexv2.0/brainswarm_ws/install/srdfdom/bin'
[0.946s] Level 1:colcon.colcon_core.environment:checking '/home/muneeb/RoboFlexv2.0/brainswarm_ws/install/srdfdom/lib/pkgconfig/srdfdom.pc'
[0.946s] Level 1:colcon.colcon_core.environment:checking '/home/muneeb/RoboFlexv2.0/brainswarm_ws/install/srdfdom/lib/python3.12/site-packages'
[0.946s] Level 1:colcon.colcon_core.shell:create_environment_hook('srdfdom', 'pythonpath')
[0.946s] INFO:colcon.colcon_core.shell:Creating environment hook '/home/muneeb/RoboFlexv2.0/brainswarm_ws/install/srdfdom/share/srdfdom/hook/pythonpath.ps1'
[0.947s] INFO:colcon.colcon_core.shell:Creating environment descriptor '/home/muneeb/RoboFlexv2.0/brainswarm_ws/install/srdfdom/share/srdfdom/hook/pythonpath.dsv'
[0.947s] INFO:colcon.colcon_core.shell:Creating environment hook '/home/muneeb/RoboFlexv2.0/brainswarm_ws/install/srdfdom/share/srdfdom/hook/pythonpath.sh'
[0.947s] Level 1:colcon.colcon_core.environment:checking '/home/muneeb/RoboFlexv2.0/brainswarm_ws/install/srdfdom/bin'
[0.948s] INFO:colcon.colcon_core.shell:Creating package script '/home/muneeb/RoboFlexv2.0/brainswarm_ws/install/srdfdom/share/srdfdom/package.ps1'
[0.948s] INFO:colcon.colcon_core.shell:Creating package descriptor '/home/muneeb/RoboFlexv2.0/brainswarm_ws/install/srdfdom/share/srdfdom/package.dsv'
[0.949s] INFO:colcon.colcon_core.shell:Creating package script '/home/muneeb/RoboFlexv2.0/brainswarm_ws/install/srdfdom/share/srdfdom/package.sh'
[0.949s] INFO:colcon.colcon_core.shell:Creating package script '/home/muneeb/RoboFlexv2.0/brainswarm_ws/install/srdfdom/share/srdfdom/package.bash'
[0.950s] INFO:colcon.colcon_core.shell:Creating package script '/home/muneeb/RoboFlexv2.0/brainswarm_ws/install/srdfdom/share/srdfdom/package.zsh'
[0.950s] Level 1:colcon.colcon_core.environment:create_file_with_runtime_dependencies(/home/muneeb/RoboFlexv2.0/brainswarm_ws/install/srdfdom/share/colcon-core/packages/srdfdom)
[0.950s] DEBUG:colcon.colcon_parallel_executor.executor.parallel:closing loop
[0.951s] DEBUG:colcon.colcon_parallel_executor.executor.parallel:loop closed
[0.951s] DEBUG:colcon.colcon_parallel_executor.executor.parallel:run_until_complete finished with '0'
[0.951s] DEBUG:colcon.colcon_core.event_reactor:joining thread
[0.956s] INFO:colcon.colcon_core.plugin_system:Skipping extension 'colcon_notification.desktop_notification.notify_send': Could not find 'notify-send'
[0.956s] INFO:colcon.colcon_core.plugin_system:Skipping extension 'colcon_notification.desktop_notification.terminal_notifier': Not used on non-Darwin systems
[0.956s] INFO:colcon.colcon_core.plugin_system:Skipping extension 'colcon_notification.desktop_notification.win32': Not used on non-Windows systems
[0.956s] INFO:colcon.colcon_notification.desktop_notification:Sending desktop notification using 'notify2'
[0.976s] DEBUG:colcon.colcon_core.event_reactor:joined thread
[0.976s] INFO:colcon.colcon_core.shell:Creating prefix script '/home/muneeb/RoboFlexv2.0/brainswarm_ws/install/local_setup.ps1'
[0.977s] INFO:colcon.colcon_core.shell:Creating prefix util module '/home/muneeb/RoboFlexv2.0/brainswarm_ws/install/_local_setup_util_ps1.py'
[0.979s] INFO:colcon.colcon_core.shell:Creating prefix chain script '/home/muneeb/RoboFlexv2.0/brainswarm_ws/install/setup.ps1'
[0.980s] INFO:colcon.colcon_core.shell:Creating prefix script '/home/muneeb/RoboFlexv2.0/brainswarm_ws/install/local_setup.sh'
[0.980s] INFO:colcon.colcon_core.shell:Creating prefix util module '/home/muneeb/RoboFlexv2.0/brainswarm_ws/install/_local_setup_util_sh.py'
[0.981s] INFO:colcon.colcon_core.shell:Creating prefix chain script '/home/muneeb/RoboFlexv2.0/brainswarm_ws/install/setup.sh'
[0.982s] INFO:colcon.colcon_core.shell:Creating prefix script '/home/muneeb/RoboFlexv2.0/brainswarm_ws/install/local_setup.bash'
[0.982s] INFO:colcon.colcon_core.shell:Creating prefix chain script '/home/muneeb/RoboFlexv2.0/brainswarm_ws/install/setup.bash'
[0.984s] INFO:colcon.colcon_core.shell:Creating prefix script '/home/muneeb/RoboFlexv2.0/brainswarm_ws/install/local_setup.zsh'
[0.984s] INFO:colcon.colcon_core.shell:Creating prefix chain script '/home/muneeb/RoboFlexv2.0/brainswarm_ws/install/setup.zsh'
