[0.115s] DEBUG:colcon:Command line arguments: ['/usr/bin/colcon', 'build']
[0.115s] DEBUG:colcon:Parsed command line arguments: Namespace(log_base=None, log_level=None, verb_name='build', build_base='build', install_base='install', merge_install=False, symlink_install=False, test_result_base=None, continue_on_error=False, executor='parallel', parallel_workers=8, event_handlers=None, ignore_user_meta=False, metas=['./colcon.meta'], base_paths=['.'], packages_ignore=None, packages_ignore_regex=None, paths=None, packages_up_to=None, packages_up_to_regex=None, packages_above=None, packages_above_and_dependencies=None, packages_above_depth=None, packages_select_by_dep=None, packages_skip_by_dep=None, packages_skip_up_to=None, packages_select_build_failed=False, packages_skip_build_finished=False, packages_select_test_failures=False, packages_skip_test_passed=False, packages_select=None, packages_skip=None, packages_select_regex=None, packages_skip_regex=None, packages_start=None, packages_end=None, allow_overriding=[], cmake_args=None, cmake_target=None, cmake_target_skip_unavailable=False, cmake_clean_cache=False, cmake_clean_first=False, cmake_force_configure=False, ament_cmake_args=None, catkin_cmake_args=None, catkin_skip_building_tests=False, mixin_files=None, mixin=None, verb_parser=<colcon_mixin.mixin.mixin_argument.MixinArgumentDecorator object at 0x75a9a8989310>, verb_extension=<colcon_core.verb.build.BuildVerb object at 0x75a9a8ad5910>, main=<bound method BuildVerb.main of <colcon_core.verb.build.BuildVerb object at 0x75a9a8ad5910>>, mixin_verb=('build',))
[0.157s] Level 1:colcon.colcon_core.package_discovery:discover_packages(colcon_meta) check parameters
[0.157s] Level 1:colcon.colcon_core.package_discovery:discover_packages(recursive) check parameters
[0.157s] Level 1:colcon.colcon_core.package_discovery:discover_packages(ignore) check parameters
[0.157s] Level 1:colcon.colcon_core.package_discovery:discover_packages(path) check parameters
[0.157s] Level 1:colcon.colcon_core.package_discovery:discover_packages(colcon_meta) discover
[0.157s] Level 1:colcon.colcon_core.package_discovery:discover_packages(recursive) discover
[0.157s] INFO:colcon.colcon_core.package_discovery:Crawling recursively for packages in '/home/muneeb/RoboFlexv2.0/brainswarm_ws'
[0.157s] Level 1:colcon.colcon_core.package_identification:_identify(.) by extensions ['ignore', 'ignore_ament_install']
[0.158s] Level 1:colcon.colcon_core.package_identification:_identify(.) by extension 'ignore'
[0.158s] Level 1:colcon.colcon_core.package_identification:_identify(.) by extension 'ignore_ament_install'
[0.158s] Level 1:colcon.colcon_core.package_identification:_identify(.) by extensions ['colcon_pkg']
[0.158s] Level 1:colcon.colcon_core.package_identification:_identify(.) by extension 'colcon_pkg'
[0.158s] Level 1:colcon.colcon_core.package_identification:_identify(.) by extensions ['colcon_meta']
[0.158s] Level 1:colcon.colcon_core.package_identification:_identify(.) by extension 'colcon_meta'
[0.158s] Level 1:colcon.colcon_core.package_identification:_identify(.) by extensions ['ros']
[0.158s] Level 1:colcon.colcon_core.package_identification:_identify(.) by extension 'ros'
[0.187s] Level 1:colcon.colcon_core.package_identification:_identify(.) by extensions ['cmake', 'python']
[0.187s] Level 1:colcon.colcon_core.package_identification:_identify(.) by extension 'cmake'
[0.187s] Level 1:colcon.colcon_core.package_identification:_identify(.) by extension 'python'
[0.187s] Level 1:colcon.colcon_core.package_identification:_identify(.) by extensions ['python_setup_py']
[0.187s] Level 1:colcon.colcon_core.package_identification:_identify(.) by extension 'python_setup_py'
[0.188s] Level 1:colcon.colcon_core.package_identification:_identify(build) by extensions ['ignore', 'ignore_ament_install']
[0.188s] Level 1:colcon.colcon_core.package_identification:_identify(build) by extension 'ignore'
[0.188s] Level 1:colcon.colcon_core.package_identification:_identify(build) ignored
[0.188s] Level 1:colcon.colcon_core.package_identification:_identify(install) by extensions ['ignore', 'ignore_ament_install']
[0.188s] Level 1:colcon.colcon_core.package_identification:_identify(install) by extension 'ignore'
[0.188s] Level 1:colcon.colcon_core.package_identification:_identify(install) ignored
[0.188s] Level 1:colcon.colcon_core.package_identification:_identify(log) by extensions ['ignore', 'ignore_ament_install']
[0.188s] Level 1:colcon.colcon_core.package_identification:_identify(log) by extension 'ignore'
[0.188s] Level 1:colcon.colcon_core.package_identification:_identify(log) ignored
[0.188s] Level 1:colcon.colcon_core.package_identification:_identify(src) by extensions ['ignore', 'ignore_ament_install']
[0.189s] Level 1:colcon.colcon_core.package_identification:_identify(src) by extension 'ignore'
[0.189s] Level 1:colcon.colcon_core.package_identification:_identify(src) by extension 'ignore_ament_install'
[0.189s] Level 1:colcon.colcon_core.package_identification:_identify(src) by extensions ['colcon_pkg']
[0.189s] Level 1:colcon.colcon_core.package_identification:_identify(src) by extension 'colcon_pkg'
[0.189s] Level 1:colcon.colcon_core.package_identification:_identify(src) by extensions ['colcon_meta']
[0.189s] Level 1:colcon.colcon_core.package_identification:_identify(src) by extension 'colcon_meta'
[0.189s] Level 1:colcon.colcon_core.package_identification:_identify(src) by extensions ['ros']
[0.189s] Level 1:colcon.colcon_core.package_identification:_identify(src) by extension 'ros'
[0.189s] Level 1:colcon.colcon_core.package_identification:_identify(src) by extensions ['cmake', 'python']
[0.189s] Level 1:colcon.colcon_core.package_identification:_identify(src) by extension 'cmake'
[0.189s] Level 1:colcon.colcon_core.package_identification:_identify(src) by extension 'python'
[0.189s] Level 1:colcon.colcon_core.package_identification:_identify(src) by extensions ['python_setup_py']
[0.189s] Level 1:colcon.colcon_core.package_identification:_identify(src) by extension 'python_setup_py'
[0.189s] Level 1:colcon.colcon_core.package_identification:_identify(src/bras_robot_description) by extensions ['ignore', 'ignore_ament_install']
[0.189s] Level 1:colcon.colcon_core.package_identification:_identify(src/bras_robot_description) by extension 'ignore'
[0.189s] Level 1:colcon.colcon_core.package_identification:_identify(src/bras_robot_description) by extension 'ignore_ament_install'
[0.189s] Level 1:colcon.colcon_core.package_identification:_identify(src/bras_robot_description) by extensions ['colcon_pkg']
[0.189s] Level 1:colcon.colcon_core.package_identification:_identify(src/bras_robot_description) by extension 'colcon_pkg'
[0.190s] Level 1:colcon.colcon_core.package_identification:_identify(src/bras_robot_description) by extensions ['colcon_meta']
[0.190s] Level 1:colcon.colcon_core.package_identification:_identify(src/bras_robot_description) by extension 'colcon_meta'
[0.190s] Level 1:colcon.colcon_core.package_identification:_identify(src/bras_robot_description) by extensions ['ros']
[0.190s] Level 1:colcon.colcon_core.package_identification:_identify(src/bras_robot_description) by extension 'ros'
[0.192s] DEBUG:colcon.colcon_core.package_identification:Package 'src/bras_robot_description' with type 'ros.ament_cmake' and name 'bras_robot_description'
[0.192s] Level 1:colcon.colcon_core.package_identification:_identify(src/dynamixel_hardware) by extensions ['ignore', 'ignore_ament_install']
[0.192s] Level 1:colcon.colcon_core.package_identification:_identify(src/dynamixel_hardware) by extension 'ignore'
[0.192s] Level 1:colcon.colcon_core.package_identification:_identify(src/dynamixel_hardware) by extension 'ignore_ament_install'
[0.193s] Level 1:colcon.colcon_core.package_identification:_identify(src/dynamixel_hardware) by extensions ['colcon_pkg']
[0.193s] Level 1:colcon.colcon_core.package_identification:_identify(src/dynamixel_hardware) by extension 'colcon_pkg'
[0.193s] Level 1:colcon.colcon_core.package_identification:_identify(src/dynamixel_hardware) by extensions ['colcon_meta']
[0.193s] Level 1:colcon.colcon_core.package_identification:_identify(src/dynamixel_hardware) by extension 'colcon_meta'
[0.193s] Level 1:colcon.colcon_core.package_identification:_identify(src/dynamixel_hardware) by extensions ['ros']
[0.193s] Level 1:colcon.colcon_core.package_identification:_identify(src/dynamixel_hardware) by extension 'ros'
[0.194s] DEBUG:colcon.colcon_core.package_identification:Package 'src/dynamixel_hardware' with type 'ros.ament_cmake' and name 'dynamixel_hardware'
[0.194s] Level 1:colcon.colcon_core.package_identification:_identify(src/roboflex_description) by extensions ['ignore', 'ignore_ament_install']
[0.194s] Level 1:colcon.colcon_core.package_identification:_identify(src/roboflex_description) by extension 'ignore'
[0.194s] Level 1:colcon.colcon_core.package_identification:_identify(src/roboflex_description) by extension 'ignore_ament_install'
[0.194s] Level 1:colcon.colcon_core.package_identification:_identify(src/roboflex_description) by extensions ['colcon_pkg']
[0.194s] Level 1:colcon.colcon_core.package_identification:_identify(src/roboflex_description) by extension 'colcon_pkg'
[0.194s] Level 1:colcon.colcon_core.package_identification:_identify(src/roboflex_description) by extensions ['colcon_meta']
[0.194s] Level 1:colcon.colcon_core.package_identification:_identify(src/roboflex_description) by extension 'colcon_meta'
[0.194s] Level 1:colcon.colcon_core.package_identification:_identify(src/roboflex_description) by extensions ['ros']
[0.194s] Level 1:colcon.colcon_core.package_identification:_identify(src/roboflex_description) by extension 'ros'
[0.195s] DEBUG:colcon.colcon_core.package_identification:Package 'src/roboflex_description' with type 'ros.ament_cmake' and name 'roboflex_description'
[0.195s] Level 1:colcon.colcon_core.package_identification:_identify(src/roboflex_moveit_config) by extensions ['ignore', 'ignore_ament_install']
[0.195s] Level 1:colcon.colcon_core.package_identification:_identify(src/roboflex_moveit_config) by extension 'ignore'
[0.195s] Level 1:colcon.colcon_core.package_identification:_identify(src/roboflex_moveit_config) by extension 'ignore_ament_install'
[0.195s] Level 1:colcon.colcon_core.package_identification:_identify(src/roboflex_moveit_config) by extensions ['colcon_pkg']
[0.195s] Level 1:colcon.colcon_core.package_identification:_identify(src/roboflex_moveit_config) by extension 'colcon_pkg'
[0.195s] Level 1:colcon.colcon_core.package_identification:_identify(src/roboflex_moveit_config) by extensions ['colcon_meta']
[0.195s] Level 1:colcon.colcon_core.package_identification:_identify(src/roboflex_moveit_config) by extension 'colcon_meta'
[0.195s] Level 1:colcon.colcon_core.package_identification:_identify(src/roboflex_moveit_config) by extensions ['ros']
[0.195s] Level 1:colcon.colcon_core.package_identification:_identify(src/roboflex_moveit_config) by extension 'ros'
[0.196s] DEBUG:colcon.colcon_core.package_identification:Package 'src/roboflex_moveit_config' with type 'ros.ament_cmake' and name 'roboflex_moveit_config'
[0.196s] Level 1:colcon.colcon_core.package_identification:_identify(src/srdfdom-2.0.4) by extensions ['ignore', 'ignore_ament_install']
[0.196s] Level 1:colcon.colcon_core.package_identification:_identify(src/srdfdom-2.0.4) by extension 'ignore'
[0.196s] Level 1:colcon.colcon_core.package_identification:_identify(src/srdfdom-2.0.4) by extension 'ignore_ament_install'
[0.197s] Level 1:colcon.colcon_core.package_identification:_identify(src/srdfdom-2.0.4) by extensions ['colcon_pkg']
[0.197s] Level 1:colcon.colcon_core.package_identification:_identify(src/srdfdom-2.0.4) by extension 'colcon_pkg'
[0.197s] Level 1:colcon.colcon_core.package_identification:_identify(src/srdfdom-2.0.4) by extensions ['colcon_meta']
[0.197s] Level 1:colcon.colcon_core.package_identification:_identify(src/srdfdom-2.0.4) by extension 'colcon_meta'
[0.197s] Level 1:colcon.colcon_core.package_identification:_identify(src/srdfdom-2.0.4) by extensions ['ros']
[0.197s] Level 1:colcon.colcon_core.package_identification:_identify(src/srdfdom-2.0.4) by extension 'ros'
[0.198s] DEBUG:colcon.colcon_core.package_identification:Package 'src/srdfdom-2.0.4' with type 'ros.ament_cmake' and name 'srdfdom'
[0.198s] Level 1:colcon.colcon_core.package_discovery:discover_packages(recursive) using defaults
[0.198s] Level 1:colcon.colcon_core.package_discovery:discover_packages(ignore) discover
[0.198s] Level 1:colcon.colcon_core.package_discovery:discover_packages(ignore) using defaults
[0.198s] Level 1:colcon.colcon_core.package_discovery:discover_packages(path) discover
[0.198s] Level 1:colcon.colcon_core.package_discovery:discover_packages(path) using defaults
[0.216s] Level 1:colcon.colcon_core.package_discovery:discover_packages(prefix_path) check parameters
[0.216s] Level 1:colcon.colcon_core.package_discovery:discover_packages(prefix_path) discover
[0.219s] DEBUG:colcon.colcon_installed_package_information.package_discovery:Found 366 installed packages in /opt/ros/jazzy
[0.221s] Level 1:colcon.colcon_core.package_discovery:discover_packages(prefix_path) using defaults
[0.273s] Level 5:colcon.colcon_core.verb:set package 'bras_robot_description' build argument 'cmake_args' from command line to 'None'
[0.273s] Level 5:colcon.colcon_core.verb:set package 'bras_robot_description' build argument 'cmake_target' from command line to 'None'
[0.273s] Level 5:colcon.colcon_core.verb:set package 'bras_robot_description' build argument 'cmake_target_skip_unavailable' from command line to 'False'
[0.273s] Level 5:colcon.colcon_core.verb:set package 'bras_robot_description' build argument 'cmake_clean_cache' from command line to 'False'
[0.273s] Level 5:colcon.colcon_core.verb:set package 'bras_robot_description' build argument 'cmake_clean_first' from command line to 'False'
[0.273s] Level 5:colcon.colcon_core.verb:set package 'bras_robot_description' build argument 'cmake_force_configure' from command line to 'False'
[0.273s] Level 5:colcon.colcon_core.verb:set package 'bras_robot_description' build argument 'ament_cmake_args' from command line to 'None'
[0.273s] Level 5:colcon.colcon_core.verb:set package 'bras_robot_description' build argument 'catkin_cmake_args' from command line to 'None'
[0.273s] Level 5:colcon.colcon_core.verb:set package 'bras_robot_description' build argument 'catkin_skip_building_tests' from command line to 'False'
[0.273s] DEBUG:colcon.colcon_core.verb:Building package 'bras_robot_description' with the following arguments: {'ament_cmake_args': None, 'build_base': '/home/muneeb/RoboFlexv2.0/brainswarm_ws/build/bras_robot_description', 'catkin_cmake_args': None, 'catkin_skip_building_tests': False, 'cmake_args': None, 'cmake_clean_cache': False, 'cmake_clean_first': False, 'cmake_force_configure': False, 'cmake_target': None, 'cmake_target_skip_unavailable': False, 'install_base': '/home/muneeb/RoboFlexv2.0/brainswarm_ws/install/bras_robot_description', 'merge_install': False, 'path': '/home/muneeb/RoboFlexv2.0/brainswarm_ws/src/bras_robot_description', 'symlink_install': False, 'test_result_base': None}
[0.273s] Level 5:colcon.colcon_core.verb:set package 'dynamixel_hardware' build argument 'cmake_args' from command line to 'None'
[0.273s] Level 5:colcon.colcon_core.verb:set package 'dynamixel_hardware' build argument 'cmake_target' from command line to 'None'
[0.273s] Level 5:colcon.colcon_core.verb:set package 'dynamixel_hardware' build argument 'cmake_target_skip_unavailable' from command line to 'False'
[0.273s] Level 5:colcon.colcon_core.verb:set package 'dynamixel_hardware' build argument 'cmake_clean_cache' from command line to 'False'
[0.273s] Level 5:colcon.colcon_core.verb:set package 'dynamixel_hardware' build argument 'cmake_clean_first' from command line to 'False'
[0.273s] Level 5:colcon.colcon_core.verb:set package 'dynamixel_hardware' build argument 'cmake_force_configure' from command line to 'False'
[0.273s] Level 5:colcon.colcon_core.verb:set package 'dynamixel_hardware' build argument 'ament_cmake_args' from command line to 'None'
[0.273s] Level 5:colcon.colcon_core.verb:set package 'dynamixel_hardware' build argument 'catkin_cmake_args' from command line to 'None'
[0.273s] Level 5:colcon.colcon_core.verb:set package 'dynamixel_hardware' build argument 'catkin_skip_building_tests' from command line to 'False'
[0.273s] DEBUG:colcon.colcon_core.verb:Building package 'dynamixel_hardware' with the following arguments: {'ament_cmake_args': None, 'build_base': '/home/muneeb/RoboFlexv2.0/brainswarm_ws/build/dynamixel_hardware', 'catkin_cmake_args': None, 'catkin_skip_building_tests': False, 'cmake_args': None, 'cmake_clean_cache': False, 'cmake_clean_first': False, 'cmake_force_configure': False, 'cmake_target': None, 'cmake_target_skip_unavailable': False, 'install_base': '/home/muneeb/RoboFlexv2.0/brainswarm_ws/install/dynamixel_hardware', 'merge_install': False, 'path': '/home/muneeb/RoboFlexv2.0/brainswarm_ws/src/dynamixel_hardware', 'symlink_install': False, 'test_result_base': None}
[0.274s] Level 5:colcon.colcon_core.verb:set package 'roboflex_description' build argument 'cmake_args' from command line to 'None'
[0.274s] Level 5:colcon.colcon_core.verb:set package 'roboflex_description' build argument 'cmake_target' from command line to 'None'
[0.274s] Level 5:colcon.colcon_core.verb:set package 'roboflex_description' build argument 'cmake_target_skip_unavailable' from command line to 'False'
[0.274s] Level 5:colcon.colcon_core.verb:set package 'roboflex_description' build argument 'cmake_clean_cache' from command line to 'False'
[0.274s] Level 5:colcon.colcon_core.verb:set package 'roboflex_description' build argument 'cmake_clean_first' from command line to 'False'
[0.274s] Level 5:colcon.colcon_core.verb:set package 'roboflex_description' build argument 'cmake_force_configure' from command line to 'False'
[0.274s] Level 5:colcon.colcon_core.verb:set package 'roboflex_description' build argument 'ament_cmake_args' from command line to 'None'
[0.274s] Level 5:colcon.colcon_core.verb:set package 'roboflex_description' build argument 'catkin_cmake_args' from command line to 'None'
[0.274s] Level 5:colcon.colcon_core.verb:set package 'roboflex_description' build argument 'catkin_skip_building_tests' from command line to 'False'
[0.274s] DEBUG:colcon.colcon_core.verb:Building package 'roboflex_description' with the following arguments: {'ament_cmake_args': None, 'build_base': '/home/muneeb/RoboFlexv2.0/brainswarm_ws/build/roboflex_description', 'catkin_cmake_args': None, 'catkin_skip_building_tests': False, 'cmake_args': None, 'cmake_clean_cache': False, 'cmake_clean_first': False, 'cmake_force_configure': False, 'cmake_target': None, 'cmake_target_skip_unavailable': False, 'install_base': '/home/muneeb/RoboFlexv2.0/brainswarm_ws/install/roboflex_description', 'merge_install': False, 'path': '/home/muneeb/RoboFlexv2.0/brainswarm_ws/src/roboflex_description', 'symlink_install': False, 'test_result_base': None}
[0.274s] Level 5:colcon.colcon_core.verb:set package 'srdfdom' build argument 'cmake_args' from command line to 'None'
[0.274s] Level 5:colcon.colcon_core.verb:set package 'srdfdom' build argument 'cmake_target' from command line to 'None'
[0.274s] Level 5:colcon.colcon_core.verb:set package 'srdfdom' build argument 'cmake_target_skip_unavailable' from command line to 'False'
[0.274s] Level 5:colcon.colcon_core.verb:set package 'srdfdom' build argument 'cmake_clean_cache' from command line to 'False'
[0.274s] Level 5:colcon.colcon_core.verb:set package 'srdfdom' build argument 'cmake_clean_first' from command line to 'False'
[0.274s] Level 5:colcon.colcon_core.verb:set package 'srdfdom' build argument 'cmake_force_configure' from command line to 'False'
[0.274s] Level 5:colcon.colcon_core.verb:set package 'srdfdom' build argument 'ament_cmake_args' from command line to 'None'
[0.274s] Level 5:colcon.colcon_core.verb:set package 'srdfdom' build argument 'catkin_cmake_args' from command line to 'None'
[0.274s] Level 5:colcon.colcon_core.verb:set package 'srdfdom' build argument 'catkin_skip_building_tests' from command line to 'False'
[0.274s] DEBUG:colcon.colcon_core.verb:Building package 'srdfdom' with the following arguments: {'ament_cmake_args': None, 'build_base': '/home/muneeb/RoboFlexv2.0/brainswarm_ws/build/srdfdom', 'catkin_cmake_args': None, 'catkin_skip_building_tests': False, 'cmake_args': None, 'cmake_clean_cache': False, 'cmake_clean_first': False, 'cmake_force_configure': False, 'cmake_target': None, 'cmake_target_skip_unavailable': False, 'install_base': '/home/muneeb/RoboFlexv2.0/brainswarm_ws/install/srdfdom', 'merge_install': False, 'path': '/home/muneeb/RoboFlexv2.0/brainswarm_ws/src/srdfdom-2.0.4', 'symlink_install': False, 'test_result_base': None}
[0.275s] Level 5:colcon.colcon_core.verb:set package 'roboflex_moveit_config' build argument 'cmake_args' from command line to 'None'
[0.275s] Level 5:colcon.colcon_core.verb:set package 'roboflex_moveit_config' build argument 'cmake_target' from command line to 'None'
[0.275s] Level 5:colcon.colcon_core.verb:set package 'roboflex_moveit_config' build argument 'cmake_target_skip_unavailable' from command line to 'False'
[0.275s] Level 5:colcon.colcon_core.verb:set package 'roboflex_moveit_config' build argument 'cmake_clean_cache' from command line to 'False'
[0.275s] Level 5:colcon.colcon_core.verb:set package 'roboflex_moveit_config' build argument 'cmake_clean_first' from command line to 'False'
[0.275s] Level 5:colcon.colcon_core.verb:set package 'roboflex_moveit_config' build argument 'cmake_force_configure' from command line to 'False'
[0.275s] Level 5:colcon.colcon_core.verb:set package 'roboflex_moveit_config' build argument 'ament_cmake_args' from command line to 'None'
[0.275s] Level 5:colcon.colcon_core.verb:set package 'roboflex_moveit_config' build argument 'catkin_cmake_args' from command line to 'None'
[0.275s] Level 5:colcon.colcon_core.verb:set package 'roboflex_moveit_config' build argument 'catkin_skip_building_tests' from command line to 'False'
[0.275s] DEBUG:colcon.colcon_core.verb:Building package 'roboflex_moveit_config' with the following arguments: {'ament_cmake_args': None, 'build_base': '/home/muneeb/RoboFlexv2.0/brainswarm_ws/build/roboflex_moveit_config', 'catkin_cmake_args': None, 'catkin_skip_building_tests': False, 'cmake_args': None, 'cmake_clean_cache': False, 'cmake_clean_first': False, 'cmake_force_configure': False, 'cmake_target': None, 'cmake_target_skip_unavailable': False, 'install_base': '/home/muneeb/RoboFlexv2.0/brainswarm_ws/install/roboflex_moveit_config', 'merge_install': False, 'path': '/home/muneeb/RoboFlexv2.0/brainswarm_ws/src/roboflex_moveit_config', 'symlink_install': False, 'test_result_base': None}
[0.275s] INFO:colcon.colcon_core.executor:Executing jobs using 'parallel' executor
[0.276s] DEBUG:colcon.colcon_parallel_executor.executor.parallel:run_until_complete
[0.276s] INFO:colcon.colcon_ros.task.ament_cmake.build:Building ROS package in '/home/muneeb/RoboFlexv2.0/brainswarm_ws/src/roboflex_description' with build type 'ament_cmake'
[0.276s] INFO:colcon.colcon_cmake.task.cmake.build:Building CMake package in '/home/muneeb/RoboFlexv2.0/brainswarm_ws/src/roboflex_description'
[0.279s] INFO:colcon.colcon_core.plugin_system:Skipping extension 'colcon_core.shell.bat': Not used on non-Windows systems
[0.279s] INFO:colcon.colcon_core.shell:Skip shell extension 'powershell' for command environment: Not usable outside of PowerShell
[0.279s] DEBUG:colcon.colcon_core.shell:Skip shell extension 'dsv' for command environment
[0.282s] INFO:colcon.colcon_ros.task.ament_cmake.build:Building ROS package in '/home/muneeb/RoboFlexv2.0/brainswarm_ws/src/bras_robot_description' with build type 'ament_cmake'
[0.282s] INFO:colcon.colcon_cmake.task.cmake.build:Building CMake package in '/home/muneeb/RoboFlexv2.0/brainswarm_ws/src/bras_robot_description'
[0.282s] INFO:colcon.colcon_core.shell:Skip shell extension 'powershell' for command environment: Not usable outside of PowerShell
[0.283s] DEBUG:colcon.colcon_core.shell:Skip shell extension 'dsv' for command environment
[0.286s] INFO:colcon.colcon_ros.task.ament_cmake.build:Building ROS package in '/home/muneeb/RoboFlexv2.0/brainswarm_ws/src/dynamixel_hardware' with build type 'ament_cmake'
[0.286s] INFO:colcon.colcon_cmake.task.cmake.build:Building CMake package in '/home/muneeb/RoboFlexv2.0/brainswarm_ws/src/dynamixel_hardware'
[0.286s] INFO:colcon.colcon_core.shell:Skip shell extension 'powershell' for command environment: Not usable outside of PowerShell
[0.286s] DEBUG:colcon.colcon_core.shell:Skip shell extension 'dsv' for command environment
[0.289s] INFO:colcon.colcon_ros.task.ament_cmake.build:Building ROS package in '/home/muneeb/RoboFlexv2.0/brainswarm_ws/src/srdfdom-2.0.4' with build type 'ament_cmake'
[0.290s] INFO:colcon.colcon_cmake.task.cmake.build:Building CMake package in '/home/muneeb/RoboFlexv2.0/brainswarm_ws/src/srdfdom-2.0.4'
[0.290s] INFO:colcon.colcon_core.shell:Skip shell extension 'powershell' for command environment: Not usable outside of PowerShell
[0.290s] DEBUG:colcon.colcon_core.shell:Skip shell extension 'dsv' for command environment
[0.300s] DEBUG:colcon.colcon_core.event_handler.log_command:Invoking command in '/home/muneeb/RoboFlexv2.0/brainswarm_ws/build/roboflex_description': CMAKE_PREFIX_PATH=${CMAKE_PREFIX_PATH}:/opt/ros/jazzy DEBUGINFOD_URLS=https://debuginfod.neon.kde.org/ https://debuginfod.ubuntu.com/ /usr/bin/cmake --build /home/muneeb/RoboFlexv2.0/brainswarm_ws/build/roboflex_description -- -j8 -l8
[0.303s] DEBUG:colcon.colcon_core.event_handler.log_command:Invoking command in '/home/muneeb/RoboFlexv2.0/brainswarm_ws/build/bras_robot_description': CMAKE_PREFIX_PATH=${CMAKE_PREFIX_PATH}:/opt/ros/jazzy DEBUGINFOD_URLS=https://debuginfod.neon.kde.org/ https://debuginfod.ubuntu.com/ /usr/bin/cmake --build /home/muneeb/RoboFlexv2.0/brainswarm_ws/build/bras_robot_description -- -j8 -l8
[0.309s] DEBUG:colcon.colcon_core.event_handler.log_command:Invoking command in '/home/muneeb/RoboFlexv2.0/brainswarm_ws/build/dynamixel_hardware': CMAKE_PREFIX_PATH=${CMAKE_PREFIX_PATH}:/opt/ros/jazzy DEBUGINFOD_URLS=https://debuginfod.neon.kde.org/ https://debuginfod.ubuntu.com/ /usr/bin/cmake /home/muneeb/RoboFlexv2.0/brainswarm_ws/src/dynamixel_hardware -DCMAKE_INSTALL_PREFIX=/home/muneeb/RoboFlexv2.0/brainswarm_ws/install/dynamixel_hardware
[0.314s] DEBUG:colcon.colcon_core.event_handler.log_command:Invoking command in '/home/muneeb/RoboFlexv2.0/brainswarm_ws/build/srdfdom': CMAKE_PREFIX_PATH=${CMAKE_PREFIX_PATH}:/opt/ros/jazzy DEBUGINFOD_URLS=https://debuginfod.neon.kde.org/ https://debuginfod.ubuntu.com/ /usr/bin/cmake --build /home/muneeb/RoboFlexv2.0/brainswarm_ws/build/srdfdom -- -j8 -l8
[0.346s] DEBUG:colcon.colcon_core.event_handler.log_command:Invoked command in '/home/muneeb/RoboFlexv2.0/brainswarm_ws/build/bras_robot_description' returned '0': CMAKE_PREFIX_PATH=${CMAKE_PREFIX_PATH}:/opt/ros/jazzy DEBUGINFOD_URLS=https://debuginfod.neon.kde.org/ https://debuginfod.ubuntu.com/ /usr/bin/cmake --build /home/muneeb/RoboFlexv2.0/brainswarm_ws/build/bras_robot_description -- -j8 -l8
[0.361s] DEBUG:colcon.colcon_core.event_handler.log_command:Invoking command in '/home/muneeb/RoboFlexv2.0/brainswarm_ws/build/bras_robot_description': CMAKE_PREFIX_PATH=${CMAKE_PREFIX_PATH}:/opt/ros/jazzy DEBUGINFOD_URLS=https://debuginfod.neon.kde.org/ https://debuginfod.ubuntu.com/ /usr/bin/cmake --install /home/muneeb/RoboFlexv2.0/brainswarm_ws/build/bras_robot_description
[0.364s] DEBUG:colcon.colcon_core.event_handler.log_command:Invoked command in '/home/muneeb/RoboFlexv2.0/brainswarm_ws/build/roboflex_description' returned '0': CMAKE_PREFIX_PATH=${CMAKE_PREFIX_PATH}:/opt/ros/jazzy DEBUGINFOD_URLS=https://debuginfod.neon.kde.org/ https://debuginfod.ubuntu.com/ /usr/bin/cmake --build /home/muneeb/RoboFlexv2.0/brainswarm_ws/build/roboflex_description -- -j8 -l8
[0.365s] DEBUG:colcon.colcon_core.event_handler.log_command:Invoking command in '/home/muneeb/RoboFlexv2.0/brainswarm_ws/build/roboflex_description': CMAKE_PREFIX_PATH=${CMAKE_PREFIX_PATH}:/opt/ros/jazzy DEBUGINFOD_URLS=https://debuginfod.neon.kde.org/ https://debuginfod.ubuntu.com/ /usr/bin/cmake --install /home/muneeb/RoboFlexv2.0/brainswarm_ws/build/roboflex_description
[0.394s] Level 1:colcon.colcon_core.environment:create_environment_scripts_only(bras_robot_description)
[0.403s] Level 1:colcon.colcon_core.environment:checking '/home/muneeb/RoboFlexv2.0/brainswarm_ws/install/bras_robot_description' for CMake module files
[0.405s] Level 1:colcon.colcon_core.environment:checking '/home/muneeb/RoboFlexv2.0/brainswarm_ws/install/bras_robot_description' for CMake config files
[0.408s] Level 1:colcon.colcon_core.shell:create_environment_hook('bras_robot_description', 'cmake_prefix_path')
[0.408s] INFO:colcon.colcon_core.shell:Creating environment hook '/home/muneeb/RoboFlexv2.0/brainswarm_ws/install/bras_robot_description/share/bras_robot_description/hook/cmake_prefix_path.ps1'
[0.410s] INFO:colcon.colcon_core.shell:Creating environment descriptor '/home/muneeb/RoboFlexv2.0/brainswarm_ws/install/bras_robot_description/share/bras_robot_description/hook/cmake_prefix_path.dsv'
[0.412s] INFO:colcon.colcon_core.shell:Creating environment hook '/home/muneeb/RoboFlexv2.0/brainswarm_ws/install/bras_robot_description/share/bras_robot_description/hook/cmake_prefix_path.sh'
[0.414s] Level 1:colcon.colcon_core.environment:checking '/home/muneeb/RoboFlexv2.0/brainswarm_ws/install/bras_robot_description/bin'
[0.414s] Level 1:colcon.colcon_core.environment:checking '/home/muneeb/RoboFlexv2.0/brainswarm_ws/install/bras_robot_description/lib/pkgconfig/bras_robot_description.pc'
[0.415s] Level 1:colcon.colcon_core.environment:checking '/home/muneeb/RoboFlexv2.0/brainswarm_ws/install/bras_robot_description/lib/python3.12/site-packages'
[0.415s] Level 1:colcon.colcon_core.environment:checking '/home/muneeb/RoboFlexv2.0/brainswarm_ws/install/bras_robot_description/bin'
[0.416s] INFO:colcon.colcon_core.shell:Creating package script '/home/muneeb/RoboFlexv2.0/brainswarm_ws/install/bras_robot_description/share/bras_robot_description/package.ps1'
[0.417s] INFO:colcon.colcon_core.shell:Creating package descriptor '/home/muneeb/RoboFlexv2.0/brainswarm_ws/install/bras_robot_description/share/bras_robot_description/package.dsv'
[0.418s] INFO:colcon.colcon_core.shell:Creating package script '/home/muneeb/RoboFlexv2.0/brainswarm_ws/install/bras_robot_description/share/bras_robot_description/package.sh'
[0.419s] INFO:colcon.colcon_core.shell:Creating package script '/home/muneeb/RoboFlexv2.0/brainswarm_ws/install/bras_robot_description/share/bras_robot_description/package.bash'
[0.431s] INFO:colcon.colcon_core.shell:Creating package script '/home/muneeb/RoboFlexv2.0/brainswarm_ws/install/bras_robot_description/share/bras_robot_description/package.zsh'
[0.432s] Level 1:colcon.colcon_core.environment:create_file_with_runtime_dependencies(/home/muneeb/RoboFlexv2.0/brainswarm_ws/install/bras_robot_description/share/colcon-core/packages/bras_robot_description)
[0.433s] Level 1:colcon.colcon_core.environment:create_environment_scripts_only(bras_robot_description)
[0.433s] Level 1:colcon.colcon_core.environment:checking '/home/muneeb/RoboFlexv2.0/brainswarm_ws/install/bras_robot_description' for CMake module files
[0.434s] DEBUG:colcon.colcon_core.event_handler.log_command:Invoked command in '/home/muneeb/RoboFlexv2.0/brainswarm_ws/build/bras_robot_description' returned '0': CMAKE_PREFIX_PATH=${CMAKE_PREFIX_PATH}:/opt/ros/jazzy DEBUGINFOD_URLS=https://debuginfod.neon.kde.org/ https://debuginfod.ubuntu.com/ /usr/bin/cmake --install /home/muneeb/RoboFlexv2.0/brainswarm_ws/build/bras_robot_description
[0.435s] Level 1:colcon.colcon_core.environment:checking '/home/muneeb/RoboFlexv2.0/brainswarm_ws/install/bras_robot_description' for CMake config files
[0.436s] Level 1:colcon.colcon_core.shell:create_environment_hook('bras_robot_description', 'cmake_prefix_path')
[0.436s] INFO:colcon.colcon_core.shell:Creating environment hook '/home/muneeb/RoboFlexv2.0/brainswarm_ws/install/bras_robot_description/share/bras_robot_description/hook/cmake_prefix_path.ps1'
[0.437s] INFO:colcon.colcon_core.shell:Creating environment descriptor '/home/muneeb/RoboFlexv2.0/brainswarm_ws/install/bras_robot_description/share/bras_robot_description/hook/cmake_prefix_path.dsv'
[0.437s] INFO:colcon.colcon_core.shell:Creating environment hook '/home/muneeb/RoboFlexv2.0/brainswarm_ws/install/bras_robot_description/share/bras_robot_description/hook/cmake_prefix_path.sh'
[0.438s] Level 1:colcon.colcon_core.environment:checking '/home/muneeb/RoboFlexv2.0/brainswarm_ws/install/bras_robot_description/bin'
[0.438s] Level 1:colcon.colcon_core.environment:checking '/home/muneeb/RoboFlexv2.0/brainswarm_ws/install/bras_robot_description/lib/pkgconfig/bras_robot_description.pc'
[0.439s] Level 1:colcon.colcon_core.environment:checking '/home/muneeb/RoboFlexv2.0/brainswarm_ws/install/bras_robot_description/lib/python3.12/site-packages'
[0.439s] Level 1:colcon.colcon_core.environment:checking '/home/muneeb/RoboFlexv2.0/brainswarm_ws/install/bras_robot_description/bin'
[0.440s] INFO:colcon.colcon_core.shell:Creating package script '/home/muneeb/RoboFlexv2.0/brainswarm_ws/install/bras_robot_description/share/bras_robot_description/package.ps1'
[0.441s] INFO:colcon.colcon_core.shell:Creating package descriptor '/home/muneeb/RoboFlexv2.0/brainswarm_ws/install/bras_robot_description/share/bras_robot_description/package.dsv'
[0.442s] INFO:colcon.colcon_core.shell:Creating package script '/home/muneeb/RoboFlexv2.0/brainswarm_ws/install/bras_robot_description/share/bras_robot_description/package.sh'
[0.443s] INFO:colcon.colcon_core.shell:Creating package script '/home/muneeb/RoboFlexv2.0/brainswarm_ws/install/bras_robot_description/share/bras_robot_description/package.bash'
[0.443s] INFO:colcon.colcon_core.shell:Creating package script '/home/muneeb/RoboFlexv2.0/brainswarm_ws/install/bras_robot_description/share/bras_robot_description/package.zsh'
[0.444s] Level 1:colcon.colcon_core.environment:create_file_with_runtime_dependencies(/home/muneeb/RoboFlexv2.0/brainswarm_ws/install/bras_robot_description/share/colcon-core/packages/bras_robot_description)
[0.445s] Level 1:colcon.colcon_core.environment:create_environment_scripts_only(roboflex_description)
[0.445s] Level 1:colcon.colcon_core.environment:checking '/home/muneeb/RoboFlexv2.0/brainswarm_ws/install/roboflex_description' for CMake module files
[0.447s] DEBUG:colcon.colcon_core.event_handler.log_command:Invoked command in '/home/muneeb/RoboFlexv2.0/brainswarm_ws/build/roboflex_description' returned '0': CMAKE_PREFIX_PATH=${CMAKE_PREFIX_PATH}:/opt/ros/jazzy DEBUGINFOD_URLS=https://debuginfod.neon.kde.org/ https://debuginfod.ubuntu.com/ /usr/bin/cmake --install /home/muneeb/RoboFlexv2.0/brainswarm_ws/build/roboflex_description
[0.448s] Level 1:colcon.colcon_core.environment:checking '/home/muneeb/RoboFlexv2.0/brainswarm_ws/install/roboflex_description' for CMake config files
[0.448s] Level 1:colcon.colcon_core.shell:create_environment_hook('roboflex_description', 'cmake_prefix_path')
[0.448s] INFO:colcon.colcon_core.shell:Creating environment hook '/home/muneeb/RoboFlexv2.0/brainswarm_ws/install/roboflex_description/share/roboflex_description/hook/cmake_prefix_path.ps1'
[0.449s] INFO:colcon.colcon_core.shell:Creating environment descriptor '/home/muneeb/RoboFlexv2.0/brainswarm_ws/install/roboflex_description/share/roboflex_description/hook/cmake_prefix_path.dsv'
[0.450s] INFO:colcon.colcon_core.shell:Creating environment hook '/home/muneeb/RoboFlexv2.0/brainswarm_ws/install/roboflex_description/share/roboflex_description/hook/cmake_prefix_path.sh'
[0.451s] Level 1:colcon.colcon_core.environment:checking '/home/muneeb/RoboFlexv2.0/brainswarm_ws/install/roboflex_description/lib'
[0.451s] Level 1:colcon.colcon_core.environment:checking '/home/muneeb/RoboFlexv2.0/brainswarm_ws/install/roboflex_description/bin'
[0.452s] Level 1:colcon.colcon_core.environment:checking '/home/muneeb/RoboFlexv2.0/brainswarm_ws/install/roboflex_description/lib/pkgconfig/roboflex_description.pc'
[0.452s] Level 1:colcon.colcon_core.environment:checking '/home/muneeb/RoboFlexv2.0/brainswarm_ws/install/roboflex_description/lib/python3.12/site-packages'
[0.452s] Level 1:colcon.colcon_core.environment:checking '/home/muneeb/RoboFlexv2.0/brainswarm_ws/install/roboflex_description/bin'
[0.453s] INFO:colcon.colcon_core.shell:Creating package script '/home/muneeb/RoboFlexv2.0/brainswarm_ws/install/roboflex_description/share/roboflex_description/package.ps1'
[0.454s] INFO:colcon.colcon_core.shell:Creating package descriptor '/home/muneeb/RoboFlexv2.0/brainswarm_ws/install/roboflex_description/share/roboflex_description/package.dsv'
[0.455s] INFO:colcon.colcon_core.shell:Creating package script '/home/muneeb/RoboFlexv2.0/brainswarm_ws/install/roboflex_description/share/roboflex_description/package.sh'
[0.455s] INFO:colcon.colcon_core.shell:Creating package script '/home/muneeb/RoboFlexv2.0/brainswarm_ws/install/roboflex_description/share/roboflex_description/package.bash'
[0.463s] INFO:colcon.colcon_core.shell:Creating package script '/home/muneeb/RoboFlexv2.0/brainswarm_ws/install/roboflex_description/share/roboflex_description/package.zsh'
[0.475s] Level 1:colcon.colcon_core.environment:create_file_with_runtime_dependencies(/home/muneeb/RoboFlexv2.0/brainswarm_ws/install/roboflex_description/share/colcon-core/packages/roboflex_description)
[0.476s] Level 1:colcon.colcon_core.environment:create_environment_scripts_only(roboflex_description)
[0.476s] Level 1:colcon.colcon_core.environment:checking '/home/muneeb/RoboFlexv2.0/brainswarm_ws/install/roboflex_description' for CMake module files
[0.477s] Level 1:colcon.colcon_core.environment:checking '/home/muneeb/RoboFlexv2.0/brainswarm_ws/install/roboflex_description' for CMake config files
[0.478s] Level 1:colcon.colcon_core.shell:create_environment_hook('roboflex_description', 'cmake_prefix_path')
[0.478s] INFO:colcon.colcon_core.shell:Creating environment hook '/home/muneeb/RoboFlexv2.0/brainswarm_ws/install/roboflex_description/share/roboflex_description/hook/cmake_prefix_path.ps1'
[0.483s] INFO:colcon.colcon_core.shell:Creating environment descriptor '/home/muneeb/RoboFlexv2.0/brainswarm_ws/install/roboflex_description/share/roboflex_description/hook/cmake_prefix_path.dsv'
[0.495s] INFO:colcon.colcon_core.shell:Creating environment hook '/home/muneeb/RoboFlexv2.0/brainswarm_ws/install/roboflex_description/share/roboflex_description/hook/cmake_prefix_path.sh'
[0.501s] Level 1:colcon.colcon_core.environment:checking '/home/muneeb/RoboFlexv2.0/brainswarm_ws/install/roboflex_description/lib'
[0.501s] Level 1:colcon.colcon_core.environment:checking '/home/muneeb/RoboFlexv2.0/brainswarm_ws/install/roboflex_description/bin'
[0.502s] Level 1:colcon.colcon_core.environment:checking '/home/muneeb/RoboFlexv2.0/brainswarm_ws/install/roboflex_description/lib/pkgconfig/roboflex_description.pc'
[0.502s] Level 1:colcon.colcon_core.environment:checking '/home/muneeb/RoboFlexv2.0/brainswarm_ws/install/roboflex_description/lib/python3.12/site-packages'
[0.502s] Level 1:colcon.colcon_core.environment:checking '/home/muneeb/RoboFlexv2.0/brainswarm_ws/install/roboflex_description/bin'
[0.503s] INFO:colcon.colcon_core.shell:Creating package script '/home/muneeb/RoboFlexv2.0/brainswarm_ws/install/roboflex_description/share/roboflex_description/package.ps1'
[0.517s] INFO:colcon.colcon_core.shell:Creating package descriptor '/home/muneeb/RoboFlexv2.0/brainswarm_ws/install/roboflex_description/share/roboflex_description/package.dsv'
[0.518s] INFO:colcon.colcon_core.shell:Creating package script '/home/muneeb/RoboFlexv2.0/brainswarm_ws/install/roboflex_description/share/roboflex_description/package.sh'
[0.519s] INFO:colcon.colcon_core.shell:Creating package script '/home/muneeb/RoboFlexv2.0/brainswarm_ws/install/roboflex_description/share/roboflex_description/package.bash'
[0.519s] INFO:colcon.colcon_core.shell:Creating package script '/home/muneeb/RoboFlexv2.0/brainswarm_ws/install/roboflex_description/share/roboflex_description/package.zsh'
[0.520s] Level 1:colcon.colcon_core.environment:create_file_with_runtime_dependencies(/home/muneeb/RoboFlexv2.0/brainswarm_ws/install/roboflex_description/share/colcon-core/packages/roboflex_description)
[0.521s] INFO:colcon.colcon_ros.task.ament_cmake.build:Building ROS package in '/home/muneeb/RoboFlexv2.0/brainswarm_ws/src/roboflex_moveit_config' with build type 'ament_cmake'
[0.521s] INFO:colcon.colcon_cmake.task.cmake.build:Building CMake package in '/home/muneeb/RoboFlexv2.0/brainswarm_ws/src/roboflex_moveit_config'
[0.521s] INFO:colcon.colcon_core.shell:Skip shell extension 'powershell' for command environment: Not usable outside of PowerShell
[0.522s] DEBUG:colcon.colcon_core.shell:Skip shell extension 'dsv' for command environment
[0.536s] DEBUG:colcon.colcon_core.event_handler.log_command:Invoking command in '/home/muneeb/RoboFlexv2.0/brainswarm_ws/build/roboflex_moveit_config': AMENT_PREFIX_PATH=/home/muneeb/RoboFlexv2.0/brainswarm_ws/install/roboflex_description:${AMENT_PREFIX_PATH} CMAKE_PREFIX_PATH=/home/muneeb/RoboFlexv2.0/brainswarm_ws/install/roboflex_description:/opt/ros/jazzy/opt/gz_sim_vendor:/opt/ros/jazzy/opt/gz_sensors_vendor:/opt/ros/jazzy/opt/gz_physics_vendor:/opt/ros/jazzy/opt/sdformat_vendor:/opt/ros/jazzy/opt/gz_gui_vendor:/opt/ros/jazzy/opt/gz_transport_vendor:/opt/ros/jazzy/opt/gz_rendering_vendor:/opt/ros/jazzy/opt/gz_plugin_vendor:/opt/ros/jazzy/opt/gz_fuel_tools_vendor:/opt/ros/jazzy/opt/gz_msgs_vendor:/opt/ros/jazzy/opt/gz_common_vendor:/opt/ros/jazzy/opt/gz_math_vendor:/opt/ros/jazzy/opt/gz_utils_vendor:/opt/ros/jazzy/opt/gz_tools_vendor:/opt/ros/jazzy/opt/gz_ogre_next_vendor:/opt/ros/jazzy/opt/gz_dartsim_vendor:/opt/ros/jazzy/opt/gz_cmake_vendor:/opt/ros/jazzy DEBUGINFOD_URLS=https://debuginfod.neon.kde.org/ https://debuginfod.ubuntu.com/ /usr/bin/cmake --build /home/muneeb/RoboFlexv2.0/brainswarm_ws/build/roboflex_moveit_config -- -j8 -l8
[0.601s] DEBUG:colcon.colcon_core.event_handler.log_command:Invoked command in '/home/muneeb/RoboFlexv2.0/brainswarm_ws/build/roboflex_moveit_config' returned '0': AMENT_PREFIX_PATH=/home/muneeb/RoboFlexv2.0/brainswarm_ws/install/roboflex_description:${AMENT_PREFIX_PATH} CMAKE_PREFIX_PATH=/home/muneeb/RoboFlexv2.0/brainswarm_ws/install/roboflex_description:/opt/ros/jazzy/opt/gz_sim_vendor:/opt/ros/jazzy/opt/gz_sensors_vendor:/opt/ros/jazzy/opt/gz_physics_vendor:/opt/ros/jazzy/opt/sdformat_vendor:/opt/ros/jazzy/opt/gz_gui_vendor:/opt/ros/jazzy/opt/gz_transport_vendor:/opt/ros/jazzy/opt/gz_rendering_vendor:/opt/ros/jazzy/opt/gz_plugin_vendor:/opt/ros/jazzy/opt/gz_fuel_tools_vendor:/opt/ros/jazzy/opt/gz_msgs_vendor:/opt/ros/jazzy/opt/gz_common_vendor:/opt/ros/jazzy/opt/gz_math_vendor:/opt/ros/jazzy/opt/gz_utils_vendor:/opt/ros/jazzy/opt/gz_tools_vendor:/opt/ros/jazzy/opt/gz_ogre_next_vendor:/opt/ros/jazzy/opt/gz_dartsim_vendor:/opt/ros/jazzy/opt/gz_cmake_vendor:/opt/ros/jazzy DEBUGINFOD_URLS=https://debuginfod.neon.kde.org/ https://debuginfod.ubuntu.com/ /usr/bin/cmake --build /home/muneeb/RoboFlexv2.0/brainswarm_ws/build/roboflex_moveit_config -- -j8 -l8
[0.603s] DEBUG:colcon.colcon_core.event_handler.log_command:Invoking command in '/home/muneeb/RoboFlexv2.0/brainswarm_ws/build/roboflex_moveit_config': AMENT_PREFIX_PATH=/home/muneeb/RoboFlexv2.0/brainswarm_ws/install/roboflex_description:${AMENT_PREFIX_PATH} CMAKE_PREFIX_PATH=/home/muneeb/RoboFlexv2.0/brainswarm_ws/install/roboflex_description:/opt/ros/jazzy/opt/gz_sim_vendor:/opt/ros/jazzy/opt/gz_sensors_vendor:/opt/ros/jazzy/opt/gz_physics_vendor:/opt/ros/jazzy/opt/sdformat_vendor:/opt/ros/jazzy/opt/gz_gui_vendor:/opt/ros/jazzy/opt/gz_transport_vendor:/opt/ros/jazzy/opt/gz_rendering_vendor:/opt/ros/jazzy/opt/gz_plugin_vendor:/opt/ros/jazzy/opt/gz_fuel_tools_vendor:/opt/ros/jazzy/opt/gz_msgs_vendor:/opt/ros/jazzy/opt/gz_common_vendor:/opt/ros/jazzy/opt/gz_math_vendor:/opt/ros/jazzy/opt/gz_utils_vendor:/opt/ros/jazzy/opt/gz_tools_vendor:/opt/ros/jazzy/opt/gz_ogre_next_vendor:/opt/ros/jazzy/opt/gz_dartsim_vendor:/opt/ros/jazzy/opt/gz_cmake_vendor:/opt/ros/jazzy DEBUGINFOD_URLS=https://debuginfod.neon.kde.org/ https://debuginfod.ubuntu.com/ /usr/bin/cmake --install /home/muneeb/RoboFlexv2.0/brainswarm_ws/build/roboflex_moveit_config
[0.629s] Level 1:colcon.colcon_core.environment:create_environment_scripts_only(roboflex_moveit_config)
[0.629s] Level 1:colcon.colcon_core.environment:checking '/home/muneeb/RoboFlexv2.0/brainswarm_ws/install/roboflex_moveit_config' for CMake module files
[0.632s] Level 1:colcon.colcon_core.environment:checking '/home/muneeb/RoboFlexv2.0/brainswarm_ws/install/roboflex_moveit_config' for CMake config files
[0.632s] DEBUG:colcon.colcon_core.event_handler.log_command:Invoked command in '/home/muneeb/RoboFlexv2.0/brainswarm_ws/build/roboflex_moveit_config' returned '0': AMENT_PREFIX_PATH=/home/muneeb/RoboFlexv2.0/brainswarm_ws/install/roboflex_description:${AMENT_PREFIX_PATH} CMAKE_PREFIX_PATH=/home/muneeb/RoboFlexv2.0/brainswarm_ws/install/roboflex_description:/opt/ros/jazzy/opt/gz_sim_vendor:/opt/ros/jazzy/opt/gz_sensors_vendor:/opt/ros/jazzy/opt/gz_physics_vendor:/opt/ros/jazzy/opt/sdformat_vendor:/opt/ros/jazzy/opt/gz_gui_vendor:/opt/ros/jazzy/opt/gz_transport_vendor:/opt/ros/jazzy/opt/gz_rendering_vendor:/opt/ros/jazzy/opt/gz_plugin_vendor:/opt/ros/jazzy/opt/gz_fuel_tools_vendor:/opt/ros/jazzy/opt/gz_msgs_vendor:/opt/ros/jazzy/opt/gz_common_vendor:/opt/ros/jazzy/opt/gz_math_vendor:/opt/ros/jazzy/opt/gz_utils_vendor:/opt/ros/jazzy/opt/gz_tools_vendor:/opt/ros/jazzy/opt/gz_ogre_next_vendor:/opt/ros/jazzy/opt/gz_dartsim_vendor:/opt/ros/jazzy/opt/gz_cmake_vendor:/opt/ros/jazzy DEBUGINFOD_URLS=https://debuginfod.neon.kde.org/ https://debuginfod.ubuntu.com/ /usr/bin/cmake --install /home/muneeb/RoboFlexv2.0/brainswarm_ws/build/roboflex_moveit_config
[0.632s] Level 1:colcon.colcon_core.shell:create_environment_hook('roboflex_moveit_config', 'cmake_prefix_path')
[0.633s] INFO:colcon.colcon_core.shell:Creating environment hook '/home/muneeb/RoboFlexv2.0/brainswarm_ws/install/roboflex_moveit_config/share/roboflex_moveit_config/hook/cmake_prefix_path.ps1'
[0.633s] INFO:colcon.colcon_core.shell:Creating environment descriptor '/home/muneeb/RoboFlexv2.0/brainswarm_ws/install/roboflex_moveit_config/share/roboflex_moveit_config/hook/cmake_prefix_path.dsv'
[0.634s] INFO:colcon.colcon_core.shell:Creating environment hook '/home/muneeb/RoboFlexv2.0/brainswarm_ws/install/roboflex_moveit_config/share/roboflex_moveit_config/hook/cmake_prefix_path.sh'
[0.635s] Level 1:colcon.colcon_core.environment:checking '/home/muneeb/RoboFlexv2.0/brainswarm_ws/install/roboflex_moveit_config/bin'
[0.635s] Level 1:colcon.colcon_core.environment:checking '/home/muneeb/RoboFlexv2.0/brainswarm_ws/install/roboflex_moveit_config/lib/pkgconfig/roboflex_moveit_config.pc'
[0.635s] Level 1:colcon.colcon_core.environment:checking '/home/muneeb/RoboFlexv2.0/brainswarm_ws/install/roboflex_moveit_config/lib/python3.12/site-packages'
[0.636s] Level 1:colcon.colcon_core.environment:checking '/home/muneeb/RoboFlexv2.0/brainswarm_ws/install/roboflex_moveit_config/bin'
[0.636s] INFO:colcon.colcon_core.shell:Creating package script '/home/muneeb/RoboFlexv2.0/brainswarm_ws/install/roboflex_moveit_config/share/roboflex_moveit_config/package.ps1'
[0.637s] INFO:colcon.colcon_core.shell:Creating package descriptor '/home/muneeb/RoboFlexv2.0/brainswarm_ws/install/roboflex_moveit_config/share/roboflex_moveit_config/package.dsv'
[0.637s] INFO:colcon.colcon_core.shell:Creating package script '/home/muneeb/RoboFlexv2.0/brainswarm_ws/install/roboflex_moveit_config/share/roboflex_moveit_config/package.sh'
[0.638s] INFO:colcon.colcon_core.shell:Creating package script '/home/muneeb/RoboFlexv2.0/brainswarm_ws/install/roboflex_moveit_config/share/roboflex_moveit_config/package.bash'
[0.638s] INFO:colcon.colcon_core.shell:Creating package script '/home/muneeb/RoboFlexv2.0/brainswarm_ws/install/roboflex_moveit_config/share/roboflex_moveit_config/package.zsh'
[0.639s] Level 1:colcon.colcon_core.environment:create_file_with_runtime_dependencies(/home/muneeb/RoboFlexv2.0/brainswarm_ws/install/roboflex_moveit_config/share/colcon-core/packages/roboflex_moveit_config)
[0.640s] Level 1:colcon.colcon_core.environment:create_environment_scripts_only(roboflex_moveit_config)
[0.640s] Level 1:colcon.colcon_core.environment:checking '/home/muneeb/RoboFlexv2.0/brainswarm_ws/install/roboflex_moveit_config' for CMake module files
[0.641s] Level 1:colcon.colcon_core.environment:checking '/home/muneeb/RoboFlexv2.0/brainswarm_ws/install/roboflex_moveit_config' for CMake config files
[0.642s] Level 1:colcon.colcon_core.shell:create_environment_hook('roboflex_moveit_config', 'cmake_prefix_path')
[0.642s] INFO:colcon.colcon_core.shell:Creating environment hook '/home/muneeb/RoboFlexv2.0/brainswarm_ws/install/roboflex_moveit_config/share/roboflex_moveit_config/hook/cmake_prefix_path.ps1'
[0.643s] INFO:colcon.colcon_core.shell:Creating environment descriptor '/home/muneeb/RoboFlexv2.0/brainswarm_ws/install/roboflex_moveit_config/share/roboflex_moveit_config/hook/cmake_prefix_path.dsv'
[0.643s] INFO:colcon.colcon_core.shell:Creating environment hook '/home/muneeb/RoboFlexv2.0/brainswarm_ws/install/roboflex_moveit_config/share/roboflex_moveit_config/hook/cmake_prefix_path.sh'
[0.644s] Level 1:colcon.colcon_core.environment:checking '/home/muneeb/RoboFlexv2.0/brainswarm_ws/install/roboflex_moveit_config/bin'
[0.644s] Level 1:colcon.colcon_core.environment:checking '/home/muneeb/RoboFlexv2.0/brainswarm_ws/install/roboflex_moveit_config/lib/pkgconfig/roboflex_moveit_config.pc'
[0.645s] Level 1:colcon.colcon_core.environment:checking '/home/muneeb/RoboFlexv2.0/brainswarm_ws/install/roboflex_moveit_config/lib/python3.12/site-packages'
[0.645s] Level 1:colcon.colcon_core.environment:checking '/home/muneeb/RoboFlexv2.0/brainswarm_ws/install/roboflex_moveit_config/bin'
[0.645s] INFO:colcon.colcon_core.shell:Creating package script '/home/muneeb/RoboFlexv2.0/brainswarm_ws/install/roboflex_moveit_config/share/roboflex_moveit_config/package.ps1'
[0.646s] INFO:colcon.colcon_core.shell:Creating package descriptor '/home/muneeb/RoboFlexv2.0/brainswarm_ws/install/roboflex_moveit_config/share/roboflex_moveit_config/package.dsv'
[0.647s] INFO:colcon.colcon_core.shell:Creating package script '/home/muneeb/RoboFlexv2.0/brainswarm_ws/install/roboflex_moveit_config/share/roboflex_moveit_config/package.sh'
[0.648s] INFO:colcon.colcon_core.shell:Creating package script '/home/muneeb/RoboFlexv2.0/brainswarm_ws/install/roboflex_moveit_config/share/roboflex_moveit_config/package.bash'
[0.648s] INFO:colcon.colcon_core.shell:Creating package script '/home/muneeb/RoboFlexv2.0/brainswarm_ws/install/roboflex_moveit_config/share/roboflex_moveit_config/package.zsh'
[0.649s] Level 1:colcon.colcon_core.environment:create_file_with_runtime_dependencies(/home/muneeb/RoboFlexv2.0/brainswarm_ws/install/roboflex_moveit_config/share/colcon-core/packages/roboflex_moveit_config)
[1.491s] DEBUG:colcon.colcon_core.event_handler.log_command:Invoked command in '/home/muneeb/RoboFlexv2.0/brainswarm_ws/build/dynamixel_hardware' returned '1': CMAKE_PREFIX_PATH=${CMAKE_PREFIX_PATH}:/opt/ros/jazzy DEBUGINFOD_URLS=https://debuginfod.neon.kde.org/ https://debuginfod.ubuntu.com/ /usr/bin/cmake /home/muneeb/RoboFlexv2.0/brainswarm_ws/src/dynamixel_hardware -DCMAKE_INSTALL_PREFIX=/home/muneeb/RoboFlexv2.0/brainswarm_ws/install/dynamixel_hardware
[1.504s] Level 1:colcon.colcon_core.environment:create_environment_scripts_only(dynamixel_hardware)
[1.504s] Level 1:colcon.colcon_core.environment:checking '/home/muneeb/RoboFlexv2.0/brainswarm_ws/install/dynamixel_hardware' for CMake module files
[1.505s] Level 1:colcon.colcon_core.environment:checking '/home/muneeb/RoboFlexv2.0/brainswarm_ws/install/dynamixel_hardware' for CMake config files
[1.505s] Level 1:colcon.colcon_core.environment:checking '/home/muneeb/RoboFlexv2.0/brainswarm_ws/install/dynamixel_hardware/bin'
[1.505s] Level 1:colcon.colcon_core.environment:checking '/home/muneeb/RoboFlexv2.0/brainswarm_ws/install/dynamixel_hardware/lib/pkgconfig/dynamixel_hardware.pc'
[1.506s] Level 1:colcon.colcon_core.environment:checking '/home/muneeb/RoboFlexv2.0/brainswarm_ws/install/dynamixel_hardware/lib/python3.12/site-packages'
[1.506s] Level 1:colcon.colcon_core.environment:checking '/home/muneeb/RoboFlexv2.0/brainswarm_ws/install/dynamixel_hardware/bin'
[1.506s] INFO:colcon.colcon_core.shell:Creating package script '/home/muneeb/RoboFlexv2.0/brainswarm_ws/install/dynamixel_hardware/share/dynamixel_hardware/package.ps1'
[1.507s] INFO:colcon.colcon_core.shell:Creating package descriptor '/home/muneeb/RoboFlexv2.0/brainswarm_ws/install/dynamixel_hardware/share/dynamixel_hardware/package.dsv'
[1.507s] INFO:colcon.colcon_core.shell:Creating package script '/home/muneeb/RoboFlexv2.0/brainswarm_ws/install/dynamixel_hardware/share/dynamixel_hardware/package.sh'
[1.508s] INFO:colcon.colcon_core.shell:Creating package script '/home/muneeb/RoboFlexv2.0/brainswarm_ws/install/dynamixel_hardware/share/dynamixel_hardware/package.bash'
[1.508s] INFO:colcon.colcon_core.shell:Creating package script '/home/muneeb/RoboFlexv2.0/brainswarm_ws/install/dynamixel_hardware/share/dynamixel_hardware/package.zsh'
[1.509s] Level 1:colcon.colcon_core.environment:create_file_with_runtime_dependencies(/home/muneeb/RoboFlexv2.0/brainswarm_ws/install/dynamixel_hardware/share/colcon-core/packages/dynamixel_hardware)
[6.227s] DEBUG:colcon.colcon_parallel_executor.executor.parallel:closing loop
[6.227s] DEBUG:colcon.colcon_parallel_executor.executor.parallel:loop closed
[6.227s] DEBUG:colcon.colcon_parallel_executor.executor.parallel:run_until_complete finished with '1'
[6.227s] DEBUG:colcon.colcon_core.event_reactor:joining thread
[6.234s] INFO:colcon.colcon_core.plugin_system:Skipping extension 'colcon_notification.desktop_notification.notify_send': Could not find 'notify-send'
[6.234s] INFO:colcon.colcon_core.plugin_system:Skipping extension 'colcon_notification.desktop_notification.terminal_notifier': Not used on non-Darwin systems
[6.234s] INFO:colcon.colcon_core.plugin_system:Skipping extension 'colcon_notification.desktop_notification.win32': Not used on non-Windows systems
[6.234s] INFO:colcon.colcon_notification.desktop_notification:Sending desktop notification using 'notify2'
[6.259s] DEBUG:colcon.colcon_core.event_reactor:joined thread
[6.259s] INFO:colcon.colcon_core.shell:Creating prefix script '/home/muneeb/RoboFlexv2.0/brainswarm_ws/install/local_setup.ps1'
[6.260s] INFO:colcon.colcon_core.shell:Creating prefix util module '/home/muneeb/RoboFlexv2.0/brainswarm_ws/install/_local_setup_util_ps1.py'
[6.261s] INFO:colcon.colcon_core.shell:Creating prefix chain script '/home/muneeb/RoboFlexv2.0/brainswarm_ws/install/setup.ps1'
[6.262s] INFO:colcon.colcon_core.shell:Creating prefix script '/home/muneeb/RoboFlexv2.0/brainswarm_ws/install/local_setup.sh'
[6.263s] INFO:colcon.colcon_core.shell:Creating prefix util module '/home/muneeb/RoboFlexv2.0/brainswarm_ws/install/_local_setup_util_sh.py'
[6.263s] INFO:colcon.colcon_core.shell:Creating prefix chain script '/home/muneeb/RoboFlexv2.0/brainswarm_ws/install/setup.sh'
[6.264s] INFO:colcon.colcon_core.shell:Creating prefix script '/home/muneeb/RoboFlexv2.0/brainswarm_ws/install/local_setup.bash'
[6.265s] INFO:colcon.colcon_core.shell:Creating prefix chain script '/home/muneeb/RoboFlexv2.0/brainswarm_ws/install/setup.bash'
[6.266s] INFO:colcon.colcon_core.shell:Creating prefix script '/home/muneeb/RoboFlexv2.0/brainswarm_ws/install/local_setup.zsh'
[6.266s] INFO:colcon.colcon_core.shell:Creating prefix chain script '/home/muneeb/RoboFlexv2.0/brainswarm_ws/install/setup.zsh'
