-- Install configuration: ""
-- Up-to-date: /home/muneeb/RoboFlexv2.0/brainswarm_ws/install/roboflex_description/lib/roboflex_description/trajectory_controller
-- Up-to-date: /home/muneeb/RoboFlexv2.0/brainswarm_ws/install/roboflex_description/lib/roboflex_description/gripper_trajectory_controller
-- Up-to-date: /home/muneeb/RoboFlexv2.0/brainswarm_ws/install/roboflex_description/share/roboflex_description//config
-- Up-to-date: /home/muneeb/RoboFlexv2.0/brainswarm_ws/install/roboflex_description/share/roboflex_description//config/real_robotic_arm_controllers.yaml
-- Up-to-date: /home/muneeb/RoboFlexv2.0/brainswarm_ws/install/roboflex_description/share/roboflex_description//config/roboflex_controllers.yaml
-- Up-to-date: /home/muneeb/RoboFlexv2.0/brainswarm_ws/install/roboflex_description/share/roboflex_description//config/ros_gz_bridge.yaml
-- Up-to-date: /home/muneeb/RoboFlexv2.0/brainswarm_ws/install/roboflex_description/share/roboflex_description//meshes
-- Up-to-date: /home/muneeb/RoboFlexv2.0/brainswarm_ws/install/roboflex_description/share/roboflex_description//meshes/gripper_left_link.STL
-- Up-to-date: /home/muneeb/RoboFlexv2.0/brainswarm_ws/install/roboflex_description/share/roboflex_description//meshes/base_link.STL
-- Up-to-date: /home/muneeb/RoboFlexv2.0/brainswarm_ws/install/roboflex_description/share/roboflex_description//meshes/gripper_right_link.STL
-- Up-to-date: /home/muneeb/RoboFlexv2.0/brainswarm_ws/install/roboflex_description/share/roboflex_description//meshes/gripper_body.STL
-- Up-to-date: /home/muneeb/RoboFlexv2.0/brainswarm_ws/install/roboflex_description/share/roboflex_description//meshes/link_3.STL
-- Up-to-date: /home/muneeb/RoboFlexv2.0/brainswarm_ws/install/roboflex_description/share/roboflex_description//meshes/link_2.STL
-- Up-to-date: /home/muneeb/RoboFlexv2.0/brainswarm_ws/install/roboflex_description/share/roboflex_description//meshes/link_1.STL
-- Up-to-date: /home/muneeb/RoboFlexv2.0/brainswarm_ws/install/roboflex_description/share/roboflex_description//launch
-- Up-to-date: /home/muneeb/RoboFlexv2.0/brainswarm_ws/install/roboflex_description/share/roboflex_description//launch/real_hardware.launch.py
-- Up-to-date: /home/muneeb/RoboFlexv2.0/brainswarm_ws/install/roboflex_description/share/roboflex_description//launch/simulation.launch.py
-- Up-to-date: /home/muneeb/RoboFlexv2.0/brainswarm_ws/install/roboflex_description/share/roboflex_description//scripts
-- Up-to-date: /home/muneeb/RoboFlexv2.0/brainswarm_ws/install/roboflex_description/share/roboflex_description//scripts/trajectory_controller
-- Up-to-date: /home/muneeb/RoboFlexv2.0/brainswarm_ws/install/roboflex_description/share/roboflex_description//scripts/gripper_trajectory_controller
-- Up-to-date: /home/muneeb/RoboFlexv2.0/brainswarm_ws/install/roboflex_description/share/roboflex_description//urdf
-- Up-to-date: /home/muneeb/RoboFlexv2.0/brainswarm_ws/install/roboflex_description/share/roboflex_description//urdf/roboflex_robotic_arm.urdf
-- Installing: /home/muneeb/RoboFlexv2.0/brainswarm_ws/install/roboflex_description/share/roboflex_description//urdf/roboflex_robotic_arm.urdf.xacro
-- Up-to-date: /home/muneeb/RoboFlexv2.0/brainswarm_ws/install/roboflex_description/share/roboflex_description//urdf/real_hardware.urdf.xacro
-- Up-to-date: /home/muneeb/RoboFlexv2.0/brainswarm_ws/install/roboflex_description/share/roboflex_description//urdf/brainswarm_robotic_arm.csv
-- Up-to-date: /home/muneeb/RoboFlexv2.0/brainswarm_ws/install/roboflex_description/share/ament_index/resource_index/package_run_dependencies/roboflex_description
-- Up-to-date: /home/muneeb/RoboFlexv2.0/brainswarm_ws/install/roboflex_description/share/ament_index/resource_index/parent_prefix_path/roboflex_description
-- Up-to-date: /home/muneeb/RoboFlexv2.0/brainswarm_ws/install/roboflex_description/share/roboflex_description/environment/ament_prefix_path.sh
-- Up-to-date: /home/muneeb/RoboFlexv2.0/brainswarm_ws/install/roboflex_description/share/roboflex_description/environment/ament_prefix_path.dsv
-- Up-to-date: /home/muneeb/RoboFlexv2.0/brainswarm_ws/install/roboflex_description/share/roboflex_description/environment/path.sh
-- Up-to-date: /home/muneeb/RoboFlexv2.0/brainswarm_ws/install/roboflex_description/share/roboflex_description/environment/path.dsv
-- Up-to-date: /home/muneeb/RoboFlexv2.0/brainswarm_ws/install/roboflex_description/share/roboflex_description/local_setup.bash
-- Up-to-date: /home/muneeb/RoboFlexv2.0/brainswarm_ws/install/roboflex_description/share/roboflex_description/local_setup.sh
-- Up-to-date: /home/muneeb/RoboFlexv2.0/brainswarm_ws/install/roboflex_description/share/roboflex_description/local_setup.zsh
-- Up-to-date: /home/muneeb/RoboFlexv2.0/brainswarm_ws/install/roboflex_description/share/roboflex_description/local_setup.dsv
-- Installing: /home/muneeb/RoboFlexv2.0/brainswarm_ws/install/roboflex_description/share/roboflex_description/package.dsv
-- Up-to-date: /home/muneeb/RoboFlexv2.0/brainswarm_ws/install/roboflex_description/share/ament_index/resource_index/packages/roboflex_description
-- Up-to-date: /home/muneeb/RoboFlexv2.0/brainswarm_ws/install/roboflex_description/share/roboflex_description/cmake/roboflex_descriptionConfig.cmake
-- Up-to-date: /home/muneeb/RoboFlexv2.0/brainswarm_ws/install/roboflex_description/share/roboflex_description/cmake/roboflex_descriptionConfig-version.cmake
-- Up-to-date: /home/muneeb/RoboFlexv2.0/brainswarm_ws/install/roboflex_description/share/roboflex_description/package.xml
