[0.121s] DEBUG:colcon:Command line arguments: ['/usr/bin/colcon', 'build']
[0.121s] DEBUG:colcon:Parsed command line arguments: Namespace(log_base=None, log_level=None, verb_name='build', build_base='build', install_base='install', merge_install=False, symlink_install=False, test_result_base=None, continue_on_error=False, executor='parallel', parallel_workers=8, event_handlers=None, ignore_user_meta=False, metas=['./colcon.meta'], base_paths=['.'], packages_ignore=None, packages_ignore_regex=None, paths=None, packages_up_to=None, packages_up_to_regex=None, packages_above=None, packages_above_and_dependencies=None, packages_above_depth=None, packages_select_by_dep=None, packages_skip_by_dep=None, packages_skip_up_to=None, packages_select_build_failed=False, packages_skip_build_finished=False, packages_select_test_failures=False, packages_skip_test_passed=False, packages_select=None, packages_skip=None, packages_select_regex=None, packages_skip_regex=None, packages_start=None, packages_end=None, allow_overriding=[], cmake_args=None, cmake_target=None, cmake_target_skip_unavailable=False, cmake_clean_cache=False, cmake_clean_first=False, cmake_force_configure=False, ament_cmake_args=None, catkin_cmake_args=None, catkin_skip_building_tests=False, mixin_files=None, mixin=None, verb_parser=<colcon_mixin.mixin.mixin_argument.MixinArgumentDecorator object at 0x759cdbaad220>, verb_extension=<colcon_core.verb.build.BuildVerb object at 0x759cdbbd5760>, main=<bound method BuildVerb.main of <colcon_core.verb.build.BuildVerb object at 0x759cdbbd5760>>, mixin_verb=('build',))
[0.163s] Level 1:colcon.colcon_core.package_discovery:discover_packages(colcon_meta) check parameters
[0.163s] Level 1:colcon.colcon_core.package_discovery:discover_packages(recursive) check parameters
[0.163s] Level 1:colcon.colcon_core.package_discovery:discover_packages(ignore) check parameters
[0.163s] Level 1:colcon.colcon_core.package_discovery:discover_packages(path) check parameters
[0.163s] Level 1:colcon.colcon_core.package_discovery:discover_packages(colcon_meta) discover
[0.164s] Level 1:colcon.colcon_core.package_discovery:discover_packages(recursive) discover
[0.164s] INFO:colcon.colcon_core.package_discovery:Crawling recursively for packages in '/home/muneeb/RoboFlexv2.0/brainswarm_ws'
[0.164s] Level 1:colcon.colcon_core.package_identification:_identify(.) by extensions ['ignore', 'ignore_ament_install']
[0.164s] Level 1:colcon.colcon_core.package_identification:_identify(.) by extension 'ignore'
[0.164s] Level 1:colcon.colcon_core.package_identification:_identify(.) by extension 'ignore_ament_install'
[0.164s] Level 1:colcon.colcon_core.package_identification:_identify(.) by extensions ['colcon_pkg']
[0.164s] Level 1:colcon.colcon_core.package_identification:_identify(.) by extension 'colcon_pkg'
[0.164s] Level 1:colcon.colcon_core.package_identification:_identify(.) by extensions ['colcon_meta']
[0.164s] Level 1:colcon.colcon_core.package_identification:_identify(.) by extension 'colcon_meta'
[0.164s] Level 1:colcon.colcon_core.package_identification:_identify(.) by extensions ['ros']
[0.164s] Level 1:colcon.colcon_core.package_identification:_identify(.) by extension 'ros'
[0.194s] Level 1:colcon.colcon_core.package_identification:_identify(.) by extensions ['cmake', 'python']
[0.194s] Level 1:colcon.colcon_core.package_identification:_identify(.) by extension 'cmake'
[0.194s] Level 1:colcon.colcon_core.package_identification:_identify(.) by extension 'python'
[0.194s] Level 1:colcon.colcon_core.package_identification:_identify(.) by extensions ['python_setup_py']
[0.194s] Level 1:colcon.colcon_core.package_identification:_identify(.) by extension 'python_setup_py'
[0.194s] Level 1:colcon.colcon_core.package_identification:_identify(build) by extensions ['ignore', 'ignore_ament_install']
[0.195s] Level 1:colcon.colcon_core.package_identification:_identify(build) by extension 'ignore'
[0.195s] Level 1:colcon.colcon_core.package_identification:_identify(build) ignored
[0.195s] Level 1:colcon.colcon_core.package_identification:_identify(install) by extensions ['ignore', 'ignore_ament_install']
[0.195s] Level 1:colcon.colcon_core.package_identification:_identify(install) by extension 'ignore'
[0.195s] Level 1:colcon.colcon_core.package_identification:_identify(install) ignored
[0.195s] Level 1:colcon.colcon_core.package_identification:_identify(log) by extensions ['ignore', 'ignore_ament_install']
[0.195s] Level 1:colcon.colcon_core.package_identification:_identify(log) by extension 'ignore'
[0.195s] Level 1:colcon.colcon_core.package_identification:_identify(log) ignored
[0.195s] Level 1:colcon.colcon_core.package_identification:_identify(src) by extensions ['ignore', 'ignore_ament_install']
[0.195s] Level 1:colcon.colcon_core.package_identification:_identify(src) by extension 'ignore'
[0.195s] Level 1:colcon.colcon_core.package_identification:_identify(src) by extension 'ignore_ament_install'
[0.195s] Level 1:colcon.colcon_core.package_identification:_identify(src) by extensions ['colcon_pkg']
[0.196s] Level 1:colcon.colcon_core.package_identification:_identify(src) by extension 'colcon_pkg'
[0.196s] Level 1:colcon.colcon_core.package_identification:_identify(src) by extensions ['colcon_meta']
[0.196s] Level 1:colcon.colcon_core.package_identification:_identify(src) by extension 'colcon_meta'
[0.196s] Level 1:colcon.colcon_core.package_identification:_identify(src) by extensions ['ros']
[0.196s] Level 1:colcon.colcon_core.package_identification:_identify(src) by extension 'ros'
[0.196s] Level 1:colcon.colcon_core.package_identification:_identify(src) by extensions ['cmake', 'python']
[0.196s] Level 1:colcon.colcon_core.package_identification:_identify(src) by extension 'cmake'
[0.196s] Level 1:colcon.colcon_core.package_identification:_identify(src) by extension 'python'
[0.196s] Level 1:colcon.colcon_core.package_identification:_identify(src) by extensions ['python_setup_py']
[0.196s] Level 1:colcon.colcon_core.package_identification:_identify(src) by extension 'python_setup_py'
[0.196s] Level 1:colcon.colcon_core.package_identification:_identify(src/bras_robot_description) by extensions ['ignore', 'ignore_ament_install']
[0.196s] Level 1:colcon.colcon_core.package_identification:_identify(src/bras_robot_description) by extension 'ignore'
[0.196s] Level 1:colcon.colcon_core.package_identification:_identify(src/bras_robot_description) by extension 'ignore_ament_install'
[0.196s] Level 1:colcon.colcon_core.package_identification:_identify(src/bras_robot_description) by extensions ['colcon_pkg']
[0.196s] Level 1:colcon.colcon_core.package_identification:_identify(src/bras_robot_description) by extension 'colcon_pkg'
[0.196s] Level 1:colcon.colcon_core.package_identification:_identify(src/bras_robot_description) by extensions ['colcon_meta']
[0.196s] Level 1:colcon.colcon_core.package_identification:_identify(src/bras_robot_description) by extension 'colcon_meta'
[0.196s] Level 1:colcon.colcon_core.package_identification:_identify(src/bras_robot_description) by extensions ['ros']
[0.196s] Level 1:colcon.colcon_core.package_identification:_identify(src/bras_robot_description) by extension 'ros'
[0.199s] DEBUG:colcon.colcon_core.package_identification:Package 'src/bras_robot_description' with type 'ros.ament_cmake' and name 'bras_robot_description'
[0.200s] Level 1:colcon.colcon_core.package_identification:_identify(src/dynamixel_hardware) by extensions ['ignore', 'ignore_ament_install']
[0.200s] Level 1:colcon.colcon_core.package_identification:_identify(src/dynamixel_hardware) by extension 'ignore'
[0.200s] Level 1:colcon.colcon_core.package_identification:_identify(src/dynamixel_hardware) by extension 'ignore_ament_install'
[0.200s] Level 1:colcon.colcon_core.package_identification:_identify(src/dynamixel_hardware) by extensions ['colcon_pkg']
[0.200s] Level 1:colcon.colcon_core.package_identification:_identify(src/dynamixel_hardware) by extension 'colcon_pkg'
[0.200s] Level 1:colcon.colcon_core.package_identification:_identify(src/dynamixel_hardware) by extensions ['colcon_meta']
[0.200s] Level 1:colcon.colcon_core.package_identification:_identify(src/dynamixel_hardware) by extension 'colcon_meta'
[0.200s] Level 1:colcon.colcon_core.package_identification:_identify(src/dynamixel_hardware) by extensions ['ros']
[0.200s] Level 1:colcon.colcon_core.package_identification:_identify(src/dynamixel_hardware) by extension 'ros'
[0.201s] DEBUG:colcon.colcon_core.package_identification:Package 'src/dynamixel_hardware' with type 'ros.ament_cmake' and name 'dynamixel_hardware'
[0.201s] Level 1:colcon.colcon_core.package_identification:_identify(src/roboflex_description) by extensions ['ignore', 'ignore_ament_install']
[0.201s] Level 1:colcon.colcon_core.package_identification:_identify(src/roboflex_description) by extension 'ignore'
[0.201s] Level 1:colcon.colcon_core.package_identification:_identify(src/roboflex_description) by extension 'ignore_ament_install'
[0.201s] Level 1:colcon.colcon_core.package_identification:_identify(src/roboflex_description) by extensions ['colcon_pkg']
[0.201s] Level 1:colcon.colcon_core.package_identification:_identify(src/roboflex_description) by extension 'colcon_pkg'
[0.201s] Level 1:colcon.colcon_core.package_identification:_identify(src/roboflex_description) by extensions ['colcon_meta']
[0.201s] Level 1:colcon.colcon_core.package_identification:_identify(src/roboflex_description) by extension 'colcon_meta'
[0.202s] Level 1:colcon.colcon_core.package_identification:_identify(src/roboflex_description) by extensions ['ros']
[0.202s] Level 1:colcon.colcon_core.package_identification:_identify(src/roboflex_description) by extension 'ros'
[0.202s] DEBUG:colcon.colcon_core.package_identification:Package 'src/roboflex_description' with type 'ros.ament_cmake' and name 'roboflex_description'
[0.202s] Level 1:colcon.colcon_core.package_identification:_identify(src/roboflex_moveit_config) by extensions ['ignore', 'ignore_ament_install']
[0.202s] Level 1:colcon.colcon_core.package_identification:_identify(src/roboflex_moveit_config) by extension 'ignore'
[0.202s] Level 1:colcon.colcon_core.package_identification:_identify(src/roboflex_moveit_config) by extension 'ignore_ament_install'
[0.202s] Level 1:colcon.colcon_core.package_identification:_identify(src/roboflex_moveit_config) by extensions ['colcon_pkg']
[0.202s] Level 1:colcon.colcon_core.package_identification:_identify(src/roboflex_moveit_config) by extension 'colcon_pkg'
[0.202s] Level 1:colcon.colcon_core.package_identification:_identify(src/roboflex_moveit_config) by extensions ['colcon_meta']
[0.202s] Level 1:colcon.colcon_core.package_identification:_identify(src/roboflex_moveit_config) by extension 'colcon_meta'
[0.203s] Level 1:colcon.colcon_core.package_identification:_identify(src/roboflex_moveit_config) by extensions ['ros']
[0.203s] Level 1:colcon.colcon_core.package_identification:_identify(src/roboflex_moveit_config) by extension 'ros'
[0.203s] DEBUG:colcon.colcon_core.package_identification:Package 'src/roboflex_moveit_config' with type 'ros.ament_cmake' and name 'roboflex_moveit_config'
[0.203s] Level 1:colcon.colcon_core.package_identification:_identify(src/srdfdom-2.0.4) by extensions ['ignore', 'ignore_ament_install']
[0.204s] Level 1:colcon.colcon_core.package_identification:_identify(src/srdfdom-2.0.4) by extension 'ignore'
[0.204s] Level 1:colcon.colcon_core.package_identification:_identify(src/srdfdom-2.0.4) by extension 'ignore_ament_install'
[0.204s] Level 1:colcon.colcon_core.package_identification:_identify(src/srdfdom-2.0.4) by extensions ['colcon_pkg']
[0.204s] Level 1:colcon.colcon_core.package_identification:_identify(src/srdfdom-2.0.4) by extension 'colcon_pkg'
[0.204s] Level 1:colcon.colcon_core.package_identification:_identify(src/srdfdom-2.0.4) by extensions ['colcon_meta']
[0.204s] Level 1:colcon.colcon_core.package_identification:_identify(src/srdfdom-2.0.4) by extension 'colcon_meta'
[0.204s] Level 1:colcon.colcon_core.package_identification:_identify(src/srdfdom-2.0.4) by extensions ['ros']
[0.204s] Level 1:colcon.colcon_core.package_identification:_identify(src/srdfdom-2.0.4) by extension 'ros'
[0.205s] DEBUG:colcon.colcon_core.package_identification:Package 'src/srdfdom-2.0.4' with type 'ros.ament_cmake' and name 'srdfdom'
[0.205s] Level 1:colcon.colcon_core.package_discovery:discover_packages(recursive) using defaults
[0.205s] Level 1:colcon.colcon_core.package_discovery:discover_packages(ignore) discover
[0.205s] Level 1:colcon.colcon_core.package_discovery:discover_packages(ignore) using defaults
[0.205s] Level 1:colcon.colcon_core.package_discovery:discover_packages(path) discover
[0.205s] Level 1:colcon.colcon_core.package_discovery:discover_packages(path) using defaults
[0.224s] Level 1:colcon.colcon_core.package_discovery:discover_packages(prefix_path) check parameters
[0.224s] Level 1:colcon.colcon_core.package_discovery:discover_packages(prefix_path) discover
[0.227s] DEBUG:colcon.colcon_installed_package_information.package_discovery:Found 366 installed packages in /opt/ros/jazzy
[0.230s] Level 1:colcon.colcon_core.package_discovery:discover_packages(prefix_path) using defaults
[0.283s] Level 5:colcon.colcon_core.verb:set package 'bras_robot_description' build argument 'cmake_args' from command line to 'None'
[0.283s] Level 5:colcon.colcon_core.verb:set package 'bras_robot_description' build argument 'cmake_target' from command line to 'None'
[0.283s] Level 5:colcon.colcon_core.verb:set package 'bras_robot_description' build argument 'cmake_target_skip_unavailable' from command line to 'False'
[0.283s] Level 5:colcon.colcon_core.verb:set package 'bras_robot_description' build argument 'cmake_clean_cache' from command line to 'False'
[0.283s] Level 5:colcon.colcon_core.verb:set package 'bras_robot_description' build argument 'cmake_clean_first' from command line to 'False'
[0.284s] Level 5:colcon.colcon_core.verb:set package 'bras_robot_description' build argument 'cmake_force_configure' from command line to 'False'
[0.284s] Level 5:colcon.colcon_core.verb:set package 'bras_robot_description' build argument 'ament_cmake_args' from command line to 'None'
[0.284s] Level 5:colcon.colcon_core.verb:set package 'bras_robot_description' build argument 'catkin_cmake_args' from command line to 'None'
[0.284s] Level 5:colcon.colcon_core.verb:set package 'bras_robot_description' build argument 'catkin_skip_building_tests' from command line to 'False'
[0.284s] DEBUG:colcon.colcon_core.verb:Building package 'bras_robot_description' with the following arguments: {'ament_cmake_args': None, 'build_base': '/home/muneeb/RoboFlexv2.0/brainswarm_ws/build/bras_robot_description', 'catkin_cmake_args': None, 'catkin_skip_building_tests': False, 'cmake_args': None, 'cmake_clean_cache': False, 'cmake_clean_first': False, 'cmake_force_configure': False, 'cmake_target': None, 'cmake_target_skip_unavailable': False, 'install_base': '/home/muneeb/RoboFlexv2.0/brainswarm_ws/install/bras_robot_description', 'merge_install': False, 'path': '/home/muneeb/RoboFlexv2.0/brainswarm_ws/src/bras_robot_description', 'symlink_install': False, 'test_result_base': None}
[0.284s] Level 5:colcon.colcon_core.verb:set package 'dynamixel_hardware' build argument 'cmake_args' from command line to 'None'
[0.284s] Level 5:colcon.colcon_core.verb:set package 'dynamixel_hardware' build argument 'cmake_target' from command line to 'None'
[0.284s] Level 5:colcon.colcon_core.verb:set package 'dynamixel_hardware' build argument 'cmake_target_skip_unavailable' from command line to 'False'
[0.284s] Level 5:colcon.colcon_core.verb:set package 'dynamixel_hardware' build argument 'cmake_clean_cache' from command line to 'False'
[0.284s] Level 5:colcon.colcon_core.verb:set package 'dynamixel_hardware' build argument 'cmake_clean_first' from command line to 'False'
[0.284s] Level 5:colcon.colcon_core.verb:set package 'dynamixel_hardware' build argument 'cmake_force_configure' from command line to 'False'
[0.284s] Level 5:colcon.colcon_core.verb:set package 'dynamixel_hardware' build argument 'ament_cmake_args' from command line to 'None'
[0.284s] Level 5:colcon.colcon_core.verb:set package 'dynamixel_hardware' build argument 'catkin_cmake_args' from command line to 'None'
[0.284s] Level 5:colcon.colcon_core.verb:set package 'dynamixel_hardware' build argument 'catkin_skip_building_tests' from command line to 'False'
[0.284s] DEBUG:colcon.colcon_core.verb:Building package 'dynamixel_hardware' with the following arguments: {'ament_cmake_args': None, 'build_base': '/home/muneeb/RoboFlexv2.0/brainswarm_ws/build/dynamixel_hardware', 'catkin_cmake_args': None, 'catkin_skip_building_tests': False, 'cmake_args': None, 'cmake_clean_cache': False, 'cmake_clean_first': False, 'cmake_force_configure': False, 'cmake_target': None, 'cmake_target_skip_unavailable': False, 'install_base': '/home/muneeb/RoboFlexv2.0/brainswarm_ws/install/dynamixel_hardware', 'merge_install': False, 'path': '/home/muneeb/RoboFlexv2.0/brainswarm_ws/src/dynamixel_hardware', 'symlink_install': False, 'test_result_base': None}
[0.285s] Level 5:colcon.colcon_core.verb:set package 'roboflex_description' build argument 'cmake_args' from command line to 'None'
[0.285s] Level 5:colcon.colcon_core.verb:set package 'roboflex_description' build argument 'cmake_target' from command line to 'None'
[0.285s] Level 5:colcon.colcon_core.verb:set package 'roboflex_description' build argument 'cmake_target_skip_unavailable' from command line to 'False'
[0.285s] Level 5:colcon.colcon_core.verb:set package 'roboflex_description' build argument 'cmake_clean_cache' from command line to 'False'
[0.285s] Level 5:colcon.colcon_core.verb:set package 'roboflex_description' build argument 'cmake_clean_first' from command line to 'False'
[0.285s] Level 5:colcon.colcon_core.verb:set package 'roboflex_description' build argument 'cmake_force_configure' from command line to 'False'
[0.285s] Level 5:colcon.colcon_core.verb:set package 'roboflex_description' build argument 'ament_cmake_args' from command line to 'None'
[0.285s] Level 5:colcon.colcon_core.verb:set package 'roboflex_description' build argument 'catkin_cmake_args' from command line to 'None'
[0.285s] Level 5:colcon.colcon_core.verb:set package 'roboflex_description' build argument 'catkin_skip_building_tests' from command line to 'False'
[0.285s] DEBUG:colcon.colcon_core.verb:Building package 'roboflex_description' with the following arguments: {'ament_cmake_args': None, 'build_base': '/home/muneeb/RoboFlexv2.0/brainswarm_ws/build/roboflex_description', 'catkin_cmake_args': None, 'catkin_skip_building_tests': False, 'cmake_args': None, 'cmake_clean_cache': False, 'cmake_clean_first': False, 'cmake_force_configure': False, 'cmake_target': None, 'cmake_target_skip_unavailable': False, 'install_base': '/home/muneeb/RoboFlexv2.0/brainswarm_ws/install/roboflex_description', 'merge_install': False, 'path': '/home/muneeb/RoboFlexv2.0/brainswarm_ws/src/roboflex_description', 'symlink_install': False, 'test_result_base': None}
[0.285s] Level 5:colcon.colcon_core.verb:set package 'srdfdom' build argument 'cmake_args' from command line to 'None'
[0.285s] Level 5:colcon.colcon_core.verb:set package 'srdfdom' build argument 'cmake_target' from command line to 'None'
[0.285s] Level 5:colcon.colcon_core.verb:set package 'srdfdom' build argument 'cmake_target_skip_unavailable' from command line to 'False'
[0.285s] Level 5:colcon.colcon_core.verb:set package 'srdfdom' build argument 'cmake_clean_cache' from command line to 'False'
[0.285s] Level 5:colcon.colcon_core.verb:set package 'srdfdom' build argument 'cmake_clean_first' from command line to 'False'
[0.285s] Level 5:colcon.colcon_core.verb:set package 'srdfdom' build argument 'cmake_force_configure' from command line to 'False'
[0.285s] Level 5:colcon.colcon_core.verb:set package 'srdfdom' build argument 'ament_cmake_args' from command line to 'None'
[0.285s] Level 5:colcon.colcon_core.verb:set package 'srdfdom' build argument 'catkin_cmake_args' from command line to 'None'
[0.285s] Level 5:colcon.colcon_core.verb:set package 'srdfdom' build argument 'catkin_skip_building_tests' from command line to 'False'
[0.285s] DEBUG:colcon.colcon_core.verb:Building package 'srdfdom' with the following arguments: {'ament_cmake_args': None, 'build_base': '/home/muneeb/RoboFlexv2.0/brainswarm_ws/build/srdfdom', 'catkin_cmake_args': None, 'catkin_skip_building_tests': False, 'cmake_args': None, 'cmake_clean_cache': False, 'cmake_clean_first': False, 'cmake_force_configure': False, 'cmake_target': None, 'cmake_target_skip_unavailable': False, 'install_base': '/home/muneeb/RoboFlexv2.0/brainswarm_ws/install/srdfdom', 'merge_install': False, 'path': '/home/muneeb/RoboFlexv2.0/brainswarm_ws/src/srdfdom-2.0.4', 'symlink_install': False, 'test_result_base': None}
[0.286s] Level 5:colcon.colcon_core.verb:set package 'roboflex_moveit_config' build argument 'cmake_args' from command line to 'None'
[0.286s] Level 5:colcon.colcon_core.verb:set package 'roboflex_moveit_config' build argument 'cmake_target' from command line to 'None'
[0.286s] Level 5:colcon.colcon_core.verb:set package 'roboflex_moveit_config' build argument 'cmake_target_skip_unavailable' from command line to 'False'
[0.286s] Level 5:colcon.colcon_core.verb:set package 'roboflex_moveit_config' build argument 'cmake_clean_cache' from command line to 'False'
[0.286s] Level 5:colcon.colcon_core.verb:set package 'roboflex_moveit_config' build argument 'cmake_clean_first' from command line to 'False'
[0.286s] Level 5:colcon.colcon_core.verb:set package 'roboflex_moveit_config' build argument 'cmake_force_configure' from command line to 'False'
[0.286s] Level 5:colcon.colcon_core.verb:set package 'roboflex_moveit_config' build argument 'ament_cmake_args' from command line to 'None'
[0.286s] Level 5:colcon.colcon_core.verb:set package 'roboflex_moveit_config' build argument 'catkin_cmake_args' from command line to 'None'
[0.286s] Level 5:colcon.colcon_core.verb:set package 'roboflex_moveit_config' build argument 'catkin_skip_building_tests' from command line to 'False'
[0.286s] DEBUG:colcon.colcon_core.verb:Building package 'roboflex_moveit_config' with the following arguments: {'ament_cmake_args': None, 'build_base': '/home/muneeb/RoboFlexv2.0/brainswarm_ws/build/roboflex_moveit_config', 'catkin_cmake_args': None, 'catkin_skip_building_tests': False, 'cmake_args': None, 'cmake_clean_cache': False, 'cmake_clean_first': False, 'cmake_force_configure': False, 'cmake_target': None, 'cmake_target_skip_unavailable': False, 'install_base': '/home/muneeb/RoboFlexv2.0/brainswarm_ws/install/roboflex_moveit_config', 'merge_install': False, 'path': '/home/muneeb/RoboFlexv2.0/brainswarm_ws/src/roboflex_moveit_config', 'symlink_install': False, 'test_result_base': None}
[0.286s] INFO:colcon.colcon_core.executor:Executing jobs using 'parallel' executor
[0.287s] DEBUG:colcon.colcon_parallel_executor.executor.parallel:run_until_complete
[0.288s] INFO:colcon.colcon_ros.task.ament_cmake.build:Building ROS package in '/home/muneeb/RoboFlexv2.0/brainswarm_ws/src/roboflex_description' with build type 'ament_cmake'
[0.288s] INFO:colcon.colcon_cmake.task.cmake.build:Building CMake package in '/home/muneeb/RoboFlexv2.0/brainswarm_ws/src/roboflex_description'
[0.291s] INFO:colcon.colcon_core.plugin_system:Skipping extension 'colcon_core.shell.bat': Not used on non-Windows systems
[0.291s] INFO:colcon.colcon_core.shell:Skip shell extension 'powershell' for command environment: Not usable outside of PowerShell
[0.291s] DEBUG:colcon.colcon_core.shell:Skip shell extension 'dsv' for command environment
[0.295s] INFO:colcon.colcon_ros.task.ament_cmake.build:Building ROS package in '/home/muneeb/RoboFlexv2.0/brainswarm_ws/src/bras_robot_description' with build type 'ament_cmake'
[0.295s] INFO:colcon.colcon_cmake.task.cmake.build:Building CMake package in '/home/muneeb/RoboFlexv2.0/brainswarm_ws/src/bras_robot_description'
[0.295s] INFO:colcon.colcon_core.shell:Skip shell extension 'powershell' for command environment: Not usable outside of PowerShell
[0.295s] DEBUG:colcon.colcon_core.shell:Skip shell extension 'dsv' for command environment
[0.299s] INFO:colcon.colcon_ros.task.ament_cmake.build:Building ROS package in '/home/muneeb/RoboFlexv2.0/brainswarm_ws/src/dynamixel_hardware' with build type 'ament_cmake'
[0.299s] INFO:colcon.colcon_cmake.task.cmake.build:Building CMake package in '/home/muneeb/RoboFlexv2.0/brainswarm_ws/src/dynamixel_hardware'
[0.300s] INFO:colcon.colcon_core.shell:Skip shell extension 'powershell' for command environment: Not usable outside of PowerShell
[0.300s] DEBUG:colcon.colcon_core.shell:Skip shell extension 'dsv' for command environment
[0.304s] INFO:colcon.colcon_ros.task.ament_cmake.build:Building ROS package in '/home/muneeb/RoboFlexv2.0/brainswarm_ws/src/srdfdom-2.0.4' with build type 'ament_cmake'
[0.304s] INFO:colcon.colcon_cmake.task.cmake.build:Building CMake package in '/home/muneeb/RoboFlexv2.0/brainswarm_ws/src/srdfdom-2.0.4'
[0.305s] INFO:colcon.colcon_core.shell:Skip shell extension 'powershell' for command environment: Not usable outside of PowerShell
[0.305s] DEBUG:colcon.colcon_core.shell:Skip shell extension 'dsv' for command environment
[0.315s] DEBUG:colcon.colcon_core.event_handler.log_command:Invoking command in '/home/muneeb/RoboFlexv2.0/brainswarm_ws/build/roboflex_description': CMAKE_PREFIX_PATH=${CMAKE_PREFIX_PATH}:/opt/ros/jazzy DEBUGINFOD_URLS=https://debuginfod.neon.kde.org/ https://debuginfod.ubuntu.com/ /usr/bin/cmake --build /home/muneeb/RoboFlexv2.0/brainswarm_ws/build/roboflex_description -- -j8 -l8
[0.318s] DEBUG:colcon.colcon_core.event_handler.log_command:Invoking command in '/home/muneeb/RoboFlexv2.0/brainswarm_ws/build/bras_robot_description': CMAKE_PREFIX_PATH=${CMAKE_PREFIX_PATH}:/opt/ros/jazzy DEBUGINFOD_URLS=https://debuginfod.neon.kde.org/ https://debuginfod.ubuntu.com/ /usr/bin/cmake --build /home/muneeb/RoboFlexv2.0/brainswarm_ws/build/bras_robot_description -- -j8 -l8
[0.322s] DEBUG:colcon.colcon_core.event_handler.log_command:Invoking command in '/home/muneeb/RoboFlexv2.0/brainswarm_ws/build/dynamixel_hardware': CMAKE_PREFIX_PATH=${CMAKE_PREFIX_PATH}:/opt/ros/jazzy DEBUGINFOD_URLS=https://debuginfod.neon.kde.org/ https://debuginfod.ubuntu.com/ /usr/bin/cmake /home/muneeb/RoboFlexv2.0/brainswarm_ws/src/dynamixel_hardware -DCMAKE_INSTALL_PREFIX=/home/muneeb/RoboFlexv2.0/brainswarm_ws/install/dynamixel_hardware
[0.328s] DEBUG:colcon.colcon_core.event_handler.log_command:Invoking command in '/home/muneeb/RoboFlexv2.0/brainswarm_ws/build/srdfdom': CMAKE_PREFIX_PATH=${CMAKE_PREFIX_PATH}:/opt/ros/jazzy DEBUGINFOD_URLS=https://debuginfod.neon.kde.org/ https://debuginfod.ubuntu.com/ /usr/bin/cmake --build /home/muneeb/RoboFlexv2.0/brainswarm_ws/build/srdfdom -- -j8 -l8
[0.361s] DEBUG:colcon.colcon_core.event_handler.log_command:Invoked command in '/home/muneeb/RoboFlexv2.0/brainswarm_ws/build/roboflex_description' returned '0': CMAKE_PREFIX_PATH=${CMAKE_PREFIX_PATH}:/opt/ros/jazzy DEBUGINFOD_URLS=https://debuginfod.neon.kde.org/ https://debuginfod.ubuntu.com/ /usr/bin/cmake --build /home/muneeb/RoboFlexv2.0/brainswarm_ws/build/roboflex_description -- -j8 -l8
[0.382s] DEBUG:colcon.colcon_core.event_handler.log_command:Invoking command in '/home/muneeb/RoboFlexv2.0/brainswarm_ws/build/roboflex_description': CMAKE_PREFIX_PATH=${CMAKE_PREFIX_PATH}:/opt/ros/jazzy DEBUGINFOD_URLS=https://debuginfod.neon.kde.org/ https://debuginfod.ubuntu.com/ /usr/bin/cmake --install /home/muneeb/RoboFlexv2.0/brainswarm_ws/build/roboflex_description
[0.387s] DEBUG:colcon.colcon_core.event_handler.log_command:Invoked command in '/home/muneeb/RoboFlexv2.0/brainswarm_ws/build/bras_robot_description' returned '0': CMAKE_PREFIX_PATH=${CMAKE_PREFIX_PATH}:/opt/ros/jazzy DEBUGINFOD_URLS=https://debuginfod.neon.kde.org/ https://debuginfod.ubuntu.com/ /usr/bin/cmake --build /home/muneeb/RoboFlexv2.0/brainswarm_ws/build/bras_robot_description -- -j8 -l8
[0.388s] DEBUG:colcon.colcon_core.event_handler.log_command:Invoking command in '/home/muneeb/RoboFlexv2.0/brainswarm_ws/build/bras_robot_description': CMAKE_PREFIX_PATH=${CMAKE_PREFIX_PATH}:/opt/ros/jazzy DEBUGINFOD_URLS=https://debuginfod.neon.kde.org/ https://debuginfod.ubuntu.com/ /usr/bin/cmake --install /home/muneeb/RoboFlexv2.0/brainswarm_ws/build/bras_robot_description
[0.405s] Level 1:colcon.colcon_core.environment:create_environment_scripts_only(roboflex_description)
[0.421s] Level 1:colcon.colcon_core.environment:checking '/home/muneeb/RoboFlexv2.0/brainswarm_ws/install/roboflex_description' for CMake module files
[0.423s] Level 1:colcon.colcon_core.environment:checking '/home/muneeb/RoboFlexv2.0/brainswarm_ws/install/roboflex_description' for CMake config files
[0.432s] Level 1:colcon.colcon_core.shell:create_environment_hook('roboflex_description', 'cmake_prefix_path')
[0.433s] INFO:colcon.colcon_core.shell:Creating environment hook '/home/muneeb/RoboFlexv2.0/brainswarm_ws/install/roboflex_description/share/roboflex_description/hook/cmake_prefix_path.ps1'
[0.434s] INFO:colcon.colcon_core.shell:Creating environment descriptor '/home/muneeb/RoboFlexv2.0/brainswarm_ws/install/roboflex_description/share/roboflex_description/hook/cmake_prefix_path.dsv'
[0.436s] INFO:colcon.colcon_core.shell:Creating environment hook '/home/muneeb/RoboFlexv2.0/brainswarm_ws/install/roboflex_description/share/roboflex_description/hook/cmake_prefix_path.sh'
[0.438s] DEBUG:colcon.colcon_core.event_handler.log_command:Invoked command in '/home/muneeb/RoboFlexv2.0/brainswarm_ws/build/roboflex_description' returned '0': CMAKE_PREFIX_PATH=${CMAKE_PREFIX_PATH}:/opt/ros/jazzy DEBUGINFOD_URLS=https://debuginfod.neon.kde.org/ https://debuginfod.ubuntu.com/ /usr/bin/cmake --install /home/muneeb/RoboFlexv2.0/brainswarm_ws/build/roboflex_description
[0.440s] Level 1:colcon.colcon_core.environment:checking '/home/muneeb/RoboFlexv2.0/brainswarm_ws/install/roboflex_description/lib'
[0.440s] Level 1:colcon.colcon_core.environment:checking '/home/muneeb/RoboFlexv2.0/brainswarm_ws/install/roboflex_description/bin'
[0.440s] Level 1:colcon.colcon_core.environment:checking '/home/muneeb/RoboFlexv2.0/brainswarm_ws/install/roboflex_description/lib/pkgconfig/roboflex_description.pc'
[0.440s] Level 1:colcon.colcon_core.environment:checking '/home/muneeb/RoboFlexv2.0/brainswarm_ws/install/roboflex_description/lib/python3.12/site-packages'
[0.440s] Level 1:colcon.colcon_core.environment:checking '/home/muneeb/RoboFlexv2.0/brainswarm_ws/install/roboflex_description/bin'
[0.441s] INFO:colcon.colcon_core.shell:Creating package script '/home/muneeb/RoboFlexv2.0/brainswarm_ws/install/roboflex_description/share/roboflex_description/package.ps1'
[0.442s] INFO:colcon.colcon_core.shell:Creating package descriptor '/home/muneeb/RoboFlexv2.0/brainswarm_ws/install/roboflex_description/share/roboflex_description/package.dsv'
[0.442s] INFO:colcon.colcon_core.shell:Creating package script '/home/muneeb/RoboFlexv2.0/brainswarm_ws/install/roboflex_description/share/roboflex_description/package.sh'
[0.443s] INFO:colcon.colcon_core.shell:Creating package script '/home/muneeb/RoboFlexv2.0/brainswarm_ws/install/roboflex_description/share/roboflex_description/package.bash'
[0.444s] INFO:colcon.colcon_core.shell:Creating package script '/home/muneeb/RoboFlexv2.0/brainswarm_ws/install/roboflex_description/share/roboflex_description/package.zsh'
[0.446s] Level 1:colcon.colcon_core.environment:create_file_with_runtime_dependencies(/home/muneeb/RoboFlexv2.0/brainswarm_ws/install/roboflex_description/share/colcon-core/packages/roboflex_description)
[0.447s] Level 1:colcon.colcon_core.environment:create_environment_scripts_only(roboflex_description)
[0.447s] Level 1:colcon.colcon_core.environment:checking '/home/muneeb/RoboFlexv2.0/brainswarm_ws/install/roboflex_description' for CMake module files
[0.448s] Level 1:colcon.colcon_core.environment:checking '/home/muneeb/RoboFlexv2.0/brainswarm_ws/install/roboflex_description' for CMake config files
[0.449s] Level 1:colcon.colcon_core.shell:create_environment_hook('roboflex_description', 'cmake_prefix_path')
[0.449s] INFO:colcon.colcon_core.shell:Creating environment hook '/home/muneeb/RoboFlexv2.0/brainswarm_ws/install/roboflex_description/share/roboflex_description/hook/cmake_prefix_path.ps1'
[0.450s] INFO:colcon.colcon_core.shell:Creating environment descriptor '/home/muneeb/RoboFlexv2.0/brainswarm_ws/install/roboflex_description/share/roboflex_description/hook/cmake_prefix_path.dsv'
[0.450s] INFO:colcon.colcon_core.shell:Creating environment hook '/home/muneeb/RoboFlexv2.0/brainswarm_ws/install/roboflex_description/share/roboflex_description/hook/cmake_prefix_path.sh'
[0.451s] Level 1:colcon.colcon_core.environment:checking '/home/muneeb/RoboFlexv2.0/brainswarm_ws/install/roboflex_description/lib'
[0.451s] Level 1:colcon.colcon_core.environment:checking '/home/muneeb/RoboFlexv2.0/brainswarm_ws/install/roboflex_description/bin'
[0.451s] Level 1:colcon.colcon_core.environment:checking '/home/muneeb/RoboFlexv2.0/brainswarm_ws/install/roboflex_description/lib/pkgconfig/roboflex_description.pc'
[0.452s] Level 1:colcon.colcon_core.environment:checking '/home/muneeb/RoboFlexv2.0/brainswarm_ws/install/roboflex_description/lib/python3.12/site-packages'
[0.452s] Level 1:colcon.colcon_core.environment:checking '/home/muneeb/RoboFlexv2.0/brainswarm_ws/install/roboflex_description/bin'
[0.452s] INFO:colcon.colcon_core.shell:Creating package script '/home/muneeb/RoboFlexv2.0/brainswarm_ws/install/roboflex_description/share/roboflex_description/package.ps1'
[0.453s] INFO:colcon.colcon_core.shell:Creating package descriptor '/home/muneeb/RoboFlexv2.0/brainswarm_ws/install/roboflex_description/share/roboflex_description/package.dsv'
[0.454s] INFO:colcon.colcon_core.shell:Creating package script '/home/muneeb/RoboFlexv2.0/brainswarm_ws/install/roboflex_description/share/roboflex_description/package.sh'
[0.454s] INFO:colcon.colcon_core.shell:Creating package script '/home/muneeb/RoboFlexv2.0/brainswarm_ws/install/roboflex_description/share/roboflex_description/package.bash'
[0.473s] INFO:colcon.colcon_core.shell:Creating package script '/home/muneeb/RoboFlexv2.0/brainswarm_ws/install/roboflex_description/share/roboflex_description/package.zsh'
[0.474s] Level 1:colcon.colcon_core.environment:create_file_with_runtime_dependencies(/home/muneeb/RoboFlexv2.0/brainswarm_ws/install/roboflex_description/share/colcon-core/packages/roboflex_description)
[0.474s] INFO:colcon.colcon_ros.task.ament_cmake.build:Building ROS package in '/home/muneeb/RoboFlexv2.0/brainswarm_ws/src/roboflex_moveit_config' with build type 'ament_cmake'
[0.475s] INFO:colcon.colcon_cmake.task.cmake.build:Building CMake package in '/home/muneeb/RoboFlexv2.0/brainswarm_ws/src/roboflex_moveit_config'
[0.475s] INFO:colcon.colcon_core.shell:Skip shell extension 'powershell' for command environment: Not usable outside of PowerShell
[0.475s] DEBUG:colcon.colcon_core.shell:Skip shell extension 'dsv' for command environment
[0.482s] Level 1:colcon.colcon_core.environment:create_environment_scripts_only(bras_robot_description)
[0.482s] Level 1:colcon.colcon_core.environment:checking '/home/muneeb/RoboFlexv2.0/brainswarm_ws/install/bras_robot_description' for CMake module files
[0.483s] DEBUG:colcon.colcon_core.event_handler.log_command:Invoked command in '/home/muneeb/RoboFlexv2.0/brainswarm_ws/build/bras_robot_description' returned '0': CMAKE_PREFIX_PATH=${CMAKE_PREFIX_PATH}:/opt/ros/jazzy DEBUGINFOD_URLS=https://debuginfod.neon.kde.org/ https://debuginfod.ubuntu.com/ /usr/bin/cmake --install /home/muneeb/RoboFlexv2.0/brainswarm_ws/build/bras_robot_description
[0.483s] Level 1:colcon.colcon_core.environment:checking '/home/muneeb/RoboFlexv2.0/brainswarm_ws/install/bras_robot_description' for CMake config files
[0.484s] Level 1:colcon.colcon_core.shell:create_environment_hook('bras_robot_description', 'cmake_prefix_path')
[0.484s] INFO:colcon.colcon_core.shell:Creating environment hook '/home/muneeb/RoboFlexv2.0/brainswarm_ws/install/bras_robot_description/share/bras_robot_description/hook/cmake_prefix_path.ps1'
[0.485s] INFO:colcon.colcon_core.shell:Creating environment descriptor '/home/muneeb/RoboFlexv2.0/brainswarm_ws/install/bras_robot_description/share/bras_robot_description/hook/cmake_prefix_path.dsv'
[0.485s] INFO:colcon.colcon_core.shell:Creating environment hook '/home/muneeb/RoboFlexv2.0/brainswarm_ws/install/bras_robot_description/share/bras_robot_description/hook/cmake_prefix_path.sh'
[0.486s] Level 1:colcon.colcon_core.environment:checking '/home/muneeb/RoboFlexv2.0/brainswarm_ws/install/bras_robot_description/bin'
[0.486s] Level 1:colcon.colcon_core.environment:checking '/home/muneeb/RoboFlexv2.0/brainswarm_ws/install/bras_robot_description/lib/pkgconfig/bras_robot_description.pc'
[0.486s] Level 1:colcon.colcon_core.environment:checking '/home/muneeb/RoboFlexv2.0/brainswarm_ws/install/bras_robot_description/lib/python3.12/site-packages'
[0.486s] Level 1:colcon.colcon_core.environment:checking '/home/muneeb/RoboFlexv2.0/brainswarm_ws/install/bras_robot_description/bin'
[0.487s] INFO:colcon.colcon_core.shell:Creating package script '/home/muneeb/RoboFlexv2.0/brainswarm_ws/install/bras_robot_description/share/bras_robot_description/package.ps1'
[0.487s] INFO:colcon.colcon_core.shell:Creating package descriptor '/home/muneeb/RoboFlexv2.0/brainswarm_ws/install/bras_robot_description/share/bras_robot_description/package.dsv'
[0.488s] INFO:colcon.colcon_core.shell:Creating package script '/home/muneeb/RoboFlexv2.0/brainswarm_ws/install/bras_robot_description/share/bras_robot_description/package.sh'
[0.488s] INFO:colcon.colcon_core.shell:Creating package script '/home/muneeb/RoboFlexv2.0/brainswarm_ws/install/bras_robot_description/share/bras_robot_description/package.bash'
[0.489s] INFO:colcon.colcon_core.shell:Creating package script '/home/muneeb/RoboFlexv2.0/brainswarm_ws/install/bras_robot_description/share/bras_robot_description/package.zsh'
[0.489s] Level 1:colcon.colcon_core.environment:create_file_with_runtime_dependencies(/home/muneeb/RoboFlexv2.0/brainswarm_ws/install/bras_robot_description/share/colcon-core/packages/bras_robot_description)
[0.489s] Level 1:colcon.colcon_core.environment:create_environment_scripts_only(bras_robot_description)
[0.490s] Level 1:colcon.colcon_core.environment:checking '/home/muneeb/RoboFlexv2.0/brainswarm_ws/install/bras_robot_description' for CMake module files
[0.490s] Level 1:colcon.colcon_core.environment:checking '/home/muneeb/RoboFlexv2.0/brainswarm_ws/install/bras_robot_description' for CMake config files
[0.490s] Level 1:colcon.colcon_core.shell:create_environment_hook('bras_robot_description', 'cmake_prefix_path')
[0.491s] INFO:colcon.colcon_core.shell:Creating environment hook '/home/muneeb/RoboFlexv2.0/brainswarm_ws/install/bras_robot_description/share/bras_robot_description/hook/cmake_prefix_path.ps1'
[0.491s] INFO:colcon.colcon_core.shell:Creating environment descriptor '/home/muneeb/RoboFlexv2.0/brainswarm_ws/install/bras_robot_description/share/bras_robot_description/hook/cmake_prefix_path.dsv'
[0.491s] INFO:colcon.colcon_core.shell:Creating environment hook '/home/muneeb/RoboFlexv2.0/brainswarm_ws/install/bras_robot_description/share/bras_robot_description/hook/cmake_prefix_path.sh'
[0.492s] Level 1:colcon.colcon_core.environment:checking '/home/muneeb/RoboFlexv2.0/brainswarm_ws/install/bras_robot_description/bin'
[0.492s] Level 1:colcon.colcon_core.environment:checking '/home/muneeb/RoboFlexv2.0/brainswarm_ws/install/bras_robot_description/lib/pkgconfig/bras_robot_description.pc'
[0.492s] Level 1:colcon.colcon_core.environment:checking '/home/muneeb/RoboFlexv2.0/brainswarm_ws/install/bras_robot_description/lib/python3.12/site-packages'
[0.492s] Level 1:colcon.colcon_core.environment:checking '/home/muneeb/RoboFlexv2.0/brainswarm_ws/install/bras_robot_description/bin'
[0.493s] INFO:colcon.colcon_core.shell:Creating package script '/home/muneeb/RoboFlexv2.0/brainswarm_ws/install/bras_robot_description/share/bras_robot_description/package.ps1'
[0.493s] INFO:colcon.colcon_core.shell:Creating package descriptor '/home/muneeb/RoboFlexv2.0/brainswarm_ws/install/bras_robot_description/share/bras_robot_description/package.dsv'
[0.494s] INFO:colcon.colcon_core.shell:Creating package script '/home/muneeb/RoboFlexv2.0/brainswarm_ws/install/bras_robot_description/share/bras_robot_description/package.sh'
[0.494s] INFO:colcon.colcon_core.shell:Creating package script '/home/muneeb/RoboFlexv2.0/brainswarm_ws/install/bras_robot_description/share/bras_robot_description/package.bash'
[0.494s] INFO:colcon.colcon_core.shell:Creating package script '/home/muneeb/RoboFlexv2.0/brainswarm_ws/install/bras_robot_description/share/bras_robot_description/package.zsh'
[0.495s] Level 1:colcon.colcon_core.environment:create_file_with_runtime_dependencies(/home/muneeb/RoboFlexv2.0/brainswarm_ws/install/bras_robot_description/share/colcon-core/packages/bras_robot_description)
[0.498s] DEBUG:colcon.colcon_core.event_handler.log_command:Invoking command in '/home/muneeb/RoboFlexv2.0/brainswarm_ws/build/roboflex_moveit_config': AMENT_PREFIX_PATH=/home/muneeb/RoboFlexv2.0/brainswarm_ws/install/roboflex_description:${AMENT_PREFIX_PATH} CMAKE_PREFIX_PATH=/home/muneeb/RoboFlexv2.0/brainswarm_ws/install/roboflex_description:/opt/ros/jazzy/opt/gz_sim_vendor:/opt/ros/jazzy/opt/gz_sensors_vendor:/opt/ros/jazzy/opt/gz_physics_vendor:/opt/ros/jazzy/opt/sdformat_vendor:/opt/ros/jazzy/opt/gz_gui_vendor:/opt/ros/jazzy/opt/gz_transport_vendor:/opt/ros/jazzy/opt/gz_rendering_vendor:/opt/ros/jazzy/opt/gz_plugin_vendor:/opt/ros/jazzy/opt/gz_fuel_tools_vendor:/opt/ros/jazzy/opt/gz_msgs_vendor:/opt/ros/jazzy/opt/gz_common_vendor:/opt/ros/jazzy/opt/gz_math_vendor:/opt/ros/jazzy/opt/gz_utils_vendor:/opt/ros/jazzy/opt/gz_tools_vendor:/opt/ros/jazzy/opt/gz_ogre_next_vendor:/opt/ros/jazzy/opt/gz_dartsim_vendor:/opt/ros/jazzy/opt/gz_cmake_vendor:/opt/ros/jazzy DEBUGINFOD_URLS=https://debuginfod.neon.kde.org/ https://debuginfod.ubuntu.com/ /usr/bin/cmake --build /home/muneeb/RoboFlexv2.0/brainswarm_ws/build/roboflex_moveit_config -- -j8 -l8
[0.542s] DEBUG:colcon.colcon_core.event_handler.log_command:Invoked command in '/home/muneeb/RoboFlexv2.0/brainswarm_ws/build/roboflex_moveit_config' returned '0': AMENT_PREFIX_PATH=/home/muneeb/RoboFlexv2.0/brainswarm_ws/install/roboflex_description:${AMENT_PREFIX_PATH} CMAKE_PREFIX_PATH=/home/muneeb/RoboFlexv2.0/brainswarm_ws/install/roboflex_description:/opt/ros/jazzy/opt/gz_sim_vendor:/opt/ros/jazzy/opt/gz_sensors_vendor:/opt/ros/jazzy/opt/gz_physics_vendor:/opt/ros/jazzy/opt/sdformat_vendor:/opt/ros/jazzy/opt/gz_gui_vendor:/opt/ros/jazzy/opt/gz_transport_vendor:/opt/ros/jazzy/opt/gz_rendering_vendor:/opt/ros/jazzy/opt/gz_plugin_vendor:/opt/ros/jazzy/opt/gz_fuel_tools_vendor:/opt/ros/jazzy/opt/gz_msgs_vendor:/opt/ros/jazzy/opt/gz_common_vendor:/opt/ros/jazzy/opt/gz_math_vendor:/opt/ros/jazzy/opt/gz_utils_vendor:/opt/ros/jazzy/opt/gz_tools_vendor:/opt/ros/jazzy/opt/gz_ogre_next_vendor:/opt/ros/jazzy/opt/gz_dartsim_vendor:/opt/ros/jazzy/opt/gz_cmake_vendor:/opt/ros/jazzy DEBUGINFOD_URLS=https://debuginfod.neon.kde.org/ https://debuginfod.ubuntu.com/ /usr/bin/cmake --build /home/muneeb/RoboFlexv2.0/brainswarm_ws/build/roboflex_moveit_config -- -j8 -l8
[0.543s] DEBUG:colcon.colcon_core.event_handler.log_command:Invoking command in '/home/muneeb/RoboFlexv2.0/brainswarm_ws/build/roboflex_moveit_config': AMENT_PREFIX_PATH=/home/muneeb/RoboFlexv2.0/brainswarm_ws/install/roboflex_description:${AMENT_PREFIX_PATH} CMAKE_PREFIX_PATH=/home/muneeb/RoboFlexv2.0/brainswarm_ws/install/roboflex_description:/opt/ros/jazzy/opt/gz_sim_vendor:/opt/ros/jazzy/opt/gz_sensors_vendor:/opt/ros/jazzy/opt/gz_physics_vendor:/opt/ros/jazzy/opt/sdformat_vendor:/opt/ros/jazzy/opt/gz_gui_vendor:/opt/ros/jazzy/opt/gz_transport_vendor:/opt/ros/jazzy/opt/gz_rendering_vendor:/opt/ros/jazzy/opt/gz_plugin_vendor:/opt/ros/jazzy/opt/gz_fuel_tools_vendor:/opt/ros/jazzy/opt/gz_msgs_vendor:/opt/ros/jazzy/opt/gz_common_vendor:/opt/ros/jazzy/opt/gz_math_vendor:/opt/ros/jazzy/opt/gz_utils_vendor:/opt/ros/jazzy/opt/gz_tools_vendor:/opt/ros/jazzy/opt/gz_ogre_next_vendor:/opt/ros/jazzy/opt/gz_dartsim_vendor:/opt/ros/jazzy/opt/gz_cmake_vendor:/opt/ros/jazzy DEBUGINFOD_URLS=https://debuginfod.neon.kde.org/ https://debuginfod.ubuntu.com/ /usr/bin/cmake --install /home/muneeb/RoboFlexv2.0/brainswarm_ws/build/roboflex_moveit_config
[0.556s] Level 1:colcon.colcon_core.environment:create_environment_scripts_only(roboflex_moveit_config)
[0.556s] Level 1:colcon.colcon_core.environment:checking '/home/muneeb/RoboFlexv2.0/brainswarm_ws/install/roboflex_moveit_config' for CMake module files
[0.557s] DEBUG:colcon.colcon_core.event_handler.log_command:Invoked command in '/home/muneeb/RoboFlexv2.0/brainswarm_ws/build/roboflex_moveit_config' returned '0': AMENT_PREFIX_PATH=/home/muneeb/RoboFlexv2.0/brainswarm_ws/install/roboflex_description:${AMENT_PREFIX_PATH} CMAKE_PREFIX_PATH=/home/muneeb/RoboFlexv2.0/brainswarm_ws/install/roboflex_description:/opt/ros/jazzy/opt/gz_sim_vendor:/opt/ros/jazzy/opt/gz_sensors_vendor:/opt/ros/jazzy/opt/gz_physics_vendor:/opt/ros/jazzy/opt/sdformat_vendor:/opt/ros/jazzy/opt/gz_gui_vendor:/opt/ros/jazzy/opt/gz_transport_vendor:/opt/ros/jazzy/opt/gz_rendering_vendor:/opt/ros/jazzy/opt/gz_plugin_vendor:/opt/ros/jazzy/opt/gz_fuel_tools_vendor:/opt/ros/jazzy/opt/gz_msgs_vendor:/opt/ros/jazzy/opt/gz_common_vendor:/opt/ros/jazzy/opt/gz_math_vendor:/opt/ros/jazzy/opt/gz_utils_vendor:/opt/ros/jazzy/opt/gz_tools_vendor:/opt/ros/jazzy/opt/gz_ogre_next_vendor:/opt/ros/jazzy/opt/gz_dartsim_vendor:/opt/ros/jazzy/opt/gz_cmake_vendor:/opt/ros/jazzy DEBUGINFOD_URLS=https://debuginfod.neon.kde.org/ https://debuginfod.ubuntu.com/ /usr/bin/cmake --install /home/muneeb/RoboFlexv2.0/brainswarm_ws/build/roboflex_moveit_config
[0.557s] Level 1:colcon.colcon_core.environment:checking '/home/muneeb/RoboFlexv2.0/brainswarm_ws/install/roboflex_moveit_config' for CMake config files
[0.557s] Level 1:colcon.colcon_core.shell:create_environment_hook('roboflex_moveit_config', 'cmake_prefix_path')
[0.557s] INFO:colcon.colcon_core.shell:Creating environment hook '/home/muneeb/RoboFlexv2.0/brainswarm_ws/install/roboflex_moveit_config/share/roboflex_moveit_config/hook/cmake_prefix_path.ps1'
[0.558s] INFO:colcon.colcon_core.shell:Creating environment descriptor '/home/muneeb/RoboFlexv2.0/brainswarm_ws/install/roboflex_moveit_config/share/roboflex_moveit_config/hook/cmake_prefix_path.dsv'
[0.558s] INFO:colcon.colcon_core.shell:Creating environment hook '/home/muneeb/RoboFlexv2.0/brainswarm_ws/install/roboflex_moveit_config/share/roboflex_moveit_config/hook/cmake_prefix_path.sh'
[0.559s] Level 1:colcon.colcon_core.environment:checking '/home/muneeb/RoboFlexv2.0/brainswarm_ws/install/roboflex_moveit_config/bin'
[0.559s] Level 1:colcon.colcon_core.environment:checking '/home/muneeb/RoboFlexv2.0/brainswarm_ws/install/roboflex_moveit_config/lib/pkgconfig/roboflex_moveit_config.pc'
[0.559s] Level 1:colcon.colcon_core.environment:checking '/home/muneeb/RoboFlexv2.0/brainswarm_ws/install/roboflex_moveit_config/lib/python3.12/site-packages'
[0.559s] Level 1:colcon.colcon_core.environment:checking '/home/muneeb/RoboFlexv2.0/brainswarm_ws/install/roboflex_moveit_config/bin'
[0.559s] INFO:colcon.colcon_core.shell:Creating package script '/home/muneeb/RoboFlexv2.0/brainswarm_ws/install/roboflex_moveit_config/share/roboflex_moveit_config/package.ps1'
[0.560s] INFO:colcon.colcon_core.shell:Creating package descriptor '/home/muneeb/RoboFlexv2.0/brainswarm_ws/install/roboflex_moveit_config/share/roboflex_moveit_config/package.dsv'
[0.560s] INFO:colcon.colcon_core.shell:Creating package script '/home/muneeb/RoboFlexv2.0/brainswarm_ws/install/roboflex_moveit_config/share/roboflex_moveit_config/package.sh'
[0.561s] INFO:colcon.colcon_core.shell:Creating package script '/home/muneeb/RoboFlexv2.0/brainswarm_ws/install/roboflex_moveit_config/share/roboflex_moveit_config/package.bash'
[0.561s] INFO:colcon.colcon_core.shell:Creating package script '/home/muneeb/RoboFlexv2.0/brainswarm_ws/install/roboflex_moveit_config/share/roboflex_moveit_config/package.zsh'
[0.562s] Level 1:colcon.colcon_core.environment:create_file_with_runtime_dependencies(/home/muneeb/RoboFlexv2.0/brainswarm_ws/install/roboflex_moveit_config/share/colcon-core/packages/roboflex_moveit_config)
[0.562s] Level 1:colcon.colcon_core.environment:create_environment_scripts_only(roboflex_moveit_config)
[0.562s] Level 1:colcon.colcon_core.environment:checking '/home/muneeb/RoboFlexv2.0/brainswarm_ws/install/roboflex_moveit_config' for CMake module files
[0.563s] Level 1:colcon.colcon_core.environment:checking '/home/muneeb/RoboFlexv2.0/brainswarm_ws/install/roboflex_moveit_config' for CMake config files
[0.563s] Level 1:colcon.colcon_core.shell:create_environment_hook('roboflex_moveit_config', 'cmake_prefix_path')
[0.563s] INFO:colcon.colcon_core.shell:Creating environment hook '/home/muneeb/RoboFlexv2.0/brainswarm_ws/install/roboflex_moveit_config/share/roboflex_moveit_config/hook/cmake_prefix_path.ps1'
[0.563s] INFO:colcon.colcon_core.shell:Creating environment descriptor '/home/muneeb/RoboFlexv2.0/brainswarm_ws/install/roboflex_moveit_config/share/roboflex_moveit_config/hook/cmake_prefix_path.dsv'
[0.564s] INFO:colcon.colcon_core.shell:Creating environment hook '/home/muneeb/RoboFlexv2.0/brainswarm_ws/install/roboflex_moveit_config/share/roboflex_moveit_config/hook/cmake_prefix_path.sh'
[0.564s] Level 1:colcon.colcon_core.environment:checking '/home/muneeb/RoboFlexv2.0/brainswarm_ws/install/roboflex_moveit_config/bin'
[0.564s] Level 1:colcon.colcon_core.environment:checking '/home/muneeb/RoboFlexv2.0/brainswarm_ws/install/roboflex_moveit_config/lib/pkgconfig/roboflex_moveit_config.pc'
[0.565s] Level 1:colcon.colcon_core.environment:checking '/home/muneeb/RoboFlexv2.0/brainswarm_ws/install/roboflex_moveit_config/lib/python3.12/site-packages'
[0.565s] Level 1:colcon.colcon_core.environment:checking '/home/muneeb/RoboFlexv2.0/brainswarm_ws/install/roboflex_moveit_config/bin'
[0.565s] INFO:colcon.colcon_core.shell:Creating package script '/home/muneeb/RoboFlexv2.0/brainswarm_ws/install/roboflex_moveit_config/share/roboflex_moveit_config/package.ps1'
[0.566s] INFO:colcon.colcon_core.shell:Creating package descriptor '/home/muneeb/RoboFlexv2.0/brainswarm_ws/install/roboflex_moveit_config/share/roboflex_moveit_config/package.dsv'
[0.566s] INFO:colcon.colcon_core.shell:Creating package script '/home/muneeb/RoboFlexv2.0/brainswarm_ws/install/roboflex_moveit_config/share/roboflex_moveit_config/package.sh'
[0.567s] INFO:colcon.colcon_core.shell:Creating package script '/home/muneeb/RoboFlexv2.0/brainswarm_ws/install/roboflex_moveit_config/share/roboflex_moveit_config/package.bash'
[0.567s] INFO:colcon.colcon_core.shell:Creating package script '/home/muneeb/RoboFlexv2.0/brainswarm_ws/install/roboflex_moveit_config/share/roboflex_moveit_config/package.zsh'
[0.567s] Level 1:colcon.colcon_core.environment:create_file_with_runtime_dependencies(/home/muneeb/RoboFlexv2.0/brainswarm_ws/install/roboflex_moveit_config/share/colcon-core/packages/roboflex_moveit_config)
[0.958s] DEBUG:colcon.colcon_core.event_handler.log_command:Invoked command in '/home/muneeb/RoboFlexv2.0/brainswarm_ws/build/srdfdom' returned '0': CMAKE_PREFIX_PATH=${CMAKE_PREFIX_PATH}:/opt/ros/jazzy DEBUGINFOD_URLS=https://debuginfod.neon.kde.org/ https://debuginfod.ubuntu.com/ /usr/bin/cmake --build /home/muneeb/RoboFlexv2.0/brainswarm_ws/build/srdfdom -- -j8 -l8
[0.959s] DEBUG:colcon.colcon_core.event_handler.log_command:Invoking command in '/home/muneeb/RoboFlexv2.0/brainswarm_ws/build/srdfdom': CMAKE_PREFIX_PATH=${CMAKE_PREFIX_PATH}:/opt/ros/jazzy DEBUGINFOD_URLS=https://debuginfod.neon.kde.org/ https://debuginfod.ubuntu.com/ /usr/bin/cmake --install /home/muneeb/RoboFlexv2.0/brainswarm_ws/build/srdfdom
[1.035s] Level 1:colcon.colcon_core.environment:create_environment_scripts_only(srdfdom)
[1.035s] Level 1:colcon.colcon_core.environment:checking '/home/muneeb/RoboFlexv2.0/brainswarm_ws/install/srdfdom' for CMake module files
[1.036s] DEBUG:colcon.colcon_core.event_handler.log_command:Invoked command in '/home/muneeb/RoboFlexv2.0/brainswarm_ws/build/srdfdom' returned '0': CMAKE_PREFIX_PATH=${CMAKE_PREFIX_PATH}:/opt/ros/jazzy DEBUGINFOD_URLS=https://debuginfod.neon.kde.org/ https://debuginfod.ubuntu.com/ /usr/bin/cmake --install /home/muneeb/RoboFlexv2.0/brainswarm_ws/build/srdfdom
[1.037s] Level 1:colcon.colcon_core.environment:checking '/home/muneeb/RoboFlexv2.0/brainswarm_ws/install/srdfdom' for CMake config files
[1.037s] Level 1:colcon.colcon_core.shell:create_environment_hook('srdfdom', 'cmake_prefix_path')
[1.037s] INFO:colcon.colcon_core.shell:Creating environment hook '/home/muneeb/RoboFlexv2.0/brainswarm_ws/install/srdfdom/share/srdfdom/hook/cmake_prefix_path.ps1'
[1.038s] INFO:colcon.colcon_core.shell:Creating environment descriptor '/home/muneeb/RoboFlexv2.0/brainswarm_ws/install/srdfdom/share/srdfdom/hook/cmake_prefix_path.dsv'
[1.038s] INFO:colcon.colcon_core.shell:Creating environment hook '/home/muneeb/RoboFlexv2.0/brainswarm_ws/install/srdfdom/share/srdfdom/hook/cmake_prefix_path.sh'
[1.039s] Level 1:colcon.colcon_core.environment:checking '/home/muneeb/RoboFlexv2.0/brainswarm_ws/install/srdfdom/lib'
[1.039s] Level 1:colcon.colcon_core.shell:create_environment_hook('srdfdom', 'ld_library_path_lib')
[1.039s] INFO:colcon.colcon_core.shell:Creating environment hook '/home/muneeb/RoboFlexv2.0/brainswarm_ws/install/srdfdom/share/srdfdom/hook/ld_library_path_lib.ps1'
[1.040s] INFO:colcon.colcon_core.shell:Creating environment descriptor '/home/muneeb/RoboFlexv2.0/brainswarm_ws/install/srdfdom/share/srdfdom/hook/ld_library_path_lib.dsv'
[1.040s] INFO:colcon.colcon_core.shell:Creating environment hook '/home/muneeb/RoboFlexv2.0/brainswarm_ws/install/srdfdom/share/srdfdom/hook/ld_library_path_lib.sh'
[1.041s] Level 1:colcon.colcon_core.environment:checking '/home/muneeb/RoboFlexv2.0/brainswarm_ws/install/srdfdom/bin'
[1.041s] Level 1:colcon.colcon_core.environment:checking '/home/muneeb/RoboFlexv2.0/brainswarm_ws/install/srdfdom/lib/pkgconfig/srdfdom.pc'
[1.041s] Level 1:colcon.colcon_core.environment:checking '/home/muneeb/RoboFlexv2.0/brainswarm_ws/install/srdfdom/lib/python3.12/site-packages'
[1.042s] Level 1:colcon.colcon_core.shell:create_environment_hook('srdfdom', 'pythonpath')
[1.042s] INFO:colcon.colcon_core.shell:Creating environment hook '/home/muneeb/RoboFlexv2.0/brainswarm_ws/install/srdfdom/share/srdfdom/hook/pythonpath.ps1'
[1.042s] INFO:colcon.colcon_core.shell:Creating environment descriptor '/home/muneeb/RoboFlexv2.0/brainswarm_ws/install/srdfdom/share/srdfdom/hook/pythonpath.dsv'
[1.043s] INFO:colcon.colcon_core.shell:Creating environment hook '/home/muneeb/RoboFlexv2.0/brainswarm_ws/install/srdfdom/share/srdfdom/hook/pythonpath.sh'
[1.044s] Level 1:colcon.colcon_core.environment:checking '/home/muneeb/RoboFlexv2.0/brainswarm_ws/install/srdfdom/bin'
[1.044s] INFO:colcon.colcon_core.shell:Creating package script '/home/muneeb/RoboFlexv2.0/brainswarm_ws/install/srdfdom/share/srdfdom/package.ps1'
[1.045s] INFO:colcon.colcon_core.shell:Creating package descriptor '/home/muneeb/RoboFlexv2.0/brainswarm_ws/install/srdfdom/share/srdfdom/package.dsv'
[1.045s] INFO:colcon.colcon_core.shell:Creating package script '/home/muneeb/RoboFlexv2.0/brainswarm_ws/install/srdfdom/share/srdfdom/package.sh'
[1.046s] INFO:colcon.colcon_core.shell:Creating package script '/home/muneeb/RoboFlexv2.0/brainswarm_ws/install/srdfdom/share/srdfdom/package.bash'
[1.047s] INFO:colcon.colcon_core.shell:Creating package script '/home/muneeb/RoboFlexv2.0/brainswarm_ws/install/srdfdom/share/srdfdom/package.zsh'
[1.047s] Level 1:colcon.colcon_core.environment:create_file_with_runtime_dependencies(/home/muneeb/RoboFlexv2.0/brainswarm_ws/install/srdfdom/share/colcon-core/packages/srdfdom)
[1.048s] Level 1:colcon.colcon_core.environment:create_environment_scripts_only(srdfdom)
[1.048s] Level 1:colcon.colcon_core.environment:checking '/home/muneeb/RoboFlexv2.0/brainswarm_ws/install/srdfdom' for CMake module files
[1.049s] Level 1:colcon.colcon_core.environment:checking '/home/muneeb/RoboFlexv2.0/brainswarm_ws/install/srdfdom' for CMake config files
[1.049s] Level 1:colcon.colcon_core.shell:create_environment_hook('srdfdom', 'cmake_prefix_path')
[1.049s] INFO:colcon.colcon_core.shell:Creating environment hook '/home/muneeb/RoboFlexv2.0/brainswarm_ws/install/srdfdom/share/srdfdom/hook/cmake_prefix_path.ps1'
[1.050s] INFO:colcon.colcon_core.shell:Creating environment descriptor '/home/muneeb/RoboFlexv2.0/brainswarm_ws/install/srdfdom/share/srdfdom/hook/cmake_prefix_path.dsv'
[1.050s] INFO:colcon.colcon_core.shell:Creating environment hook '/home/muneeb/RoboFlexv2.0/brainswarm_ws/install/srdfdom/share/srdfdom/hook/cmake_prefix_path.sh'
[1.052s] Level 1:colcon.colcon_core.environment:checking '/home/muneeb/RoboFlexv2.0/brainswarm_ws/install/srdfdom/lib'
[1.052s] Level 1:colcon.colcon_core.shell:create_environment_hook('srdfdom', 'ld_library_path_lib')
[1.052s] INFO:colcon.colcon_core.shell:Creating environment hook '/home/muneeb/RoboFlexv2.0/brainswarm_ws/install/srdfdom/share/srdfdom/hook/ld_library_path_lib.ps1'
[1.052s] INFO:colcon.colcon_core.shell:Creating environment descriptor '/home/muneeb/RoboFlexv2.0/brainswarm_ws/install/srdfdom/share/srdfdom/hook/ld_library_path_lib.dsv'
[1.053s] INFO:colcon.colcon_core.shell:Creating environment hook '/home/muneeb/RoboFlexv2.0/brainswarm_ws/install/srdfdom/share/srdfdom/hook/ld_library_path_lib.sh'
[1.053s] Level 1:colcon.colcon_core.environment:checking '/home/muneeb/RoboFlexv2.0/brainswarm_ws/install/srdfdom/bin'
[1.053s] Level 1:colcon.colcon_core.environment:checking '/home/muneeb/RoboFlexv2.0/brainswarm_ws/install/srdfdom/lib/pkgconfig/srdfdom.pc'
[1.053s] Level 1:colcon.colcon_core.environment:checking '/home/muneeb/RoboFlexv2.0/brainswarm_ws/install/srdfdom/lib/python3.12/site-packages'
[1.054s] Level 1:colcon.colcon_core.shell:create_environment_hook('srdfdom', 'pythonpath')
[1.054s] INFO:colcon.colcon_core.shell:Creating environment hook '/home/muneeb/RoboFlexv2.0/brainswarm_ws/install/srdfdom/share/srdfdom/hook/pythonpath.ps1'
[1.054s] INFO:colcon.colcon_core.shell:Creating environment descriptor '/home/muneeb/RoboFlexv2.0/brainswarm_ws/install/srdfdom/share/srdfdom/hook/pythonpath.dsv'
[1.055s] INFO:colcon.colcon_core.shell:Creating environment hook '/home/muneeb/RoboFlexv2.0/brainswarm_ws/install/srdfdom/share/srdfdom/hook/pythonpath.sh'
[1.055s] Level 1:colcon.colcon_core.environment:checking '/home/muneeb/RoboFlexv2.0/brainswarm_ws/install/srdfdom/bin'
[1.055s] INFO:colcon.colcon_core.shell:Creating package script '/home/muneeb/RoboFlexv2.0/brainswarm_ws/install/srdfdom/share/srdfdom/package.ps1'
[1.056s] INFO:colcon.colcon_core.shell:Creating package descriptor '/home/muneeb/RoboFlexv2.0/brainswarm_ws/install/srdfdom/share/srdfdom/package.dsv'
[1.057s] INFO:colcon.colcon_core.shell:Creating package script '/home/muneeb/RoboFlexv2.0/brainswarm_ws/install/srdfdom/share/srdfdom/package.sh'
[1.057s] INFO:colcon.colcon_core.shell:Creating package script '/home/muneeb/RoboFlexv2.0/brainswarm_ws/install/srdfdom/share/srdfdom/package.bash'
[1.057s] INFO:colcon.colcon_core.shell:Creating package script '/home/muneeb/RoboFlexv2.0/brainswarm_ws/install/srdfdom/share/srdfdom/package.zsh'
[1.058s] Level 1:colcon.colcon_core.environment:create_file_with_runtime_dependencies(/home/muneeb/RoboFlexv2.0/brainswarm_ws/install/srdfdom/share/colcon-core/packages/srdfdom)
[1.434s] DEBUG:colcon.colcon_core.event_handler.log_command:Invoked command in '/home/muneeb/RoboFlexv2.0/brainswarm_ws/build/dynamixel_hardware' returned '0': CMAKE_PREFIX_PATH=${CMAKE_PREFIX_PATH}:/opt/ros/jazzy DEBUGINFOD_URLS=https://debuginfod.neon.kde.org/ https://debuginfod.ubuntu.com/ /usr/bin/cmake /home/muneeb/RoboFlexv2.0/brainswarm_ws/src/dynamixel_hardware -DCMAKE_INSTALL_PREFIX=/home/muneeb/RoboFlexv2.0/brainswarm_ws/install/dynamixel_hardware
[1.435s] DEBUG:colcon.colcon_core.event_handler.log_command:Invoking command in '/home/muneeb/RoboFlexv2.0/brainswarm_ws/build/dynamixel_hardware': CMAKE_PREFIX_PATH=${CMAKE_PREFIX_PATH}:/opt/ros/jazzy DEBUGINFOD_URLS=https://debuginfod.neon.kde.org/ https://debuginfod.ubuntu.com/ /usr/bin/cmake --build /home/muneeb/RoboFlexv2.0/brainswarm_ws/build/dynamixel_hardware -- -j8 -l8
[12.697s] DEBUG:colcon.colcon_core.event_handler.log_command:Invoked command in '/home/muneeb/RoboFlexv2.0/brainswarm_ws/build/dynamixel_hardware' returned '0': CMAKE_PREFIX_PATH=${CMAKE_PREFIX_PATH}:/opt/ros/jazzy DEBUGINFOD_URLS=https://debuginfod.neon.kde.org/ https://debuginfod.ubuntu.com/ /usr/bin/cmake --build /home/muneeb/RoboFlexv2.0/brainswarm_ws/build/dynamixel_hardware -- -j8 -l8
[12.699s] DEBUG:colcon.colcon_core.event_handler.log_command:Invoking command in '/home/muneeb/RoboFlexv2.0/brainswarm_ws/build/dynamixel_hardware': CMAKE_PREFIX_PATH=${CMAKE_PREFIX_PATH}:/opt/ros/jazzy DEBUGINFOD_URLS=https://debuginfod.neon.kde.org/ https://debuginfod.ubuntu.com/ /usr/bin/cmake --install /home/muneeb/RoboFlexv2.0/brainswarm_ws/build/dynamixel_hardware
[12.718s] Level 1:colcon.colcon_core.environment:create_environment_scripts_only(dynamixel_hardware)
[12.719s] Level 1:colcon.colcon_core.environment:checking '/home/muneeb/RoboFlexv2.0/brainswarm_ws/install/dynamixel_hardware' for CMake module files
[12.719s] DEBUG:colcon.colcon_core.event_handler.log_command:Invoked command in '/home/muneeb/RoboFlexv2.0/brainswarm_ws/build/dynamixel_hardware' returned '0': CMAKE_PREFIX_PATH=${CMAKE_PREFIX_PATH}:/opt/ros/jazzy DEBUGINFOD_URLS=https://debuginfod.neon.kde.org/ https://debuginfod.ubuntu.com/ /usr/bin/cmake --install /home/muneeb/RoboFlexv2.0/brainswarm_ws/build/dynamixel_hardware
[12.720s] Level 1:colcon.colcon_core.environment:checking '/home/muneeb/RoboFlexv2.0/brainswarm_ws/install/dynamixel_hardware' for CMake config files
[12.720s] Level 1:colcon.colcon_core.shell:create_environment_hook('dynamixel_hardware', 'cmake_prefix_path')
[12.720s] INFO:colcon.colcon_core.shell:Creating environment hook '/home/muneeb/RoboFlexv2.0/brainswarm_ws/install/dynamixel_hardware/share/dynamixel_hardware/hook/cmake_prefix_path.ps1'
[12.721s] INFO:colcon.colcon_core.shell:Creating environment descriptor '/home/muneeb/RoboFlexv2.0/brainswarm_ws/install/dynamixel_hardware/share/dynamixel_hardware/hook/cmake_prefix_path.dsv'
[12.721s] INFO:colcon.colcon_core.shell:Creating environment hook '/home/muneeb/RoboFlexv2.0/brainswarm_ws/install/dynamixel_hardware/share/dynamixel_hardware/hook/cmake_prefix_path.sh'
[12.721s] Level 1:colcon.colcon_core.environment:checking '/home/muneeb/RoboFlexv2.0/brainswarm_ws/install/dynamixel_hardware/lib'
[12.721s] Level 1:colcon.colcon_core.shell:create_environment_hook('dynamixel_hardware', 'ld_library_path_lib')
[12.722s] INFO:colcon.colcon_core.shell:Creating environment hook '/home/muneeb/RoboFlexv2.0/brainswarm_ws/install/dynamixel_hardware/share/dynamixel_hardware/hook/ld_library_path_lib.ps1'
[12.722s] INFO:colcon.colcon_core.shell:Creating environment descriptor '/home/muneeb/RoboFlexv2.0/brainswarm_ws/install/dynamixel_hardware/share/dynamixel_hardware/hook/ld_library_path_lib.dsv'
[12.722s] INFO:colcon.colcon_core.shell:Creating environment hook '/home/muneeb/RoboFlexv2.0/brainswarm_ws/install/dynamixel_hardware/share/dynamixel_hardware/hook/ld_library_path_lib.sh'
[12.723s] Level 1:colcon.colcon_core.environment:checking '/home/muneeb/RoboFlexv2.0/brainswarm_ws/install/dynamixel_hardware/bin'
[12.723s] Level 1:colcon.colcon_core.environment:checking '/home/muneeb/RoboFlexv2.0/brainswarm_ws/install/dynamixel_hardware/lib/pkgconfig/dynamixel_hardware.pc'
[12.723s] Level 1:colcon.colcon_core.environment:checking '/home/muneeb/RoboFlexv2.0/brainswarm_ws/install/dynamixel_hardware/lib/python3.12/site-packages'
[12.723s] Level 1:colcon.colcon_core.environment:checking '/home/muneeb/RoboFlexv2.0/brainswarm_ws/install/dynamixel_hardware/bin'
[12.724s] INFO:colcon.colcon_core.shell:Creating package script '/home/muneeb/RoboFlexv2.0/brainswarm_ws/install/dynamixel_hardware/share/dynamixel_hardware/package.ps1'
[12.724s] INFO:colcon.colcon_core.shell:Creating package descriptor '/home/muneeb/RoboFlexv2.0/brainswarm_ws/install/dynamixel_hardware/share/dynamixel_hardware/package.dsv'
[12.725s] INFO:colcon.colcon_core.shell:Creating package script '/home/muneeb/RoboFlexv2.0/brainswarm_ws/install/dynamixel_hardware/share/dynamixel_hardware/package.sh'
[12.725s] INFO:colcon.colcon_core.shell:Creating package script '/home/muneeb/RoboFlexv2.0/brainswarm_ws/install/dynamixel_hardware/share/dynamixel_hardware/package.bash'
[12.726s] INFO:colcon.colcon_core.shell:Creating package script '/home/muneeb/RoboFlexv2.0/brainswarm_ws/install/dynamixel_hardware/share/dynamixel_hardware/package.zsh'
[12.726s] Level 1:colcon.colcon_core.environment:create_file_with_runtime_dependencies(/home/muneeb/RoboFlexv2.0/brainswarm_ws/install/dynamixel_hardware/share/colcon-core/packages/dynamixel_hardware)
[12.727s] Level 1:colcon.colcon_core.environment:create_environment_scripts_only(dynamixel_hardware)
[12.727s] Level 1:colcon.colcon_core.environment:checking '/home/muneeb/RoboFlexv2.0/brainswarm_ws/install/dynamixel_hardware' for CMake module files
[12.727s] Level 1:colcon.colcon_core.environment:checking '/home/muneeb/RoboFlexv2.0/brainswarm_ws/install/dynamixel_hardware' for CMake config files
[12.728s] Level 1:colcon.colcon_core.shell:create_environment_hook('dynamixel_hardware', 'cmake_prefix_path')
[12.728s] INFO:colcon.colcon_core.shell:Creating environment hook '/home/muneeb/RoboFlexv2.0/brainswarm_ws/install/dynamixel_hardware/share/dynamixel_hardware/hook/cmake_prefix_path.ps1'
[12.728s] INFO:colcon.colcon_core.shell:Creating environment descriptor '/home/muneeb/RoboFlexv2.0/brainswarm_ws/install/dynamixel_hardware/share/dynamixel_hardware/hook/cmake_prefix_path.dsv'
[12.729s] INFO:colcon.colcon_core.shell:Creating environment hook '/home/muneeb/RoboFlexv2.0/brainswarm_ws/install/dynamixel_hardware/share/dynamixel_hardware/hook/cmake_prefix_path.sh'
[12.729s] Level 1:colcon.colcon_core.environment:checking '/home/muneeb/RoboFlexv2.0/brainswarm_ws/install/dynamixel_hardware/lib'
[12.729s] Level 1:colcon.colcon_core.shell:create_environment_hook('dynamixel_hardware', 'ld_library_path_lib')
[12.730s] INFO:colcon.colcon_core.shell:Creating environment hook '/home/muneeb/RoboFlexv2.0/brainswarm_ws/install/dynamixel_hardware/share/dynamixel_hardware/hook/ld_library_path_lib.ps1'
[12.730s] INFO:colcon.colcon_core.shell:Creating environment descriptor '/home/muneeb/RoboFlexv2.0/brainswarm_ws/install/dynamixel_hardware/share/dynamixel_hardware/hook/ld_library_path_lib.dsv'
[12.730s] INFO:colcon.colcon_core.shell:Creating environment hook '/home/muneeb/RoboFlexv2.0/brainswarm_ws/install/dynamixel_hardware/share/dynamixel_hardware/hook/ld_library_path_lib.sh'
[12.731s] Level 1:colcon.colcon_core.environment:checking '/home/muneeb/RoboFlexv2.0/brainswarm_ws/install/dynamixel_hardware/bin'
[12.731s] Level 1:colcon.colcon_core.environment:checking '/home/muneeb/RoboFlexv2.0/brainswarm_ws/install/dynamixel_hardware/lib/pkgconfig/dynamixel_hardware.pc'
[12.731s] Level 1:colcon.colcon_core.environment:checking '/home/muneeb/RoboFlexv2.0/brainswarm_ws/install/dynamixel_hardware/lib/python3.12/site-packages'
[12.731s] Level 1:colcon.colcon_core.environment:checking '/home/muneeb/RoboFlexv2.0/brainswarm_ws/install/dynamixel_hardware/bin'
[12.731s] INFO:colcon.colcon_core.shell:Creating package script '/home/muneeb/RoboFlexv2.0/brainswarm_ws/install/dynamixel_hardware/share/dynamixel_hardware/package.ps1'
[12.732s] INFO:colcon.colcon_core.shell:Creating package descriptor '/home/muneeb/RoboFlexv2.0/brainswarm_ws/install/dynamixel_hardware/share/dynamixel_hardware/package.dsv'
[12.732s] INFO:colcon.colcon_core.shell:Creating package script '/home/muneeb/RoboFlexv2.0/brainswarm_ws/install/dynamixel_hardware/share/dynamixel_hardware/package.sh'
[12.733s] INFO:colcon.colcon_core.shell:Creating package script '/home/muneeb/RoboFlexv2.0/brainswarm_ws/install/dynamixel_hardware/share/dynamixel_hardware/package.bash'
[12.733s] INFO:colcon.colcon_core.shell:Creating package script '/home/muneeb/RoboFlexv2.0/brainswarm_ws/install/dynamixel_hardware/share/dynamixel_hardware/package.zsh'
[12.734s] Level 1:colcon.colcon_core.environment:create_file_with_runtime_dependencies(/home/muneeb/RoboFlexv2.0/brainswarm_ws/install/dynamixel_hardware/share/colcon-core/packages/dynamixel_hardware)
[12.734s] DEBUG:colcon.colcon_parallel_executor.executor.parallel:closing loop
[12.734s] DEBUG:colcon.colcon_parallel_executor.executor.parallel:loop closed
[12.734s] DEBUG:colcon.colcon_parallel_executor.executor.parallel:run_until_complete finished with '0'
[12.735s] DEBUG:colcon.colcon_core.event_reactor:joining thread
[12.740s] INFO:colcon.colcon_core.plugin_system:Skipping extension 'colcon_notification.desktop_notification.notify_send': Could not find 'notify-send'
[12.741s] INFO:colcon.colcon_core.plugin_system:Skipping extension 'colcon_notification.desktop_notification.terminal_notifier': Not used on non-Darwin systems
[12.741s] INFO:colcon.colcon_core.plugin_system:Skipping extension 'colcon_notification.desktop_notification.win32': Not used on non-Windows systems
[12.741s] INFO:colcon.colcon_notification.desktop_notification:Sending desktop notification using 'notify2'
[12.764s] DEBUG:colcon.colcon_core.event_reactor:joined thread
[12.764s] INFO:colcon.colcon_core.shell:Creating prefix script '/home/muneeb/RoboFlexv2.0/brainswarm_ws/install/local_setup.ps1'
[12.766s] INFO:colcon.colcon_core.shell:Creating prefix util module '/home/muneeb/RoboFlexv2.0/brainswarm_ws/install/_local_setup_util_ps1.py'
[12.768s] INFO:colcon.colcon_core.shell:Creating prefix chain script '/home/muneeb/RoboFlexv2.0/brainswarm_ws/install/setup.ps1'
[12.770s] INFO:colcon.colcon_core.shell:Creating prefix script '/home/muneeb/RoboFlexv2.0/brainswarm_ws/install/local_setup.sh'
[12.771s] INFO:colcon.colcon_core.shell:Creating prefix util module '/home/muneeb/RoboFlexv2.0/brainswarm_ws/install/_local_setup_util_sh.py'
[12.771s] INFO:colcon.colcon_core.shell:Creating prefix chain script '/home/muneeb/RoboFlexv2.0/brainswarm_ws/install/setup.sh'
[12.772s] INFO:colcon.colcon_core.shell:Creating prefix script '/home/muneeb/RoboFlexv2.0/brainswarm_ws/install/local_setup.bash'
[12.773s] INFO:colcon.colcon_core.shell:Creating prefix chain script '/home/muneeb/RoboFlexv2.0/brainswarm_ws/install/setup.bash'
[12.774s] INFO:colcon.colcon_core.shell:Creating prefix script '/home/muneeb/RoboFlexv2.0/brainswarm_ws/install/local_setup.zsh'
[12.774s] INFO:colcon.colcon_core.shell:Creating prefix chain script '/home/muneeb/RoboFlexv2.0/brainswarm_ws/install/setup.zsh'
