[0.026s] Invoking command in '/home/muneeb/RoboFlexv2.0/brainswarm_ws/build/roboflex_description': CMAKE_PREFIX_PATH=${CMAKE_PREFIX_PATH}:/opt/ros/jazzy DEBUGINFOD_URLS=https://debuginfod.neon.kde.org/ https://debuginfod.ubuntu.com/ /usr/bin/cmake /home/muneeb/RoboFlexv2.0/brainswarm_ws/src/roboflex_description -DCMAKE_INSTALL_PREFIX=/home/muneeb/RoboFlexv2.0/brainswarm_ws/install/roboflex_description
[0.369s] -- The C compiler identification is GNU 13.3.0
[0.548s] -- The CXX compiler identification is GNU 13.3.0
[0.580s] -- Detecting C compiler ABI info
[0.863s] -- Detecting C compiler ABI info - done
[0.922s] -- Check for working C compiler: /usr/bin/cc - skipped
[0.922s] -- Detecting C compile features
[0.936s] -- Detecting C compile features - done
[0.937s] -- Detecting CXX compiler ABI info
[1.183s] -- Detecting CXX compiler ABI info - done
[1.223s] -- Check for working CXX compiler: /usr/bin/c++ - skipped
[1.223s] -- Detecting CXX compile features
[1.228s] -- Detecting CXX compile features - done
[1.236s] -- Found ament_cmake: 2.5.3 (/opt/ros/jazzy/share/ament_cmake/cmake)
[2.007s] -- Found Python3: /usr/bin/python3 (found version "3.12.3") found components: Interpreter
[2.426s] -- Found ament_lint_auto: 0.17.2 (/opt/ros/jazzy/share/ament_lint_auto/cmake)
[2.714s] -- Added test 'flake8' to check Python code syntax and style conventions
[2.714s] -- Configured 'flake8' exclude dirs and/or files: 
[2.716s] -- Added test 'lint_cmake' to check CMake code style
[2.721s] -- Added test 'pep257' to check Python code against some of the docstring style conventions in PEP 257
[2.728s] -- Added test 'xmllint' to check XML markup files
[2.746s] -- Configuring done (2.7s)
[2.763s] -- Generating done (0.0s)
[2.768s] -- Build files have been written to: /home/muneeb/RoboFlexv2.0/brainswarm_ws/build/roboflex_description
[2.782s] Invoked command in '/home/muneeb/RoboFlexv2.0/brainswarm_ws/build/roboflex_description' returned '0': CMAKE_PREFIX_PATH=${CMAKE_PREFIX_PATH}:/opt/ros/jazzy DEBUGINFOD_URLS=https://debuginfod.neon.kde.org/ https://debuginfod.ubuntu.com/ /usr/bin/cmake /home/muneeb/RoboFlexv2.0/brainswarm_ws/src/roboflex_description -DCMAKE_INSTALL_PREFIX=/home/muneeb/RoboFlexv2.0/brainswarm_ws/install/roboflex_description
[2.784s] Invoking command in '/home/muneeb/RoboFlexv2.0/brainswarm_ws/build/roboflex_description': CMAKE_PREFIX_PATH=${CMAKE_PREFIX_PATH}:/opt/ros/jazzy DEBUGINFOD_URLS=https://debuginfod.neon.kde.org/ https://debuginfod.ubuntu.com/ /usr/bin/cmake --build /home/muneeb/RoboFlexv2.0/brainswarm_ws/build/roboflex_description -- -j8 -l8
[2.884s] Invoked command in '/home/muneeb/RoboFlexv2.0/brainswarm_ws/build/roboflex_description' returned '0': CMAKE_PREFIX_PATH=${CMAKE_PREFIX_PATH}:/opt/ros/jazzy DEBUGINFOD_URLS=https://debuginfod.neon.kde.org/ https://debuginfod.ubuntu.com/ /usr/bin/cmake --build /home/muneeb/RoboFlexv2.0/brainswarm_ws/build/roboflex_description -- -j8 -l8
[2.930s] Invoking command in '/home/muneeb/RoboFlexv2.0/brainswarm_ws/build/roboflex_description': CMAKE_PREFIX_PATH=${CMAKE_PREFIX_PATH}:/opt/ros/jazzy DEBUGINFOD_URLS=https://debuginfod.neon.kde.org/ https://debuginfod.ubuntu.com/ /usr/bin/cmake --install /home/muneeb/RoboFlexv2.0/brainswarm_ws/build/roboflex_description
[2.948s] -- Install configuration: ""
[2.949s] -- Installing: /home/muneeb/RoboFlexv2.0/brainswarm_ws/install/roboflex_description/lib/roboflex_description/trajectory_controller
[2.950s] -- Installing: /home/muneeb/RoboFlexv2.0/brainswarm_ws/install/roboflex_description/lib/roboflex_description/gripper_trajectory_controller
[2.951s] -- Installing: /home/muneeb/RoboFlexv2.0/brainswarm_ws/install/roboflex_description/share/roboflex_description//config
[2.951s] -- Installing: /home/muneeb/RoboFlexv2.0/brainswarm_ws/install/roboflex_description/share/roboflex_description//config/real_robotic_arm_controllers.yaml
[2.952s] -- Installing: /home/muneeb/RoboFlexv2.0/brainswarm_ws/install/roboflex_description/share/roboflex_description//config/roboflex_controllers.yaml
[2.952s] -- Installing: /home/muneeb/RoboFlexv2.0/brainswarm_ws/install/roboflex_description/share/roboflex_description//config/ros_gz_bridge.yaml
[2.953s] -- Installing: /home/muneeb/RoboFlexv2.0/brainswarm_ws/install/roboflex_description/share/roboflex_description//meshes
[2.953s] -- Installing: /home/muneeb/RoboFlexv2.0/brainswarm_ws/install/roboflex_description/share/roboflex_description//meshes/gripper_left_link.STL
[2.953s] -- Installing: /home/muneeb/RoboFlexv2.0/brainswarm_ws/install/roboflex_description/share/roboflex_description//meshes/base_link.STL
[2.957s] -- Installing: /home/muneeb/RoboFlexv2.0/brainswarm_ws/install/roboflex_description/share/roboflex_description//meshes/gripper_right_link.STL
[2.958s] -- Installing: /home/muneeb/RoboFlexv2.0/brainswarm_ws/install/roboflex_description/share/roboflex_description//meshes/gripper_body.STL
[2.959s] -- Installing: /home/muneeb/RoboFlexv2.0/brainswarm_ws/install/roboflex_description/share/roboflex_description//meshes/link_3.STL
[2.960s] -- Installing: /home/muneeb/RoboFlexv2.0/brainswarm_ws/install/roboflex_description/share/roboflex_description//meshes/link_2.STL
[2.960s] -- Installing: /home/muneeb/RoboFlexv2.0/brainswarm_ws/install/roboflex_description/share/roboflex_description//meshes/link_1.STL
[2.960s] -- Installing: /home/muneeb/RoboFlexv2.0/brainswarm_ws/install/roboflex_description/share/roboflex_description//launch
[2.961s] -- Installing: /home/muneeb/RoboFlexv2.0/brainswarm_ws/install/roboflex_description/share/roboflex_description//launch/real_hardware.launch.py
[2.961s] -- Installing: /home/muneeb/RoboFlexv2.0/brainswarm_ws/install/roboflex_description/share/roboflex_description//launch/simulation.launch.py
[2.962s] -- Installing: /home/muneeb/RoboFlexv2.0/brainswarm_ws/install/roboflex_description/share/roboflex_description//scripts
[2.963s] -- Installing: /home/muneeb/RoboFlexv2.0/brainswarm_ws/install/roboflex_description/share/roboflex_description//scripts/trajectory_controller
[2.963s] -- Installing: /home/muneeb/RoboFlexv2.0/brainswarm_ws/install/roboflex_description/share/roboflex_description//scripts/gripper_trajectory_controller
[2.963s] -- Installing: /home/muneeb/RoboFlexv2.0/brainswarm_ws/install/roboflex_description/share/roboflex_description//urdf
[2.964s] -- Installing: /home/muneeb/RoboFlexv2.0/brainswarm_ws/install/roboflex_description/share/roboflex_description//urdf/roboflex_robotic_arm.urdf
[2.964s] -- Installing: /home/muneeb/RoboFlexv2.0/brainswarm_ws/install/roboflex_description/share/roboflex_description//urdf/roboflex_robotic_arm.urdf.xacro
[2.964s] -- Installing: /home/muneeb/RoboFlexv2.0/brainswarm_ws/install/roboflex_description/share/roboflex_description//urdf/real_hardware.urdf.xacro
[2.965s] -- Installing: /home/muneeb/RoboFlexv2.0/brainswarm_ws/install/roboflex_description/share/roboflex_description//urdf/brainswarm_robotic_arm.csv
[2.966s] -- Installing: /home/muneeb/RoboFlexv2.0/brainswarm_ws/install/roboflex_description/share/ament_index/resource_index/package_run_dependencies/roboflex_description
[2.967s] -- Installing: /home/muneeb/RoboFlexv2.0/brainswarm_ws/install/roboflex_description/share/ament_index/resource_index/parent_prefix_path/roboflex_description
[2.967s] -- Installing: /home/muneeb/RoboFlexv2.0/brainswarm_ws/install/roboflex_description/share/roboflex_description/environment/ament_prefix_path.sh
[2.968s] -- Installing: /home/muneeb/RoboFlexv2.0/brainswarm_ws/install/roboflex_description/share/roboflex_description/environment/ament_prefix_path.dsv
[2.968s] -- Installing: /home/muneeb/RoboFlexv2.0/brainswarm_ws/install/roboflex_description/share/roboflex_description/environment/path.sh
[2.970s] -- Installing: /home/muneeb/RoboFlexv2.0/brainswarm_ws/install/roboflex_description/share/roboflex_description/environment/path.dsv
[2.971s] -- Installing: /home/muneeb/RoboFlexv2.0/brainswarm_ws/install/roboflex_description/share/roboflex_description/local_setup.bash
[2.971s] -- Installing: /home/muneeb/RoboFlexv2.0/brainswarm_ws/install/roboflex_description/share/roboflex_description/local_setup.sh
[2.972s] -- Installing: /home/muneeb/RoboFlexv2.0/brainswarm_ws/install/roboflex_description/share/roboflex_description/local_setup.zsh
[2.972s] -- Installing: /home/muneeb/RoboFlexv2.0/brainswarm_ws/install/roboflex_description/share/roboflex_description/local_setup.dsv
[2.973s] -- Installing: /home/muneeb/RoboFlexv2.0/brainswarm_ws/install/roboflex_description/share/roboflex_description/package.dsv
[2.973s] -- Installing: /home/muneeb/RoboFlexv2.0/brainswarm_ws/install/roboflex_description/share/ament_index/resource_index/packages/roboflex_description
[2.974s] -- Installing: /home/muneeb/RoboFlexv2.0/brainswarm_ws/install/roboflex_description/share/roboflex_description/cmake/roboflex_descriptionConfig.cmake
[2.974s] -- Installing: /home/muneeb/RoboFlexv2.0/brainswarm_ws/install/roboflex_description/share/roboflex_description/cmake/roboflex_descriptionConfig-version.cmake
[2.974s] -- Installing: /home/muneeb/RoboFlexv2.0/brainswarm_ws/install/roboflex_description/share/roboflex_description/package.xml
[2.978s] Invoked command in '/home/muneeb/RoboFlexv2.0/brainswarm_ws/build/roboflex_description' returned '0': CMAKE_PREFIX_PATH=${CMAKE_PREFIX_PATH}:/opt/ros/jazzy DEBUGINFOD_URLS=https://debuginfod.neon.kde.org/ https://debuginfod.ubuntu.com/ /usr/bin/cmake --install /home/muneeb/RoboFlexv2.0/brainswarm_ws/build/roboflex_description
