[0.023s] Invoking command in '/home/muneeb/RoboFlexv2.0/brainswarm_ws/build/dynamixel_hardware': CMAKE_PREFIX_PATH=${CMAKE_PREFIX_PATH}:/opt/ros/jazzy DEBUGINFOD_URLS=https://debuginfod.neon.kde.org/ https://debuginfod.ubuntu.com/ /usr/bin/cmake --build /home/muneeb/RoboFlexv2.0/brainswarm_ws/build/dynamixel_hardware -- -j8 -l8
[0.136s] [100%] Built target dynamixel_hardware
[0.161s] Invoked command in '/home/muneeb/RoboFlexv2.0/brainswarm_ws/build/dynamixel_hardware' returned '0': CMAKE_PREFIX_PATH=${CMAKE_PREFIX_PATH}:/opt/ros/jazzy DEBUGINFOD_URLS=https://debuginfod.neon.kde.org/ https://debuginfod.ubuntu.com/ /usr/bin/cmake --build /home/muneeb/RoboFlexv2.0/brainswarm_ws/build/dynamixel_hardware -- -j8 -l8
[0.163s] Invoking command in '/home/muneeb/RoboFlexv2.0/brainswarm_ws/build/dynamixel_hardware': CMAKE_PREFIX_PATH=${CMAKE_PREFIX_PATH}:/opt/ros/jazzy DEBUGINFOD_URLS=https://debuginfod.neon.kde.org/ https://debuginfod.ubuntu.com/ /usr/bin/cmake --install /home/muneeb/RoboFlexv2.0/brainswarm_ws/build/dynamixel_hardware
[0.172s] -- Install configuration: ""
[0.173s] -- Up-to-date: /home/muneeb/RoboFlexv2.0/brainswarm_ws/install/dynamixel_hardware/share/dynamixel_hardware/dynamixel_hardware.xml
[0.173s] -- Up-to-date: /home/muneeb/RoboFlexv2.0/brainswarm_ws/install/dynamixel_hardware/lib/libdynamixel_hardware.so
[0.175s] -- Up-to-date: /home/muneeb/RoboFlexv2.0/brainswarm_ws/install/dynamixel_hardware/include
[0.175s] -- Up-to-date: /home/muneeb/RoboFlexv2.0/brainswarm_ws/install/dynamixel_hardware/include/dynamixel_hardware
[0.175s] -- Up-to-date: /home/muneeb/RoboFlexv2.0/brainswarm_ws/install/dynamixel_hardware/include/dynamixel_hardware/dynamixel_hardware.hpp
[0.175s] -- Up-to-date: /home/muneeb/RoboFlexv2.0/brainswarm_ws/install/dynamixel_hardware/include/dynamixel_hardware/visiblity_control.h
[0.175s] -- Up-to-date: /home/muneeb/RoboFlexv2.0/brainswarm_ws/install/dynamixel_hardware/share/dynamixel_hardware/environment/library_path.sh
[0.176s] -- Up-to-date: /home/muneeb/RoboFlexv2.0/brainswarm_ws/install/dynamixel_hardware/share/dynamixel_hardware/environment/library_path.dsv
[0.176s] -- Up-to-date: /home/muneeb/RoboFlexv2.0/brainswarm_ws/install/dynamixel_hardware/share/ament_index/resource_index/package_run_dependencies/dynamixel_hardware
[0.176s] -- Up-to-date: /home/muneeb/RoboFlexv2.0/brainswarm_ws/install/dynamixel_hardware/share/ament_index/resource_index/parent_prefix_path/dynamixel_hardware
[0.176s] -- Up-to-date: /home/muneeb/RoboFlexv2.0/brainswarm_ws/install/dynamixel_hardware/share/dynamixel_hardware/environment/ament_prefix_path.sh
[0.176s] -- Up-to-date: /home/muneeb/RoboFlexv2.0/brainswarm_ws/install/dynamixel_hardware/share/dynamixel_hardware/environment/ament_prefix_path.dsv
[0.176s] -- Up-to-date: /home/muneeb/RoboFlexv2.0/brainswarm_ws/install/dynamixel_hardware/share/dynamixel_hardware/environment/path.sh
[0.176s] -- Up-to-date: /home/muneeb/RoboFlexv2.0/brainswarm_ws/install/dynamixel_hardware/share/dynamixel_hardware/environment/path.dsv
[0.176s] -- Up-to-date: /home/muneeb/RoboFlexv2.0/brainswarm_ws/install/dynamixel_hardware/share/dynamixel_hardware/local_setup.bash
[0.177s] -- Up-to-date: /home/muneeb/RoboFlexv2.0/brainswarm_ws/install/dynamixel_hardware/share/dynamixel_hardware/local_setup.sh
[0.177s] -- Up-to-date: /home/muneeb/RoboFlexv2.0/brainswarm_ws/install/dynamixel_hardware/share/dynamixel_hardware/local_setup.zsh
[0.177s] -- Up-to-date: /home/muneeb/RoboFlexv2.0/brainswarm_ws/install/dynamixel_hardware/share/dynamixel_hardware/local_setup.dsv
[0.177s] -- Installing: /home/muneeb/RoboFlexv2.0/brainswarm_ws/install/dynamixel_hardware/share/dynamixel_hardware/package.dsv
[0.177s] -- Up-to-date: /home/muneeb/RoboFlexv2.0/brainswarm_ws/install/dynamixel_hardware/share/ament_index/resource_index/packages/dynamixel_hardware
[0.177s] -- Up-to-date: /home/muneeb/RoboFlexv2.0/brainswarm_ws/install/dynamixel_hardware/share/ament_index/resource_index/hardware_interface__pluginlib__plugin/dynamixel_hardware
[0.177s] -- Up-to-date: /home/muneeb/RoboFlexv2.0/brainswarm_ws/install/dynamixel_hardware/share/dynamixel_hardware/cmake/ament_cmake_export_include_directories-extras.cmake
[0.177s] -- Up-to-date: /home/muneeb/RoboFlexv2.0/brainswarm_ws/install/dynamixel_hardware/share/dynamixel_hardware/cmake/ament_cmake_export_libraries-extras.cmake
[0.177s] -- Up-to-date: /home/muneeb/RoboFlexv2.0/brainswarm_ws/install/dynamixel_hardware/share/dynamixel_hardware/cmake/ament_cmake_export_dependencies-extras.cmake
[0.178s] -- Up-to-date: /home/muneeb/RoboFlexv2.0/brainswarm_ws/install/dynamixel_hardware/share/dynamixel_hardware/cmake/dynamixel_hardwareConfig.cmake
[0.178s] -- Up-to-date: /home/muneeb/RoboFlexv2.0/brainswarm_ws/install/dynamixel_hardware/share/dynamixel_hardware/cmake/dynamixel_hardwareConfig-version.cmake
[0.178s] -- Up-to-date: /home/muneeb/RoboFlexv2.0/brainswarm_ws/install/dynamixel_hardware/share/dynamixel_hardware/package.xml
[0.178s] Invoked command in '/home/muneeb/RoboFlexv2.0/brainswarm_ws/build/dynamixel_hardware' returned '0': CMAKE_PREFIX_PATH=${CMAKE_PREFIX_PATH}:/opt/ros/jazzy DEBUGINFOD_URLS=https://debuginfod.neon.kde.org/ https://debuginfod.ubuntu.com/ /usr/bin/cmake --install /home/muneeb/RoboFlexv2.0/brainswarm_ws/build/dynamixel_hardware
