[0.021s] Invoking command in '/home/muneeb/RoboFlexv2.0/brainswarm_ws/build/srdfdom': CMAKE_PREFIX_PATH=${CMAKE_PREFIX_PATH}:/opt/ros/jazzy DEBUGINFOD_URLS=https://debuginfod.neon.kde.org/ https://debuginfod.ubuntu.com/ /usr/bin/cmake /home/muneeb/RoboFlexv2.0/brainswarm_ws/src/srdfdom-2.0.4 -DCMAKE_INSTALL_PREFIX=/home/muneeb/RoboFlexv2.0/brainswarm_ws/install/srdfdom
[0.441s] -- The CXX compiler identification is GNU 13.3.0
[0.500s] -- Detecting CXX compiler ABI info
[0.828s] -- Detecting CXX compiler ABI info - done
[0.881s] -- Check for working CXX compiler: /usr/bin/c++ - skipped
[0.883s] -- Detecting CXX compile features
[0.889s] -- Detecting CXX compile features - done
[0.897s] [33mCMake Warning (dev) at CMakeLists.txt:13 (find_package):
[0.897s]   Policy CMP0167 is not set: The FindBoost module is removed.  Run "cmake
[0.897s]   --help-policy CMP0167" for policy details.  Use the cmake_policy command to
[0.897s]   set the policy and suppress this warning.
[0.897s] 
[0.898s] This warning is for project developers.  Use -Wno-dev to suppress it.
[0.898s] [0m
[0.919s] -- Found Boost: /usr/lib/x86_64-linux-gnu/cmake/Boost-1.83.0/BoostConfig.cmake (found version "1.83.0")
[0.955s] -- Found ament_cmake: 2.5.3 (/opt/ros/jazzy/share/ament_cmake/cmake)
[1.790s] -- Found Python3: /usr/bin/python3 (found version "3.12.3") found components: Interpreter
[2.386s] -- Found urdf: 2.10.0 (/opt/ros/jazzy/share/urdf/cmake)
[2.535s] -- Found TinyXML2 via Config file: /usr/lib/x86_64-linux-gnu/cmake/tinyxml2
[2.574s] -- Found TinyXML2 via Config file: /usr/lib/x86_64-linux-gnu/cmake/tinyxml2
[2.944s] -- Found ament_cmake_gtest: 2.5.3 (/opt/ros/jazzy/share/ament_cmake_gtest/cmake)
[2.947s] -- Found ament_cmake_pytest: 2.5.3 (/opt/ros/jazzy/share/ament_cmake_pytest/cmake)
[4.085s] -- Found gtest sources under '/opt/ros/jazzy/src/gtest_vendor': C++ tests using 'Google Test' will be built
[4.167s] -- The C compiler identification is GNU 13.3.0
[4.188s] -- Detecting C compiler ABI info
[4.322s] -- Detecting C compiler ABI info - done
[4.360s] -- Check for working C compiler: /usr/bin/cc - skipped
[4.360s] -- Detecting C compile features
[4.360s] -- Detecting C compile features - done
[4.362s] -- Performing Test CMAKE_HAVE_LIBC_PTHREAD
[4.578s] -- Performing Test CMAKE_HAVE_LIBC_PTHREAD - Success
[4.579s] -- Found Threads: TRUE
[4.590s] -- Found ament_lint_auto: 0.17.2 (/opt/ros/jazzy/share/ament_lint_auto/cmake)
[4.621s] -- Configuring done (4.5s)
[4.643s] -- Generating done (0.0s)
[4.648s] -- Build files have been written to: /home/muneeb/RoboFlexv2.0/brainswarm_ws/build/srdfdom
