[0.024s] Invoking command in '/home/muneeb/RoboFlexv2.0/brainswarm_ws/build/bras_robot_description': CMAKE_PREFIX_PATH=${CMAKE_PREFIX_PATH}:/opt/ros/jazzy DEBUGINFOD_URLS=https://debuginfod.neon.kde.org/ https://debuginfod.ubuntu.com/ /usr/bin/cmake --build /home/muneeb/RoboFlexv2.0/brainswarm_ws/build/bras_robot_description -- -j8 -l8
[0.089s] Invoked command in '/home/muneeb/RoboFlexv2.0/brainswarm_ws/build/bras_robot_description' returned '0': CMAKE_PREFIX_PATH=${CMAKE_PREFIX_PATH}:/opt/ros/jazzy DEBUGINFOD_URLS=https://debuginfod.neon.kde.org/ https://debuginfod.ubuntu.com/ /usr/bin/cmake --build /home/muneeb/RoboFlexv2.0/brainswarm_ws/build/bras_robot_description -- -j8 -l8
[0.091s] Invoking command in '/home/muneeb/RoboFlexv2.0/brainswarm_ws/build/bras_robot_description': CMAKE_PREFIX_PATH=${CMAKE_PREFIX_PATH}:/opt/ros/jazzy DEBUGINFOD_URLS=https://debuginfod.neon.kde.org/ https://debuginfod.ubuntu.com/ /usr/bin/cmake --install /home/muneeb/RoboFlexv2.0/brainswarm_ws/build/bras_robot_description
[0.114s] -- Install configuration: ""
[0.114s] -- Up-to-date: /home/muneeb/RoboFlexv2.0/brainswarm_ws/install/bras_robot_description/share/bras_robot_description//meshes
[0.114s] -- Up-to-date: /home/muneeb/RoboFlexv2.0/brainswarm_ws/install/bras_robot_description/share/bras_robot_description//meshes/base_link.STL
[0.114s] -- Up-to-date: /home/muneeb/RoboFlexv2.0/brainswarm_ws/install/bras_robot_description/share/bras_robot_description//meshes/link_2.STL
[0.114s] -- Up-to-date: /home/muneeb/RoboFlexv2.0/brainswarm_ws/install/bras_robot_description/share/bras_robot_description//meshes/link_1.STL
[0.114s] -- Up-to-date: /home/muneeb/RoboFlexv2.0/brainswarm_ws/install/bras_robot_description/share/bras_robot_description//config
[0.115s] -- Up-to-date: /home/muneeb/RoboFlexv2.0/brainswarm_ws/install/bras_robot_description/share/bras_robot_description//config/bras_robot_controllers.yaml
[0.115s] -- Up-to-date: /home/muneeb/RoboFlexv2.0/brainswarm_ws/install/bras_robot_description/share/bras_robot_description//config/ros_gz_bridge.yaml
[0.116s] -- Up-to-date: /home/muneeb/RoboFlexv2.0/brainswarm_ws/install/bras_robot_description/share/bras_robot_description//launch
[0.116s] -- Up-to-date: /home/muneeb/RoboFlexv2.0/brainswarm_ws/install/bras_robot_description/share/bras_robot_description//launch/simulation.launch.py
[0.116s] -- Up-to-date: /home/muneeb/RoboFlexv2.0/brainswarm_ws/install/bras_robot_description/share/bras_robot_description//worlds
[0.116s] -- Up-to-date: /home/muneeb/RoboFlexv2.0/brainswarm_ws/install/bras_robot_description/share/bras_robot_description//worlds/simulation_world_new.sdf
[0.117s] -- Up-to-date: /home/muneeb/RoboFlexv2.0/brainswarm_ws/install/bras_robot_description/share/bras_robot_description//models
[0.117s] -- Up-to-date: /home/muneeb/RoboFlexv2.0/brainswarm_ws/install/bras_robot_description/share/bras_robot_description//models/red_target
[0.118s] -- Up-to-date: /home/muneeb/RoboFlexv2.0/brainswarm_ws/install/bras_robot_description/share/bras_robot_description//models/red_target/meshes
[0.118s] -- Up-to-date: /home/muneeb/RoboFlexv2.0/brainswarm_ws/install/bras_robot_description/share/bras_robot_description//models/red_target/meshes/red_target.dae
[0.118s] -- Up-to-date: /home/muneeb/RoboFlexv2.0/brainswarm_ws/install/bras_robot_description/share/bras_robot_description//models/red_target/model.sdf
[0.118s] -- Up-to-date: /home/muneeb/RoboFlexv2.0/brainswarm_ws/install/bras_robot_description/share/bras_robot_description//models/red_target/model.config
[0.119s] -- Up-to-date: /home/muneeb/RoboFlexv2.0/brainswarm_ws/install/bras_robot_description/share/bras_robot_description//models/wall
[0.119s] -- Up-to-date: /home/muneeb/RoboFlexv2.0/brainswarm_ws/install/bras_robot_description/share/bras_robot_description//models/wall/materials
[0.120s] -- Up-to-date: /home/muneeb/RoboFlexv2.0/brainswarm_ws/install/bras_robot_description/share/bras_robot_description//models/wall/materials/scripts
[0.121s] -- Up-to-date: /home/muneeb/RoboFlexv2.0/brainswarm_ws/install/bras_robot_description/share/bras_robot_description//models/wall/materials/scripts/wall_white.material
[0.121s] -- Up-to-date: /home/muneeb/RoboFlexv2.0/brainswarm_ws/install/bras_robot_description/share/bras_robot_description//models/wall/materials/textures
[0.121s] -- Up-to-date: /home/muneeb/RoboFlexv2.0/brainswarm_ws/install/bras_robot_description/share/bras_robot_description//models/wall/materials/textures/wall_color_white_old.jpg
[0.122s] -- Up-to-date: /home/muneeb/RoboFlexv2.0/brainswarm_ws/install/bras_robot_description/share/bras_robot_description//models/wall/materials/textures/wall_color_white.jpg
[0.122s] -- Up-to-date: /home/muneeb/RoboFlexv2.0/brainswarm_ws/install/bras_robot_description/share/bras_robot_description//models/wall/model.sdf
[0.122s] -- Up-to-date: /home/muneeb/RoboFlexv2.0/brainswarm_ws/install/bras_robot_description/share/bras_robot_description//models/wall/model.config
[0.122s] -- Up-to-date: /home/muneeb/RoboFlexv2.0/brainswarm_ws/install/bras_robot_description/share/bras_robot_description//models/pick_object
[0.123s] -- Up-to-date: /home/muneeb/RoboFlexv2.0/brainswarm_ws/install/bras_robot_description/share/bras_robot_description//models/pick_object/meshes
[0.123s] -- Up-to-date: /home/muneeb/RoboFlexv2.0/brainswarm_ws/install/bras_robot_description/share/bras_robot_description//models/pick_object/meshes/test_obj.dae
[0.123s] -- Up-to-date: /home/muneeb/RoboFlexv2.0/brainswarm_ws/install/bras_robot_description/share/bras_robot_description//models/pick_object/pick_object.sdf
[0.123s] -- Up-to-date: /home/muneeb/RoboFlexv2.0/brainswarm_ws/install/bras_robot_description/share/bras_robot_description//models/pick_object/model.config
[0.123s] -- Up-to-date: /home/muneeb/RoboFlexv2.0/brainswarm_ws/install/bras_robot_description/share/bras_robot_description//models/target_table
[0.123s] -- Up-to-date: /home/muneeb/RoboFlexv2.0/brainswarm_ws/install/bras_robot_description/share/bras_robot_description//models/target_table/meshes
[0.123s] -- Up-to-date: /home/muneeb/RoboFlexv2.0/brainswarm_ws/install/bras_robot_description/share/bras_robot_description//models/target_table/meshes/target_table.dae
[0.123s] -- Up-to-date: /home/muneeb/RoboFlexv2.0/brainswarm_ws/install/bras_robot_description/share/bras_robot_description//models/target_table/model.sdf
[0.132s] -- Up-to-date: /home/muneeb/RoboFlexv2.0/brainswarm_ws/install/bras_robot_description/share/bras_robot_description//models/target_table/model.config
[0.132s] -- Up-to-date: /home/muneeb/RoboFlexv2.0/brainswarm_ws/install/bras_robot_description/share/bras_robot_description//models/parrot_bebop
[0.132s] -- Up-to-date: /home/muneeb/RoboFlexv2.0/brainswarm_ws/install/bras_robot_description/share/bras_robot_description//models/parrot_bebop/meshes
[0.133s] -- Up-to-date: /home/muneeb/RoboFlexv2.0/brainswarm_ws/install/bras_robot_description/share/bras_robot_description//models/parrot_bebop/meshes/hull.dae
[0.133s] -- Up-to-date: /home/muneeb/RoboFlexv2.0/brainswarm_ws/install/bras_robot_description/share/bras_robot_description//models/parrot_bebop/meshes/propeller_rl.dae
[0.133s] -- Up-to-date: /home/muneeb/RoboFlexv2.0/brainswarm_ws/install/bras_robot_description/share/bras_robot_description//models/parrot_bebop/meshes/propeller_rr.dae
[0.135s] -- Up-to-date: /home/muneeb/RoboFlexv2.0/brainswarm_ws/install/bras_robot_description/share/bras_robot_description//models/parrot_bebop/meshes/propeller_fl.dae
[0.135s] -- Up-to-date: /home/muneeb/RoboFlexv2.0/brainswarm_ws/install/bras_robot_description/share/bras_robot_description//models/parrot_bebop/meshes/propeller_fr.dae
[0.135s] -- Up-to-date: /home/muneeb/RoboFlexv2.0/brainswarm_ws/install/bras_robot_description/share/bras_robot_description//models/parrot_bebop/model.sdf
[0.135s] -- Up-to-date: /home/muneeb/RoboFlexv2.0/brainswarm_ws/install/bras_robot_description/share/bras_robot_description//models/parrot_bebop/model.config
[0.135s] -- Up-to-date: /home/muneeb/RoboFlexv2.0/brainswarm_ws/install/bras_robot_description/share/bras_robot_description//models/parrot_bebop/thumbnails
[0.135s] -- Up-to-date: /home/muneeb/RoboFlexv2.0/brainswarm_ws/install/bras_robot_description/share/bras_robot_description//models/parrot_bebop/thumbnails/4.png
[0.136s] -- Up-to-date: /home/muneeb/RoboFlexv2.0/brainswarm_ws/install/bras_robot_description/share/bras_robot_description//models/parrot_bebop/thumbnails/3.png
[0.136s] -- Up-to-date: /home/muneeb/RoboFlexv2.0/brainswarm_ws/install/bras_robot_description/share/bras_robot_description//models/parrot_bebop/thumbnails/5.png
[0.136s] -- Up-to-date: /home/muneeb/RoboFlexv2.0/brainswarm_ws/install/bras_robot_description/share/bras_robot_description//models/parrot_bebop/thumbnails/1.png
[0.136s] -- Up-to-date: /home/muneeb/RoboFlexv2.0/brainswarm_ws/install/bras_robot_description/share/bras_robot_description//models/parrot_bebop/thumbnails/2.png
[0.137s] -- Up-to-date: /home/muneeb/RoboFlexv2.0/brainswarm_ws/install/bras_robot_description/share/bras_robot_description//models/target_4x4
[0.137s] -- Up-to-date: /home/muneeb/RoboFlexv2.0/brainswarm_ws/install/bras_robot_description/share/bras_robot_description//models/target_4x4/meshes
[0.137s] -- Up-to-date: /home/muneeb/RoboFlexv2.0/brainswarm_ws/install/bras_robot_description/share/bras_robot_description//models/target_4x4/meshes/target_4x4.dae
[0.137s] -- Up-to-date: /home/muneeb/RoboFlexv2.0/brainswarm_ws/install/bras_robot_description/share/bras_robot_description//models/target_4x4/model.sdf
[0.137s] -- Up-to-date: /home/muneeb/RoboFlexv2.0/brainswarm_ws/install/bras_robot_description/share/bras_robot_description//models/target_4x4/model.config
[0.138s] -- Up-to-date: /home/muneeb/RoboFlexv2.0/brainswarm_ws/install/bras_robot_description/share/bras_robot_description//models/yellow_target
[0.138s] -- Up-to-date: /home/muneeb/RoboFlexv2.0/brainswarm_ws/install/bras_robot_description/share/bras_robot_description//models/yellow_target/meshes
[0.139s] -- Up-to-date: /home/muneeb/RoboFlexv2.0/brainswarm_ws/install/bras_robot_description/share/bras_robot_description//models/yellow_target/meshes/yellow_target.dae
[0.139s] -- Up-to-date: /home/muneeb/RoboFlexv2.0/brainswarm_ws/install/bras_robot_description/share/bras_robot_description//models/yellow_target/model.sdf
[0.139s] -- Up-to-date: /home/muneeb/RoboFlexv2.0/brainswarm_ws/install/bras_robot_description/share/bras_robot_description//models/yellow_target/model.config
[0.139s] -- Up-to-date: /home/muneeb/RoboFlexv2.0/brainswarm_ws/install/bras_robot_description/share/bras_robot_description//models/ground_logo_big
[0.140s] -- Up-to-date: /home/muneeb/RoboFlexv2.0/brainswarm_ws/install/bras_robot_description/share/bras_robot_description//models/ground_logo_big/meshes
[0.140s] -- Up-to-date: /home/muneeb/RoboFlexv2.0/brainswarm_ws/install/bras_robot_description/share/bras_robot_description//models/ground_logo_big/meshes/ground_logo.dae
[0.141s] -- Up-to-date: /home/muneeb/RoboFlexv2.0/brainswarm_ws/install/bras_robot_description/share/bras_robot_description//models/ground_logo_big/materials
[0.141s] -- Up-to-date: /home/muneeb/RoboFlexv2.0/brainswarm_ws/install/bras_robot_description/share/bras_robot_description//models/ground_logo_big/materials/textures
[0.141s] -- Up-to-date: /home/muneeb/RoboFlexv2.0/brainswarm_ws/install/bras_robot_description/share/bras_robot_description//models/ground_logo_big/materials/textures/RubberMat_logo.png
[0.141s] -- Up-to-date: /home/muneeb/RoboFlexv2.0/brainswarm_ws/install/bras_robot_description/share/bras_robot_description//models/ground_logo_big/model.sdf
[0.142s] -- Up-to-date: /home/muneeb/RoboFlexv2.0/brainswarm_ws/install/bras_robot_description/share/bras_robot_description//models/ground_logo_big/model.config
[0.142s] -- Up-to-date: /home/muneeb/RoboFlexv2.0/brainswarm_ws/install/bras_robot_description/share/bras_robot_description//models/blue_tray
[0.142s] -- Up-to-date: /home/muneeb/RoboFlexv2.0/brainswarm_ws/install/bras_robot_description/share/bras_robot_description//models/blue_tray/meshes
[0.142s] -- Up-to-date: /home/muneeb/RoboFlexv2.0/brainswarm_ws/install/bras_robot_description/share/bras_robot_description//models/blue_tray/meshes/blue_tray.dae
[0.142s] -- Up-to-date: /home/muneeb/RoboFlexv2.0/brainswarm_ws/install/bras_robot_description/share/bras_robot_description//models/blue_tray/model.sdf
[0.143s] -- Up-to-date: /home/muneeb/RoboFlexv2.0/brainswarm_ws/install/bras_robot_description/share/bras_robot_description//models/blue_tray/model.config
[0.143s] -- Up-to-date: /home/muneeb/RoboFlexv2.0/brainswarm_ws/install/bras_robot_description/share/bras_robot_description//models/blue_box
[0.143s] -- Up-to-date: /home/muneeb/RoboFlexv2.0/brainswarm_ws/install/bras_robot_description/share/bras_robot_description//models/blue_box/meshes
[0.143s] -- Up-to-date: /home/muneeb/RoboFlexv2.0/brainswarm_ws/install/bras_robot_description/share/bras_robot_description//models/blue_box/meshes/blue_box.stl
[0.143s] -- Up-to-date: /home/muneeb/RoboFlexv2.0/brainswarm_ws/install/bras_robot_description/share/bras_robot_description//models/blue_box/blue_box.sdf
[0.143s] -- Up-to-date: /home/muneeb/RoboFlexv2.0/brainswarm_ws/install/bras_robot_description/share/bras_robot_description//models/blue_box/model.config
[0.143s] -- Up-to-date: /home/muneeb/RoboFlexv2.0/brainswarm_ws/install/bras_robot_description/share/bras_robot_description//models/bras_robot_description
[0.143s] -- Up-to-date: /home/muneeb/RoboFlexv2.0/brainswarm_ws/install/bras_robot_description/share/bras_robot_description//models/bras_robot_description/meshes
[0.143s] -- Up-to-date: /home/muneeb/RoboFlexv2.0/brainswarm_ws/install/bras_robot_description/share/bras_robot_description//models/bras_robot_description/meshes/base_link.STL
[0.144s] -- Up-to-date: /home/muneeb/RoboFlexv2.0/brainswarm_ws/install/bras_robot_description/share/bras_robot_description//models/bras_robot_description/meshes/link_2.STL
[0.144s] -- Up-to-date: /home/muneeb/RoboFlexv2.0/brainswarm_ws/install/bras_robot_description/share/bras_robot_description//models/bras_robot_description/meshes/link_1.STL
[0.144s] -- Up-to-date: /home/muneeb/RoboFlexv2.0/brainswarm_ws/install/bras_robot_description/share/bras_robot_description//models/ground_logo_corner
[0.144s] -- Up-to-date: /home/muneeb/RoboFlexv2.0/brainswarm_ws/install/bras_robot_description/share/bras_robot_description//models/ground_logo_corner/meshes
[0.144s] -- Up-to-date: /home/muneeb/RoboFlexv2.0/brainswarm_ws/install/bras_robot_description/share/bras_robot_description//models/ground_logo_corner/meshes/ground_logo.dae
[0.144s] -- Up-to-date: /home/muneeb/RoboFlexv2.0/brainswarm_ws/install/bras_robot_description/share/bras_robot_description//models/ground_logo_corner/materials
[0.144s] -- Up-to-date: /home/muneeb/RoboFlexv2.0/brainswarm_ws/install/bras_robot_description/share/bras_robot_description//models/ground_logo_corner/materials/textures
[0.145s] -- Up-to-date: /home/muneeb/RoboFlexv2.0/brainswarm_ws/install/bras_robot_description/share/bras_robot_description//models/ground_logo_corner/materials/textures/RubberMat_logo.png
[0.146s] -- Up-to-date: /home/muneeb/RoboFlexv2.0/brainswarm_ws/install/bras_robot_description/share/bras_robot_description//models/ground_logo_corner/model.sdf
[0.146s] -- Up-to-date: /home/muneeb/RoboFlexv2.0/brainswarm_ws/install/bras_robot_description/share/bras_robot_description//models/ground_logo_corner/model.config
[0.146s] -- Up-to-date: /home/muneeb/RoboFlexv2.0/brainswarm_ws/install/bras_robot_description/share/bras_robot_description//models/green_target
[0.146s] -- Up-to-date: /home/muneeb/RoboFlexv2.0/brainswarm_ws/install/bras_robot_description/share/bras_robot_description//models/green_target/meshes
[0.146s] -- Up-to-date: /home/muneeb/RoboFlexv2.0/brainswarm_ws/install/bras_robot_description/share/bras_robot_description//models/green_target/meshes/green_target.dae
[0.146s] -- Up-to-date: /home/muneeb/RoboFlexv2.0/brainswarm_ws/install/bras_robot_description/share/bras_robot_description//models/green_target/model.sdf
[0.146s] -- Up-to-date: /home/muneeb/RoboFlexv2.0/brainswarm_ws/install/bras_robot_description/share/bras_robot_description//models/green_target/model.config
[0.147s] -- Up-to-date: /home/muneeb/RoboFlexv2.0/brainswarm_ws/install/bras_robot_description/share/bras_robot_description//models/yellow_tray
[0.147s] -- Up-to-date: /home/muneeb/RoboFlexv2.0/brainswarm_ws/install/bras_robot_description/share/bras_robot_description//models/yellow_tray/meshes
[0.147s] -- Up-to-date: /home/muneeb/RoboFlexv2.0/brainswarm_ws/install/bras_robot_description/share/bras_robot_description//models/yellow_tray/meshes/yellow_tray.dae
[0.147s] -- Up-to-date: /home/muneeb/RoboFlexv2.0/brainswarm_ws/install/bras_robot_description/share/bras_robot_description//models/yellow_tray/model.sdf
[0.147s] -- Up-to-date: /home/muneeb/RoboFlexv2.0/brainswarm_ws/install/bras_robot_description/share/bras_robot_description//models/yellow_tray/model.config
[0.147s] -- Up-to-date: /home/muneeb/RoboFlexv2.0/brainswarm_ws/install/bras_robot_description/share/bras_robot_description//models/conveyor
[0.147s] -- Up-to-date: /home/muneeb/RoboFlexv2.0/brainswarm_ws/install/bras_robot_description/share/bras_robot_description//models/conveyor/meshes
[0.147s] -- Up-to-date: /home/muneeb/RoboFlexv2.0/brainswarm_ws/install/bras_robot_description/share/bras_robot_description//models/conveyor/meshes/conveyor2.dae
[0.148s] -- Up-to-date: /home/muneeb/RoboFlexv2.0/brainswarm_ws/install/bras_robot_description/share/bras_robot_description//models/conveyor/meshes/conveyor.dae
[0.148s] -- Up-to-date: /home/muneeb/RoboFlexv2.0/brainswarm_ws/install/bras_robot_description/share/bras_robot_description//models/conveyor/meshes/conveyor.obj
[0.148s] -- Up-to-date: /home/muneeb/RoboFlexv2.0/brainswarm_ws/install/bras_robot_description/share/bras_robot_description//models/conveyor/model.sdf
[0.148s] -- Up-to-date: /home/muneeb/RoboFlexv2.0/brainswarm_ws/install/bras_robot_description/share/bras_robot_description//models/conveyor/model.config
[0.148s] -- Up-to-date: /home/muneeb/RoboFlexv2.0/brainswarm_ws/install/bras_robot_description/share/bras_robot_description//models/checkerboard_plane
[0.148s] -- Up-to-date: /home/muneeb/RoboFlexv2.0/brainswarm_ws/install/bras_robot_description/share/bras_robot_description//models/checkerboard_plane/meshes
[0.149s] -- Up-to-date: /home/muneeb/RoboFlexv2.0/brainswarm_ws/install/bras_robot_description/share/bras_robot_description//models/checkerboard_plane/meshes/checkerboard_plane.dae
[0.149s] -- Up-to-date: /home/muneeb/RoboFlexv2.0/brainswarm_ws/install/bras_robot_description/share/bras_robot_description//models/checkerboard_plane/checkerboard_plane.sdf
[0.149s] -- Up-to-date: /home/muneeb/RoboFlexv2.0/brainswarm_ws/install/bras_robot_description/share/bras_robot_description//models/checkerboard_plane/materials
[0.149s] -- Up-to-date: /home/muneeb/RoboFlexv2.0/brainswarm_ws/install/bras_robot_description/share/bras_robot_description//models/checkerboard_plane/materials/textures
[0.149s] -- Up-to-date: /home/muneeb/RoboFlexv2.0/brainswarm_ws/install/bras_robot_description/share/bras_robot_description//models/checkerboard_plane/materials/textures/checker.png
[0.149s] -- Up-to-date: /home/muneeb/RoboFlexv2.0/brainswarm_ws/install/bras_robot_description/share/bras_robot_description//models/checkerboard_plane/model.config
[0.149s] -- Up-to-date: /home/muneeb/RoboFlexv2.0/brainswarm_ws/install/bras_robot_description/share/bras_robot_description//models/checkerboard_plane/thumbnails
[0.150s] -- Up-to-date: /home/muneeb/RoboFlexv2.0/brainswarm_ws/install/bras_robot_description/share/bras_robot_description//models/checkerboard_plane/thumbnails/4.png
[0.150s] -- Up-to-date: /home/muneeb/RoboFlexv2.0/brainswarm_ws/install/bras_robot_description/share/bras_robot_description//models/checkerboard_plane/thumbnails/3.png
[0.150s] -- Up-to-date: /home/muneeb/RoboFlexv2.0/brainswarm_ws/install/bras_robot_description/share/bras_robot_description//models/checkerboard_plane/thumbnails/5.png
[0.150s] -- Up-to-date: /home/muneeb/RoboFlexv2.0/brainswarm_ws/install/bras_robot_description/share/bras_robot_description//models/checkerboard_plane/thumbnails/1.png
[0.150s] -- Up-to-date: /home/muneeb/RoboFlexv2.0/brainswarm_ws/install/bras_robot_description/share/bras_robot_description//models/checkerboard_plane/thumbnails/2.png
[0.151s] -- Up-to-date: /home/muneeb/RoboFlexv2.0/brainswarm_ws/install/bras_robot_description/share/bras_robot_description//models/blue_target
[0.152s] -- Up-to-date: /home/muneeb/RoboFlexv2.0/brainswarm_ws/install/bras_robot_description/share/bras_robot_description//models/blue_target/meshes
[0.152s] -- Up-to-date: /home/muneeb/RoboFlexv2.0/brainswarm_ws/install/bras_robot_description/share/bras_robot_description//models/blue_target/meshes/blue_target.dae
[0.152s] -- Up-to-date: /home/muneeb/RoboFlexv2.0/brainswarm_ws/install/bras_robot_description/share/bras_robot_description//models/blue_target/model.sdf
[0.152s] -- Up-to-date: /home/muneeb/RoboFlexv2.0/brainswarm_ws/install/bras_robot_description/share/bras_robot_description//models/blue_target/model.config
[0.153s] -- Up-to-date: /home/muneeb/RoboFlexv2.0/brainswarm_ws/install/bras_robot_description/share/bras_robot_description//models/table
[0.153s] -- Up-to-date: /home/muneeb/RoboFlexv2.0/brainswarm_ws/install/bras_robot_description/share/bras_robot_description//models/table/table.sdf
[0.153s] -- Up-to-date: /home/muneeb/RoboFlexv2.0/brainswarm_ws/install/bras_robot_description/share/bras_robot_description//models/table/model.config
[0.153s] -- Up-to-date: /home/muneeb/RoboFlexv2.0/brainswarm_ws/install/bras_robot_description/share/bras_robot_description//models/robotbase
[0.153s] -- Up-to-date: /home/muneeb/RoboFlexv2.0/brainswarm_ws/install/bras_robot_description/share/bras_robot_description//models/robotbase/model.sdf
[0.153s] -- Up-to-date: /home/muneeb/RoboFlexv2.0/brainswarm_ws/install/bras_robot_description/share/bras_robot_description//models/robotbase/model.config
[0.153s] -- Up-to-date: /home/muneeb/RoboFlexv2.0/brainswarm_ws/install/bras_robot_description/share/bras_robot_description//models/green_tray
[0.154s] -- Up-to-date: /home/muneeb/RoboFlexv2.0/brainswarm_ws/install/bras_robot_description/share/bras_robot_description//models/green_tray/meshes
[0.154s] -- Up-to-date: /home/muneeb/RoboFlexv2.0/brainswarm_ws/install/bras_robot_description/share/bras_robot_description//models/green_tray/meshes/green_tray.dae
[0.154s] -- Up-to-date: /home/muneeb/RoboFlexv2.0/brainswarm_ws/install/bras_robot_description/share/bras_robot_description//models/green_tray/model.sdf
[0.154s] -- Up-to-date: /home/muneeb/RoboFlexv2.0/brainswarm_ws/install/bras_robot_description/share/bras_robot_description//models/green_tray/model.config
[0.155s] -- Up-to-date: /home/muneeb/RoboFlexv2.0/brainswarm_ws/install/bras_robot_description/share/bras_robot_description//urdf
[0.155s] -- Up-to-date: /home/muneeb/RoboFlexv2.0/brainswarm_ws/install/bras_robot_description/share/bras_robot_description//urdf/bras_robot_description.csv
[0.155s] -- Up-to-date: /home/muneeb/RoboFlexv2.0/brainswarm_ws/install/bras_robot_description/share/bras_robot_description//urdf/bras_robot_description.urdf
[0.155s] -- Up-to-date: /home/muneeb/RoboFlexv2.0/brainswarm_ws/install/bras_robot_description/share/ament_index/resource_index/package_run_dependencies/bras_robot_description
[0.155s] -- Up-to-date: /home/muneeb/RoboFlexv2.0/brainswarm_ws/install/bras_robot_description/share/ament_index/resource_index/parent_prefix_path/bras_robot_description
[0.155s] -- Up-to-date: /home/muneeb/RoboFlexv2.0/brainswarm_ws/install/bras_robot_description/share/bras_robot_description/environment/ament_prefix_path.sh
[0.156s] -- Up-to-date: /home/muneeb/RoboFlexv2.0/brainswarm_ws/install/bras_robot_description/share/bras_robot_description/environment/ament_prefix_path.dsv
[0.156s] -- Up-to-date: /home/muneeb/RoboFlexv2.0/brainswarm_ws/install/bras_robot_description/share/bras_robot_description/environment/path.sh
[0.156s] -- Up-to-date: /home/muneeb/RoboFlexv2.0/brainswarm_ws/install/bras_robot_description/share/bras_robot_description/environment/path.dsv
[0.156s] -- Up-to-date: /home/muneeb/RoboFlexv2.0/brainswarm_ws/install/bras_robot_description/share/bras_robot_description/local_setup.bash
[0.156s] -- Up-to-date: /home/muneeb/RoboFlexv2.0/brainswarm_ws/install/bras_robot_description/share/bras_robot_description/local_setup.sh
[0.156s] -- Up-to-date: /home/muneeb/RoboFlexv2.0/brainswarm_ws/install/bras_robot_description/share/bras_robot_description/local_setup.zsh
[0.156s] -- Up-to-date: /home/muneeb/RoboFlexv2.0/brainswarm_ws/install/bras_robot_description/share/bras_robot_description/local_setup.dsv
[0.157s] -- Installing: /home/muneeb/RoboFlexv2.0/brainswarm_ws/install/bras_robot_description/share/bras_robot_description/package.dsv
[0.157s] -- Up-to-date: /home/muneeb/RoboFlexv2.0/brainswarm_ws/install/bras_robot_description/share/ament_index/resource_index/packages/bras_robot_description
[0.157s] -- Up-to-date: /home/muneeb/RoboFlexv2.0/brainswarm_ws/install/bras_robot_description/share/bras_robot_description/cmake/bras_robot_descriptionConfig.cmake
[0.157s] -- Up-to-date: /home/muneeb/RoboFlexv2.0/brainswarm_ws/install/bras_robot_description/share/bras_robot_description/cmake/bras_robot_descriptionConfig-version.cmake
[0.157s] -- Up-to-date: /home/muneeb/RoboFlexv2.0/brainswarm_ws/install/bras_robot_description/share/bras_robot_description/package.xml
[0.166s] Invoked command in '/home/muneeb/RoboFlexv2.0/brainswarm_ws/build/bras_robot_description' returned '0': CMAKE_PREFIX_PATH=${CMAKE_PREFIX_PATH}:/opt/ros/jazzy DEBUGINFOD_URLS=https://debuginfod.neon.kde.org/ https://debuginfod.ubuntu.com/ /usr/bin/cmake --install /home/muneeb/RoboFlexv2.0/brainswarm_ws/build/bras_robot_description
