[0.019s] Invoking command in '/home/muneeb/RoboFlexv2.0/brainswarm_ws/build/bras_robot_description': CMAKE_PREFIX_PATH=${CMAKE_PREFIX_PATH}:/opt/ros/jazzy DEBUGINFOD_URLS=https://debuginfod.neon.kde.org/ https://debuginfod.ubuntu.com/ /usr/bin/cmake /home/muneeb/RoboFlexv2.0/brainswarm_ws/src/bras_robot_description -DCMAKE_INSTALL_PREFIX=/home/muneeb/RoboFlexv2.0/brainswarm_ws/install/bras_robot_description
[0.377s] -- The C compiler identification is GNU 13.3.0
[0.696s] -- The CXX compiler identification is GNU 13.3.0
[0.733s] -- Detecting C compiler ABI info
[0.941s] -- Detecting C compiler ABI info - done
[0.986s] -- Check for working C compiler: /usr/bin/cc - skipped
[0.986s] -- Detecting C compile features
[0.987s] -- Detecting C compile features - done
[0.990s] -- Detecting CXX compiler ABI info
[1.201s] -- Detecting CXX compiler ABI info - done
[1.260s] -- Check for working CXX compiler: /usr/bin/c++ - skipped
[1.261s] -- Detecting CXX compile features
[1.261s] -- Detecting CXX compile features - done
[1.285s] -- Found ament_cmake: 2.5.3 (/opt/ros/jazzy/share/ament_cmake/cmake)
[2.159s] -- Found Python3: /usr/bin/python3 (found version "3.12.3") found components: Interpreter
[2.443s] -- Found ament_lint_auto: 0.17.2 (/opt/ros/jazzy/share/ament_lint_auto/cmake)
[2.808s] -- Added test 'copyright' to check source files copyright and LICENSE
[2.846s] -- Added test 'flake8' to check Python code syntax and style conventions
[2.846s] -- Configured 'flake8' exclude dirs and/or files: 
[2.853s] -- Added test 'lint_cmake' to check CMake code style
[2.857s] -- Added test 'pep257' to check Python code against some of the docstring style conventions in PEP 257
[2.886s] -- Added test 'xmllint' to check XML markup files
[2.891s] -- Configuring done (2.8s)
[2.896s] -- Generating done (0.0s)
[2.899s] -- Build files have been written to: /home/muneeb/RoboFlexv2.0/brainswarm_ws/build/bras_robot_description
[2.930s] Invoked command in '/home/muneeb/RoboFlexv2.0/brainswarm_ws/build/bras_robot_description' returned '0': CMAKE_PREFIX_PATH=${CMAKE_PREFIX_PATH}:/opt/ros/jazzy DEBUGINFOD_URLS=https://debuginfod.neon.kde.org/ https://debuginfod.ubuntu.com/ /usr/bin/cmake /home/muneeb/RoboFlexv2.0/brainswarm_ws/src/bras_robot_description -DCMAKE_INSTALL_PREFIX=/home/muneeb/RoboFlexv2.0/brainswarm_ws/install/bras_robot_description
[2.931s] Invoking command in '/home/muneeb/RoboFlexv2.0/brainswarm_ws/build/bras_robot_description': CMAKE_PREFIX_PATH=${CMAKE_PREFIX_PATH}:/opt/ros/jazzy DEBUGINFOD_URLS=https://debuginfod.neon.kde.org/ https://debuginfod.ubuntu.com/ /usr/bin/cmake --build /home/muneeb/RoboFlexv2.0/brainswarm_ws/build/bras_robot_description -- -j8 -l8
[3.017s] Invoked command in '/home/muneeb/RoboFlexv2.0/brainswarm_ws/build/bras_robot_description' returned '0': CMAKE_PREFIX_PATH=${CMAKE_PREFIX_PATH}:/opt/ros/jazzy DEBUGINFOD_URLS=https://debuginfod.neon.kde.org/ https://debuginfod.ubuntu.com/ /usr/bin/cmake --build /home/muneeb/RoboFlexv2.0/brainswarm_ws/build/bras_robot_description -- -j8 -l8
[3.018s] Invoking command in '/home/muneeb/RoboFlexv2.0/brainswarm_ws/build/bras_robot_description': CMAKE_PREFIX_PATH=${CMAKE_PREFIX_PATH}:/opt/ros/jazzy DEBUGINFOD_URLS=https://debuginfod.neon.kde.org/ https://debuginfod.ubuntu.com/ /usr/bin/cmake --install /home/muneeb/RoboFlexv2.0/brainswarm_ws/build/bras_robot_description
[3.034s] -- Install configuration: ""
[3.034s] -- Installing: /home/muneeb/RoboFlexv2.0/brainswarm_ws/install/bras_robot_description/share/bras_robot_description//meshes
[3.034s] -- Installing: /home/muneeb/RoboFlexv2.0/brainswarm_ws/install/bras_robot_description/share/bras_robot_description//meshes/base_link.STL
[3.035s] -- Installing: /home/muneeb/RoboFlexv2.0/brainswarm_ws/install/bras_robot_description/share/bras_robot_description//meshes/link_2.STL
[3.038s] -- Installing: /home/muneeb/RoboFlexv2.0/brainswarm_ws/install/bras_robot_description/share/bras_robot_description//meshes/link_1.STL
[3.042s] -- Installing: /home/muneeb/RoboFlexv2.0/brainswarm_ws/install/bras_robot_description/share/bras_robot_description//config
[3.042s] -- Installing: /home/muneeb/RoboFlexv2.0/brainswarm_ws/install/bras_robot_description/share/bras_robot_description//config/bras_robot_controllers.yaml
[3.043s] -- Installing: /home/muneeb/RoboFlexv2.0/brainswarm_ws/install/bras_robot_description/share/bras_robot_description//config/ros_gz_bridge.yaml
[3.043s] -- Installing: /home/muneeb/RoboFlexv2.0/brainswarm_ws/install/bras_robot_description/share/bras_robot_description//launch
[3.043s] -- Installing: /home/muneeb/RoboFlexv2.0/brainswarm_ws/install/bras_robot_description/share/bras_robot_description//launch/simulation.launch.py
[3.043s] -- Installing: /home/muneeb/RoboFlexv2.0/brainswarm_ws/install/bras_robot_description/share/bras_robot_description//worlds
[3.043s] -- Installing: /home/muneeb/RoboFlexv2.0/brainswarm_ws/install/bras_robot_description/share/bras_robot_description//worlds/simulation_world_new.sdf
[3.043s] -- Installing: /home/muneeb/RoboFlexv2.0/brainswarm_ws/install/bras_robot_description/share/bras_robot_description//models
[3.044s] -- Installing: /home/muneeb/RoboFlexv2.0/brainswarm_ws/install/bras_robot_description/share/bras_robot_description//models/red_target
[3.044s] -- Installing: /home/muneeb/RoboFlexv2.0/brainswarm_ws/install/bras_robot_description/share/bras_robot_description//models/red_target/meshes
[3.044s] -- Installing: /home/muneeb/RoboFlexv2.0/brainswarm_ws/install/bras_robot_description/share/bras_robot_description//models/red_target/meshes/red_target.dae
[3.044s] -- Installing: /home/muneeb/RoboFlexv2.0/brainswarm_ws/install/bras_robot_description/share/bras_robot_description//models/red_target/model.sdf
[3.044s] -- Installing: /home/muneeb/RoboFlexv2.0/brainswarm_ws/install/bras_robot_description/share/bras_robot_description//models/red_target/model.config
[3.044s] -- Installing: /home/muneeb/RoboFlexv2.0/brainswarm_ws/install/bras_robot_description/share/bras_robot_description//models/wall
[3.044s] -- Installing: /home/muneeb/RoboFlexv2.0/brainswarm_ws/install/bras_robot_description/share/bras_robot_description//models/wall/materials
[3.045s] -- Installing: /home/muneeb/RoboFlexv2.0/brainswarm_ws/install/bras_robot_description/share/bras_robot_description//models/wall/materials/scripts
[3.049s] -- Installing: /home/muneeb/RoboFlexv2.0/brainswarm_ws/install/bras_robot_description/share/bras_robot_description//models/wall/materials/scripts/wall_white.material
[3.052s] -- Installing: /home/muneeb/RoboFlexv2.0/brainswarm_ws/install/bras_robot_description/share/bras_robot_description//models/wall/materials/textures
[3.053s] -- Installing: /home/muneeb/RoboFlexv2.0/brainswarm_ws/install/bras_robot_description/share/bras_robot_description//models/wall/materials/textures/wall_color_white_old.jpg
[3.053s] -- Installing: /home/muneeb/RoboFlexv2.0/brainswarm_ws/install/bras_robot_description/share/bras_robot_description//models/wall/materials/textures/wall_color_white.jpg
[3.053s] -- Installing: /home/muneeb/RoboFlexv2.0/brainswarm_ws/install/bras_robot_description/share/bras_robot_description//models/wall/model.sdf
[3.053s] -- Installing: /home/muneeb/RoboFlexv2.0/brainswarm_ws/install/bras_robot_description/share/bras_robot_description//models/wall/model.config
[3.053s] -- Installing: /home/muneeb/RoboFlexv2.0/brainswarm_ws/install/bras_robot_description/share/bras_robot_description//models/pick_object
[3.054s] -- Installing: /home/muneeb/RoboFlexv2.0/brainswarm_ws/install/bras_robot_description/share/bras_robot_description//models/pick_object/meshes
[3.054s] -- Installing: /home/muneeb/RoboFlexv2.0/brainswarm_ws/install/bras_robot_description/share/bras_robot_description//models/pick_object/meshes/test_obj.dae
[3.054s] -- Installing: /home/muneeb/RoboFlexv2.0/brainswarm_ws/install/bras_robot_description/share/bras_robot_description//models/pick_object/pick_object.sdf
[3.054s] -- Installing: /home/muneeb/RoboFlexv2.0/brainswarm_ws/install/bras_robot_description/share/bras_robot_description//models/pick_object/model.config
[3.054s] -- Installing: /home/muneeb/RoboFlexv2.0/brainswarm_ws/install/bras_robot_description/share/bras_robot_description//models/target_table
[3.054s] -- Installing: /home/muneeb/RoboFlexv2.0/brainswarm_ws/install/bras_robot_description/share/bras_robot_description//models/target_table/meshes
[3.055s] -- Installing: /home/muneeb/RoboFlexv2.0/brainswarm_ws/install/bras_robot_description/share/bras_robot_description//models/target_table/meshes/target_table.dae
[3.055s] -- Installing: /home/muneeb/RoboFlexv2.0/brainswarm_ws/install/bras_robot_description/share/bras_robot_description//models/target_table/model.sdf
[3.055s] -- Installing: /home/muneeb/RoboFlexv2.0/brainswarm_ws/install/bras_robot_description/share/bras_robot_description//models/target_table/model.config
[3.055s] -- Installing: /home/muneeb/RoboFlexv2.0/brainswarm_ws/install/bras_robot_description/share/bras_robot_description//models/parrot_bebop
[3.055s] -- Installing: /home/muneeb/RoboFlexv2.0/brainswarm_ws/install/bras_robot_description/share/bras_robot_description//models/parrot_bebop/meshes
[3.055s] -- Installing: /home/muneeb/RoboFlexv2.0/brainswarm_ws/install/bras_robot_description/share/bras_robot_description//models/parrot_bebop/meshes/hull.dae
[3.056s] -- Installing: /home/muneeb/RoboFlexv2.0/brainswarm_ws/install/bras_robot_description/share/bras_robot_description//models/parrot_bebop/meshes/propeller_rl.dae
[3.056s] -- Installing: /home/muneeb/RoboFlexv2.0/brainswarm_ws/install/bras_robot_description/share/bras_robot_description//models/parrot_bebop/meshes/propeller_rr.dae
[3.057s] -- Installing: /home/muneeb/RoboFlexv2.0/brainswarm_ws/install/bras_robot_description/share/bras_robot_description//models/parrot_bebop/meshes/propeller_fl.dae
[3.057s] -- Installing: /home/muneeb/RoboFlexv2.0/brainswarm_ws/install/bras_robot_description/share/bras_robot_description//models/parrot_bebop/meshes/propeller_fr.dae
[3.057s] -- Installing: /home/muneeb/RoboFlexv2.0/brainswarm_ws/install/bras_robot_description/share/bras_robot_description//models/parrot_bebop/model.sdf
[3.057s] -- Installing: /home/muneeb/RoboFlexv2.0/brainswarm_ws/install/bras_robot_description/share/bras_robot_description//models/parrot_bebop/model.config
[3.057s] -- Installing: /home/muneeb/RoboFlexv2.0/brainswarm_ws/install/bras_robot_description/share/bras_robot_description//models/parrot_bebop/thumbnails
[3.060s] -- Installing: /home/muneeb/RoboFlexv2.0/brainswarm_ws/install/bras_robot_description/share/bras_robot_description//models/parrot_bebop/thumbnails/4.png
[3.060s] -- Installing: /home/muneeb/RoboFlexv2.0/brainswarm_ws/install/bras_robot_description/share/bras_robot_description//models/parrot_bebop/thumbnails/3.png
[3.060s] -- Installing: /home/muneeb/RoboFlexv2.0/brainswarm_ws/install/bras_robot_description/share/bras_robot_description//models/parrot_bebop/thumbnails/5.png
[3.060s] -- Installing: /home/muneeb/RoboFlexv2.0/brainswarm_ws/install/bras_robot_description/share/bras_robot_description//models/parrot_bebop/thumbnails/1.png
[3.061s] -- Installing: /home/muneeb/RoboFlexv2.0/brainswarm_ws/install/bras_robot_description/share/bras_robot_description//models/parrot_bebop/thumbnails/2.png
[3.061s] -- Installing: /home/muneeb/RoboFlexv2.0/brainswarm_ws/install/bras_robot_description/share/bras_robot_description//models/target_4x4
[3.062s] -- Installing: /home/muneeb/RoboFlexv2.0/brainswarm_ws/install/bras_robot_description/share/bras_robot_description//models/target_4x4/meshes
[3.062s] -- Installing: /home/muneeb/RoboFlexv2.0/brainswarm_ws/install/bras_robot_description/share/bras_robot_description//models/target_4x4/meshes/target_4x4.dae
[3.062s] -- Installing: /home/muneeb/RoboFlexv2.0/brainswarm_ws/install/bras_robot_description/share/bras_robot_description//models/target_4x4/model.sdf
[3.062s] -- Installing: /home/muneeb/RoboFlexv2.0/brainswarm_ws/install/bras_robot_description/share/bras_robot_description//models/target_4x4/model.config
[3.062s] -- Installing: /home/muneeb/RoboFlexv2.0/brainswarm_ws/install/bras_robot_description/share/bras_robot_description//models/yellow_target
[3.063s] -- Installing: /home/muneeb/RoboFlexv2.0/brainswarm_ws/install/bras_robot_description/share/bras_robot_description//models/yellow_target/meshes
[3.066s] -- Installing: /home/muneeb/RoboFlexv2.0/brainswarm_ws/install/bras_robot_description/share/bras_robot_description//models/yellow_target/meshes/yellow_target.dae
[3.066s] -- Installing: /home/muneeb/RoboFlexv2.0/brainswarm_ws/install/bras_robot_description/share/bras_robot_description//models/yellow_target/model.sdf
[3.066s] -- Installing: /home/muneeb/RoboFlexv2.0/brainswarm_ws/install/bras_robot_description/share/bras_robot_description//models/yellow_target/model.config
[3.067s] -- Installing: /home/muneeb/RoboFlexv2.0/brainswarm_ws/install/bras_robot_description/share/bras_robot_description//models/ground_logo_big
[3.067s] -- Installing: /home/muneeb/RoboFlexv2.0/brainswarm_ws/install/bras_robot_description/share/bras_robot_description//models/ground_logo_big/meshes
[3.067s] -- Installing: /home/muneeb/RoboFlexv2.0/brainswarm_ws/install/bras_robot_description/share/bras_robot_description//models/ground_logo_big/meshes/ground_logo.dae
[3.067s] -- Installing: /home/muneeb/RoboFlexv2.0/brainswarm_ws/install/bras_robot_description/share/bras_robot_description//models/ground_logo_big/materials
[3.067s] -- Installing: /home/muneeb/RoboFlexv2.0/brainswarm_ws/install/bras_robot_description/share/bras_robot_description//models/ground_logo_big/materials/textures
[3.067s] -- Installing: /home/muneeb/RoboFlexv2.0/brainswarm_ws/install/bras_robot_description/share/bras_robot_description//models/ground_logo_big/materials/textures/RubberMat_logo.png
[3.067s] -- Installing: /home/muneeb/RoboFlexv2.0/brainswarm_ws/install/bras_robot_description/share/bras_robot_description//models/ground_logo_big/model.sdf
[3.067s] -- Installing: /home/muneeb/RoboFlexv2.0/brainswarm_ws/install/bras_robot_description/share/bras_robot_description//models/ground_logo_big/model.config
[3.071s] -- Installing: /home/muneeb/RoboFlexv2.0/brainswarm_ws/install/bras_robot_description/share/bras_robot_description//models/blue_tray
[3.071s] -- Installing: /home/muneeb/RoboFlexv2.0/brainswarm_ws/install/bras_robot_description/share/bras_robot_description//models/blue_tray/meshes
[3.071s] -- Installing: /home/muneeb/RoboFlexv2.0/brainswarm_ws/install/bras_robot_description/share/bras_robot_description//models/blue_tray/meshes/blue_tray.dae
[3.071s] -- Installing: /home/muneeb/RoboFlexv2.0/brainswarm_ws/install/bras_robot_description/share/bras_robot_description//models/blue_tray/model.sdf
[3.071s] -- Installing: /home/muneeb/RoboFlexv2.0/brainswarm_ws/install/bras_robot_description/share/bras_robot_description//models/blue_tray/model.config
[3.072s] -- Installing: /home/muneeb/RoboFlexv2.0/brainswarm_ws/install/bras_robot_description/share/bras_robot_description//models/blue_box
[3.072s] -- Installing: /home/muneeb/RoboFlexv2.0/brainswarm_ws/install/bras_robot_description/share/bras_robot_description//models/blue_box/meshes
[3.072s] -- Installing: /home/muneeb/RoboFlexv2.0/brainswarm_ws/install/bras_robot_description/share/bras_robot_description//models/blue_box/meshes/blue_box.stl
[3.072s] -- Installing: /home/muneeb/RoboFlexv2.0/brainswarm_ws/install/bras_robot_description/share/bras_robot_description//models/blue_box/blue_box.sdf
[3.072s] -- Installing: /home/muneeb/RoboFlexv2.0/brainswarm_ws/install/bras_robot_description/share/bras_robot_description//models/blue_box/model.config
[3.072s] -- Installing: /home/muneeb/RoboFlexv2.0/brainswarm_ws/install/bras_robot_description/share/bras_robot_description//models/bras_robot_description
[3.074s] -- Installing: /home/muneeb/RoboFlexv2.0/brainswarm_ws/install/bras_robot_description/share/bras_robot_description//models/bras_robot_description/meshes
[3.074s] -- Installing: /home/muneeb/RoboFlexv2.0/brainswarm_ws/install/bras_robot_description/share/bras_robot_description//models/bras_robot_description/meshes/base_link.STL
[3.074s] -- Installing: /home/muneeb/RoboFlexv2.0/brainswarm_ws/install/bras_robot_description/share/bras_robot_description//models/bras_robot_description/meshes/link_2.STL
[3.075s] -- Installing: /home/muneeb/RoboFlexv2.0/brainswarm_ws/install/bras_robot_description/share/bras_robot_description//models/bras_robot_description/meshes/link_1.STL
[3.075s] -- Installing: /home/muneeb/RoboFlexv2.0/brainswarm_ws/install/bras_robot_description/share/bras_robot_description//models/ground_logo_corner
[3.075s] -- Installing: /home/muneeb/RoboFlexv2.0/brainswarm_ws/install/bras_robot_description/share/bras_robot_description//models/ground_logo_corner/meshes
[3.076s] -- Installing: /home/muneeb/RoboFlexv2.0/brainswarm_ws/install/bras_robot_description/share/bras_robot_description//models/ground_logo_corner/meshes/ground_logo.dae
[3.076s] -- Installing: /home/muneeb/RoboFlexv2.0/brainswarm_ws/install/bras_robot_description/share/bras_robot_description//models/ground_logo_corner/materials
[3.076s] -- Installing: /home/muneeb/RoboFlexv2.0/brainswarm_ws/install/bras_robot_description/share/bras_robot_description//models/ground_logo_corner/materials/textures
[3.076s] -- Installing: /home/muneeb/RoboFlexv2.0/brainswarm_ws/install/bras_robot_description/share/bras_robot_description//models/ground_logo_corner/materials/textures/RubberMat_logo.png
[3.076s] -- Installing: /home/muneeb/RoboFlexv2.0/brainswarm_ws/install/bras_robot_description/share/bras_robot_description//models/ground_logo_corner/model.sdf
[3.076s] -- Installing: /home/muneeb/RoboFlexv2.0/brainswarm_ws/install/bras_robot_description/share/bras_robot_description//models/ground_logo_corner/model.config
[3.077s] -- Installing: /home/muneeb/RoboFlexv2.0/brainswarm_ws/install/bras_robot_description/share/bras_robot_description//models/green_target
[3.077s] -- Installing: /home/muneeb/RoboFlexv2.0/brainswarm_ws/install/bras_robot_description/share/bras_robot_description//models/green_target/meshes
[3.077s] -- Installing: /home/muneeb/RoboFlexv2.0/brainswarm_ws/install/bras_robot_description/share/bras_robot_description//models/green_target/meshes/green_target.dae
[3.077s] -- Installing: /home/muneeb/RoboFlexv2.0/brainswarm_ws/install/bras_robot_description/share/bras_robot_description//models/green_target/model.sdf
[3.077s] -- Installing: /home/muneeb/RoboFlexv2.0/brainswarm_ws/install/bras_robot_description/share/bras_robot_description//models/green_target/model.config
[3.078s] -- Installing: /home/muneeb/RoboFlexv2.0/brainswarm_ws/install/bras_robot_description/share/bras_robot_description//models/yellow_tray
[3.078s] -- Installing: /home/muneeb/RoboFlexv2.0/brainswarm_ws/install/bras_robot_description/share/bras_robot_description//models/yellow_tray/meshes
[3.078s] -- Installing: /home/muneeb/RoboFlexv2.0/brainswarm_ws/install/bras_robot_description/share/bras_robot_description//models/yellow_tray/meshes/yellow_tray.dae
[3.079s] -- Installing: /home/muneeb/RoboFlexv2.0/brainswarm_ws/install/bras_robot_description/share/bras_robot_description//models/yellow_tray/model.sdf
[3.079s] -- Installing: /home/muneeb/RoboFlexv2.0/brainswarm_ws/install/bras_robot_description/share/bras_robot_description//models/yellow_tray/model.config
[3.080s] -- Installing: /home/muneeb/RoboFlexv2.0/brainswarm_ws/install/bras_robot_description/share/bras_robot_description//models/conveyor
[3.082s] -- Installing: /home/muneeb/RoboFlexv2.0/brainswarm_ws/install/bras_robot_description/share/bras_robot_description//models/conveyor/meshes
[3.082s] -- Installing: /home/muneeb/RoboFlexv2.0/brainswarm_ws/install/bras_robot_description/share/bras_robot_description//models/conveyor/meshes/conveyor2.dae
[3.082s] -- Installing: /home/muneeb/RoboFlexv2.0/brainswarm_ws/install/bras_robot_description/share/bras_robot_description//models/conveyor/meshes/conveyor.dae
[3.083s] -- Installing: /home/muneeb/RoboFlexv2.0/brainswarm_ws/install/bras_robot_description/share/bras_robot_description//models/conveyor/meshes/conveyor.obj
[3.083s] -- Installing: /home/muneeb/RoboFlexv2.0/brainswarm_ws/install/bras_robot_description/share/bras_robot_description//models/conveyor/model.sdf
[3.083s] -- Installing: /home/muneeb/RoboFlexv2.0/brainswarm_ws/install/bras_robot_description/share/bras_robot_description//models/conveyor/model.config
[3.084s] -- Installing: /home/muneeb/RoboFlexv2.0/brainswarm_ws/install/bras_robot_description/share/bras_robot_description//models/checkerboard_plane
[3.084s] -- Installing: /home/muneeb/RoboFlexv2.0/brainswarm_ws/install/bras_robot_description/share/bras_robot_description//models/checkerboard_plane/meshes
[3.084s] -- Installing: /home/muneeb/RoboFlexv2.0/brainswarm_ws/install/bras_robot_description/share/bras_robot_description//models/checkerboard_plane/meshes/checkerboard_plane.dae
[3.086s] -- Installing: /home/muneeb/RoboFlexv2.0/brainswarm_ws/install/bras_robot_description/share/bras_robot_description//models/checkerboard_plane/checkerboard_plane.sdf
[3.086s] -- Installing: /home/muneeb/RoboFlexv2.0/brainswarm_ws/install/bras_robot_description/share/bras_robot_description//models/checkerboard_plane/materials
[3.086s] -- Installing: /home/muneeb/RoboFlexv2.0/brainswarm_ws/install/bras_robot_description/share/bras_robot_description//models/checkerboard_plane/materials/textures
[3.086s] -- Installing: /home/muneeb/RoboFlexv2.0/brainswarm_ws/install/bras_robot_description/share/bras_robot_description//models/checkerboard_plane/materials/textures/checker.png
[3.086s] -- Installing: /home/muneeb/RoboFlexv2.0/brainswarm_ws/install/bras_robot_description/share/bras_robot_description//models/checkerboard_plane/model.config
[3.087s] -- Installing: /home/muneeb/RoboFlexv2.0/brainswarm_ws/install/bras_robot_description/share/bras_robot_description//models/checkerboard_plane/thumbnails
[3.087s] -- Installing: /home/muneeb/RoboFlexv2.0/brainswarm_ws/install/bras_robot_description/share/bras_robot_description//models/checkerboard_plane/thumbnails/4.png
[3.087s] -- Installing: /home/muneeb/RoboFlexv2.0/brainswarm_ws/install/bras_robot_description/share/bras_robot_description//models/checkerboard_plane/thumbnails/3.png
[3.087s] -- Installing: /home/muneeb/RoboFlexv2.0/brainswarm_ws/install/bras_robot_description/share/bras_robot_description//models/checkerboard_plane/thumbnails/5.png
[3.087s] -- Installing: /home/muneeb/RoboFlexv2.0/brainswarm_ws/install/bras_robot_description/share/bras_robot_description//models/checkerboard_plane/thumbnails/1.png
[3.088s] -- Installing: /home/muneeb/RoboFlexv2.0/brainswarm_ws/install/bras_robot_description/share/bras_robot_description//models/checkerboard_plane/thumbnails/2.png
[3.088s] -- Installing: /home/muneeb/RoboFlexv2.0/brainswarm_ws/install/bras_robot_description/share/bras_robot_description//models/blue_target
[3.088s] -- Installing: /home/muneeb/RoboFlexv2.0/brainswarm_ws/install/bras_robot_description/share/bras_robot_description//models/blue_target/meshes
[3.088s] -- Installing: /home/muneeb/RoboFlexv2.0/brainswarm_ws/install/bras_robot_description/share/bras_robot_description//models/blue_target/meshes/blue_target.dae
[3.088s] -- Installing: /home/muneeb/RoboFlexv2.0/brainswarm_ws/install/bras_robot_description/share/bras_robot_description//models/blue_target/model.sdf
[3.088s] -- Installing: /home/muneeb/RoboFlexv2.0/brainswarm_ws/install/bras_robot_description/share/bras_robot_description//models/blue_target/model.config
[3.088s] -- Installing: /home/muneeb/RoboFlexv2.0/brainswarm_ws/install/bras_robot_description/share/bras_robot_description//models/table
[3.089s] -- Installing: /home/muneeb/RoboFlexv2.0/brainswarm_ws/install/bras_robot_description/share/bras_robot_description//models/table/table.sdf
[3.089s] -- Installing: /home/muneeb/RoboFlexv2.0/brainswarm_ws/install/bras_robot_description/share/bras_robot_description//models/table/model.config
[3.089s] -- Installing: /home/muneeb/RoboFlexv2.0/brainswarm_ws/install/bras_robot_description/share/bras_robot_description//models/robotbase
[3.089s] -- Installing: /home/muneeb/RoboFlexv2.0/brainswarm_ws/install/bras_robot_description/share/bras_robot_description//models/robotbase/model.sdf
[3.089s] -- Installing: /home/muneeb/RoboFlexv2.0/brainswarm_ws/install/bras_robot_description/share/bras_robot_description//models/robotbase/model.config
[3.089s] -- Installing: /home/muneeb/RoboFlexv2.0/brainswarm_ws/install/bras_robot_description/share/bras_robot_description//models/green_tray
[3.090s] -- Installing: /home/muneeb/RoboFlexv2.0/brainswarm_ws/install/bras_robot_description/share/bras_robot_description//models/green_tray/meshes
[3.090s] -- Installing: /home/muneeb/RoboFlexv2.0/brainswarm_ws/install/bras_robot_description/share/bras_robot_description//models/green_tray/meshes/green_tray.dae
[3.090s] -- Installing: /home/muneeb/RoboFlexv2.0/brainswarm_ws/install/bras_robot_description/share/bras_robot_description//models/green_tray/model.sdf
[3.091s] -- Installing: /home/muneeb/RoboFlexv2.0/brainswarm_ws/install/bras_robot_description/share/bras_robot_description//models/green_tray/model.config
[3.091s] -- Installing: /home/muneeb/RoboFlexv2.0/brainswarm_ws/install/bras_robot_description/share/bras_robot_description//urdf
[3.092s] -- Installing: /home/muneeb/RoboFlexv2.0/brainswarm_ws/install/bras_robot_description/share/bras_robot_description//urdf/bras_robot_description.csv
[3.092s] -- Installing: /home/muneeb/RoboFlexv2.0/brainswarm_ws/install/bras_robot_description/share/bras_robot_description//urdf/bras_robot_description.urdf
[3.093s] -- Installing: /home/muneeb/RoboFlexv2.0/brainswarm_ws/install/bras_robot_description/share/ament_index/resource_index/package_run_dependencies/bras_robot_description
[3.094s] -- Installing: /home/muneeb/RoboFlexv2.0/brainswarm_ws/install/bras_robot_description/share/ament_index/resource_index/parent_prefix_path/bras_robot_description
[3.094s] -- Installing: /home/muneeb/RoboFlexv2.0/brainswarm_ws/install/bras_robot_description/share/bras_robot_description/environment/ament_prefix_path.sh
[3.094s] -- Installing: /home/muneeb/RoboFlexv2.0/brainswarm_ws/install/bras_robot_description/share/bras_robot_description/environment/ament_prefix_path.dsv
[3.094s] -- Installing: /home/muneeb/RoboFlexv2.0/brainswarm_ws/install/bras_robot_description/share/bras_robot_description/environment/path.sh
[3.095s] -- Installing: /home/muneeb/RoboFlexv2.0/brainswarm_ws/install/bras_robot_description/share/bras_robot_description/environment/path.dsv
[3.095s] -- Installing: /home/muneeb/RoboFlexv2.0/brainswarm_ws/install/bras_robot_description/share/bras_robot_description/local_setup.bash
[3.095s] -- Installing: /home/muneeb/RoboFlexv2.0/brainswarm_ws/install/bras_robot_description/share/bras_robot_description/local_setup.sh
[3.095s] -- Installing: /home/muneeb/RoboFlexv2.0/brainswarm_ws/install/bras_robot_description/share/bras_robot_description/local_setup.zsh
[3.096s] -- Installing: /home/muneeb/RoboFlexv2.0/brainswarm_ws/install/bras_robot_description/share/bras_robot_description/local_setup.dsv
[3.097s] -- Up-to-date: /home/muneeb/RoboFlexv2.0/brainswarm_ws/install/bras_robot_description/share/bras_robot_description/package.dsv
[3.098s] -- Installing: /home/muneeb/RoboFlexv2.0/brainswarm_ws/install/bras_robot_description/share/ament_index/resource_index/packages/bras_robot_description
[3.098s] -- Installing: /home/muneeb/RoboFlexv2.0/brainswarm_ws/install/bras_robot_description/share/bras_robot_description/cmake/bras_robot_descriptionConfig.cmake
[3.098s] -- Installing: /home/muneeb/RoboFlexv2.0/brainswarm_ws/install/bras_robot_description/share/bras_robot_description/cmake/bras_robot_descriptionConfig-version.cmake
[3.099s] -- Installing: /home/muneeb/RoboFlexv2.0/brainswarm_ws/install/bras_robot_description/share/bras_robot_description/package.xml
[3.101s] Invoked command in '/home/muneeb/RoboFlexv2.0/brainswarm_ws/build/bras_robot_description' returned '0': CMAKE_PREFIX_PATH=${CMAKE_PREFIX_PATH}:/opt/ros/jazzy DEBUGINFOD_URLS=https://debuginfod.neon.kde.org/ https://debuginfod.ubuntu.com/ /usr/bin/cmake --install /home/muneeb/RoboFlexv2.0/brainswarm_ws/build/bras_robot_description
