[0.028s] Invoking command in '/home/muneeb/RoboFlexv2.0/brainswarm_ws/build/srdfdom': CMAKE_PREFIX_PATH=${CMAKE_PREFIX_PATH}:/opt/ros/jazzy DEBUGINFOD_URLS=https://debuginfod.neon.kde.org/ https://debuginfod.ubuntu.com/ /usr/bin/cmake --build /home/muneeb/RoboFlexv2.0/brainswarm_ws/build/srdfdom -- -j8 -l8
[0.323s] [ 27%] Built target srdfdom
[0.335s] [ 45%] Built target gtest_main
[0.336s] [ 63%] Built target gtest
[0.336s] [ 63%] Built target ament_cmake_python_copy_srdfdom
[0.336s] [ 81%] Built target test_cpp_nl_NL.UTF-8
[0.345s] [100%] Built target test_cpp_C
[0.727s] running egg_info
[0.760s] writing srdfdom.egg-info/PKG-INFO
[0.761s] writing dependency_links to srdfdom.egg-info/dependency_links.txt
[0.761s] writing top-level names to srdfdom.egg-info/top_level.txt
[0.858s] reading manifest file 'srdfdom.egg-info/SOURCES.txt'
[0.858s] writing manifest file 'srdfdom.egg-info/SOURCES.txt'
[0.910s] Built target ament_cmake_python_build_srdfdom_egg
[0.923s] Invoked command in '/home/muneeb/RoboFlexv2.0/brainswarm_ws/build/srdfdom' returned '0': CMAKE_PREFIX_PATH=${CMAKE_PREFIX_PATH}:/opt/ros/jazzy DEBUGINFOD_URLS=https://debuginfod.neon.kde.org/ https://debuginfod.ubuntu.com/ /usr/bin/cmake --build /home/muneeb/RoboFlexv2.0/brainswarm_ws/build/srdfdom -- -j8 -l8
[0.925s] Invoking command in '/home/muneeb/RoboFlexv2.0/brainswarm_ws/build/srdfdom': CMAKE_PREFIX_PATH=${CMAKE_PREFIX_PATH}:/opt/ros/jazzy DEBUGINFOD_URLS=https://debuginfod.neon.kde.org/ https://debuginfod.ubuntu.com/ /usr/bin/cmake --install /home/muneeb/RoboFlexv2.0/brainswarm_ws/build/srdfdom
[0.934s] -- Install configuration: ""
[0.934s] -- Up-to-date: /home/muneeb/RoboFlexv2.0/brainswarm_ws/install/srdfdom/lib/libsrdfdom.so.2.0.4
[0.935s] -- Up-to-date: /home/muneeb/RoboFlexv2.0/brainswarm_ws/install/srdfdom/lib/libsrdfdom.so
[0.935s] -- Up-to-date: /home/muneeb/RoboFlexv2.0/brainswarm_ws/install/srdfdom/include/srdfdom
[0.935s] -- Up-to-date: /home/muneeb/RoboFlexv2.0/brainswarm_ws/install/srdfdom/include/srdfdom/model.h
[0.935s] -- Up-to-date: /home/muneeb/RoboFlexv2.0/brainswarm_ws/install/srdfdom/include/srdfdom/srdf_writer.h
[0.935s] -- Up-to-date: /home/muneeb/RoboFlexv2.0/brainswarm_ws/install/srdfdom/include/srdfdom/visibility_control.h
[0.935s] -- Up-to-date: /home/muneeb/RoboFlexv2.0/brainswarm_ws/install/srdfdom/lib/srdfdom/display_srdf
[0.935s] -- Up-to-date: /home/muneeb/RoboFlexv2.0/brainswarm_ws/install/srdfdom/share/srdfdom/environment/pythonpath.sh
[0.936s] -- Up-to-date: /home/muneeb/RoboFlexv2.0/brainswarm_ws/install/srdfdom/share/srdfdom/environment/pythonpath.dsv
[0.936s] -- Up-to-date: /home/muneeb/RoboFlexv2.0/brainswarm_ws/install/srdfdom/lib/python3.12/site-packages/srdfdom-2.0.4-py3.12.egg-info
[0.936s] -- Up-to-date: /home/muneeb/RoboFlexv2.0/brainswarm_ws/install/srdfdom/lib/python3.12/site-packages/srdfdom-2.0.4-py3.12.egg-info/top_level.txt
[0.936s] -- Up-to-date: /home/muneeb/RoboFlexv2.0/brainswarm_ws/install/srdfdom/lib/python3.12/site-packages/srdfdom-2.0.4-py3.12.egg-info/PKG-INFO
[0.936s] -- Up-to-date: /home/muneeb/RoboFlexv2.0/brainswarm_ws/install/srdfdom/lib/python3.12/site-packages/srdfdom-2.0.4-py3.12.egg-info/dependency_links.txt
[0.936s] -- Up-to-date: /home/muneeb/RoboFlexv2.0/brainswarm_ws/install/srdfdom/lib/python3.12/site-packages/srdfdom-2.0.4-py3.12.egg-info/SOURCES.txt
[0.936s] -- Up-to-date: /home/muneeb/RoboFlexv2.0/brainswarm_ws/install/srdfdom/lib/python3.12/site-packages/srdfdom
[0.936s] -- Up-to-date: /home/muneeb/RoboFlexv2.0/brainswarm_ws/install/srdfdom/lib/python3.12/site-packages/srdfdom/srdf.py
[0.937s] -- Up-to-date: /home/muneeb/RoboFlexv2.0/brainswarm_ws/install/srdfdom/lib/python3.12/site-packages/srdfdom/__init__.py
[0.977s] Listing '/home/muneeb/RoboFlexv2.0/brainswarm_ws/install/srdfdom/lib/python3.12/site-packages/srdfdom'...
[0.985s] -- Up-to-date: /home/muneeb/RoboFlexv2.0/brainswarm_ws/install/srdfdom/share/srdfdom/environment/library_path.sh
[0.985s] -- Up-to-date: /home/muneeb/RoboFlexv2.0/brainswarm_ws/install/srdfdom/share/srdfdom/environment/library_path.dsv
[0.985s] -- Up-to-date: /home/muneeb/RoboFlexv2.0/brainswarm_ws/install/srdfdom/share/ament_index/resource_index/package_run_dependencies/srdfdom
[0.986s] -- Up-to-date: /home/muneeb/RoboFlexv2.0/brainswarm_ws/install/srdfdom/share/ament_index/resource_index/parent_prefix_path/srdfdom
[0.986s] -- Up-to-date: /home/muneeb/RoboFlexv2.0/brainswarm_ws/install/srdfdom/share/srdfdom/environment/ament_prefix_path.sh
[0.986s] -- Up-to-date: /home/muneeb/RoboFlexv2.0/brainswarm_ws/install/srdfdom/share/srdfdom/environment/ament_prefix_path.dsv
[0.986s] -- Up-to-date: /home/muneeb/RoboFlexv2.0/brainswarm_ws/install/srdfdom/share/srdfdom/environment/path.sh
[0.986s] -- Up-to-date: /home/muneeb/RoboFlexv2.0/brainswarm_ws/install/srdfdom/share/srdfdom/environment/path.dsv
[0.986s] -- Up-to-date: /home/muneeb/RoboFlexv2.0/brainswarm_ws/install/srdfdom/share/srdfdom/local_setup.bash
[0.987s] -- Up-to-date: /home/muneeb/RoboFlexv2.0/brainswarm_ws/install/srdfdom/share/srdfdom/local_setup.sh
[0.987s] -- Up-to-date: /home/muneeb/RoboFlexv2.0/brainswarm_ws/install/srdfdom/share/srdfdom/local_setup.zsh
[0.987s] -- Up-to-date: /home/muneeb/RoboFlexv2.0/brainswarm_ws/install/srdfdom/share/srdfdom/local_setup.dsv
[0.987s] -- Up-to-date: /home/muneeb/RoboFlexv2.0/brainswarm_ws/install/srdfdom/share/srdfdom/package.dsv
[0.987s] -- Up-to-date: /home/muneeb/RoboFlexv2.0/brainswarm_ws/install/srdfdom/share/ament_index/resource_index/packages/srdfdom
[0.987s] -- Up-to-date: /home/muneeb/RoboFlexv2.0/brainswarm_ws/install/srdfdom/share/srdfdom/cmake/srdfdomTargetsExport.cmake
[0.987s] -- Up-to-date: /home/muneeb/RoboFlexv2.0/brainswarm_ws/install/srdfdom/share/srdfdom/cmake/srdfdomTargetsExport-noconfig.cmake
[0.987s] -- Up-to-date: /home/muneeb/RoboFlexv2.0/brainswarm_ws/install/srdfdom/share/srdfdom/cmake/ament_cmake_export_targets-extras.cmake
[0.988s] -- Up-to-date: /home/muneeb/RoboFlexv2.0/brainswarm_ws/install/srdfdom/share/srdfdom/cmake/ament_cmake_export_dependencies-extras.cmake
[0.988s] -- Up-to-date: /home/muneeb/RoboFlexv2.0/brainswarm_ws/install/srdfdom/share/srdfdom/cmake/srdfdomConfig.cmake
[0.988s] -- Up-to-date: /home/muneeb/RoboFlexv2.0/brainswarm_ws/install/srdfdom/share/srdfdom/cmake/srdfdomConfig-version.cmake
[0.988s] -- Up-to-date: /home/muneeb/RoboFlexv2.0/brainswarm_ws/install/srdfdom/share/srdfdom/package.xml
[0.990s] Invoked command in '/home/muneeb/RoboFlexv2.0/brainswarm_ws/build/srdfdom' returned '0': CMAKE_PREFIX_PATH=${CMAKE_PREFIX_PATH}:/opt/ros/jazzy DEBUGINFOD_URLS=https://debuginfod.neon.kde.org/ https://debuginfod.ubuntu.com/ /usr/bin/cmake --install /home/muneeb/RoboFlexv2.0/brainswarm_ws/build/srdfdom
