[0.031s] Invoking command in '/home/muneeb/RoboFlexv2.0/brainswarm_ws/build/roboflex_description': CMAKE_PREFIX_PATH=${CMAKE_PREFIX_PATH}:/opt/ros/jazzy DEBUGINFOD_URLS=https://debuginfod.neon.kde.org/ https://debuginfod.ubuntu.com/ /usr/bin/cmake /home/muneeb/RoboFlexv2.0/brainswarm_ws/src/roboflex_description -DCMAKE_INSTALL_PREFIX=/home/muneeb/RoboFlexv2.0/brainswarm_ws/install/roboflex_description
[0.360s] -- The C compiler identification is GNU 13.3.0
[0.482s] -- The CXX compiler identification is GNU 13.3.0
[0.526s] -- Detecting C compiler ABI info
[0.792s] -- Detecting C compiler ABI info - done
[0.834s] -- Check for working C compiler: /usr/bin/cc - skipped
[0.834s] -- Detecting C compile features
[0.834s] -- Detecting C compile features - done
[0.844s] -- Detecting CXX compiler ABI info
[1.111s] -- Detecting CXX compiler ABI info - done
[1.197s] -- Check for working CXX compiler: /usr/bin/c++ - skipped
[1.199s] -- Detecting CXX compile features
[1.199s] -- Detecting CXX compile features - done
[1.216s] -- Found ament_cmake: 2.5.3 (/opt/ros/jazzy/share/ament_cmake/cmake)
[2.129s] -- Found Python3: /usr/bin/python3 (found version "3.12.3") found components: Interpreter
[2.403s] -- Found ament_lint_auto: 0.17.2 (/opt/ros/jazzy/share/ament_lint_auto/cmake)
[2.729s] -- Added test 'flake8' to check Python code syntax and style conventions
[2.729s] -- Configured 'flake8' exclude dirs and/or files: 
[2.730s] -- Added test 'lint_cmake' to check CMake code style
[2.736s] -- Added test 'pep257' to check Python code against some of the docstring style conventions in PEP 257
[2.740s] -- Added test 'xmllint' to check XML markup files
[2.746s] -- Configuring done (2.7s)
[2.767s] -- Generating done (0.0s)
[2.768s] -- Build files have been written to: /home/muneeb/RoboFlexv2.0/brainswarm_ws/build/roboflex_description
[2.785s] Invoked command in '/home/muneeb/RoboFlexv2.0/brainswarm_ws/build/roboflex_description' returned '0': CMAKE_PREFIX_PATH=${CMAKE_PREFIX_PATH}:/opt/ros/jazzy DEBUGINFOD_URLS=https://debuginfod.neon.kde.org/ https://debuginfod.ubuntu.com/ /usr/bin/cmake /home/muneeb/RoboFlexv2.0/brainswarm_ws/src/roboflex_description -DCMAKE_INSTALL_PREFIX=/home/muneeb/RoboFlexv2.0/brainswarm_ws/install/roboflex_description
[2.786s] Invoking command in '/home/muneeb/RoboFlexv2.0/brainswarm_ws/build/roboflex_description': CMAKE_PREFIX_PATH=${CMAKE_PREFIX_PATH}:/opt/ros/jazzy DEBUGINFOD_URLS=https://debuginfod.neon.kde.org/ https://debuginfod.ubuntu.com/ /usr/bin/cmake --build /home/muneeb/RoboFlexv2.0/brainswarm_ws/build/roboflex_description -- -j8 -l8
