[0.028s] Invoking command in '/home/muneeb/RoboFlexv2.0/brainswarm_ws/build/roboflex_description': CMAKE_PREFIX_PATH=${CMAKE_PREFIX_PATH}:/opt/ros/jazzy DEBUGINFOD_URLS=https://debuginfod.neon.kde.org/ https://debuginfod.ubuntu.com/ /usr/bin/cmake --build /home/muneeb/RoboFlexv2.0/brainswarm_ws/build/roboflex_description -- -j8 -l8
[0.079s] Invoked command in '/home/muneeb/RoboFlexv2.0/brainswarm_ws/build/roboflex_description' returned '0': CMAKE_PREFIX_PATH=${CMAKE_PREFIX_PATH}:/opt/ros/jazzy DEBUGINFOD_URLS=https://debuginfod.neon.kde.org/ https://debuginfod.ubuntu.com/ /usr/bin/cmake --build /home/muneeb/RoboFlexv2.0/brainswarm_ws/build/roboflex_description -- -j8 -l8
[0.094s] Invoking command in '/home/muneeb/RoboFlexv2.0/brainswarm_ws/build/roboflex_description': CMAKE_PREFIX_PATH=${CMAKE_PREFIX_PATH}:/opt/ros/jazzy DEBUGINFOD_URLS=https://debuginfod.neon.kde.org/ https://debuginfod.ubuntu.com/ /usr/bin/cmake --install /home/muneeb/RoboFlexv2.0/brainswarm_ws/build/roboflex_description
[0.108s] -- Install configuration: ""
[0.108s] -- Up-to-date: /home/muneeb/RoboFlexv2.0/brainswarm_ws/install/roboflex_description/lib/roboflex_description/trajectory_controller
[0.109s] -- Up-to-date: /home/muneeb/RoboFlexv2.0/brainswarm_ws/install/roboflex_description/lib/roboflex_description/gripper_trajectory_controller
[0.109s] -- Up-to-date: /home/muneeb/RoboFlexv2.0/brainswarm_ws/install/roboflex_description/share/roboflex_description//config
[0.111s] -- Up-to-date: /home/muneeb/RoboFlexv2.0/brainswarm_ws/install/roboflex_description/share/roboflex_description//config/real_robotic_arm_controllers.yaml
[0.111s] -- Up-to-date: /home/muneeb/RoboFlexv2.0/brainswarm_ws/install/roboflex_description/share/roboflex_description//config/roboflex_controllers.yaml
[0.112s] -- Up-to-date: /home/muneeb/RoboFlexv2.0/brainswarm_ws/install/roboflex_description/share/roboflex_description//config/ros_gz_bridge.yaml
[0.112s] -- Up-to-date: /home/muneeb/RoboFlexv2.0/brainswarm_ws/install/roboflex_description/share/roboflex_description//meshes
[0.113s] -- Up-to-date: /home/muneeb/RoboFlexv2.0/brainswarm_ws/install/roboflex_description/share/roboflex_description//meshes/gripper_left_link.STL
[0.117s] -- Up-to-date: /home/muneeb/RoboFlexv2.0/brainswarm_ws/install/roboflex_description/share/roboflex_description//meshes/base_link.STL
[0.117s] -- Up-to-date: /home/muneeb/RoboFlexv2.0/brainswarm_ws/install/roboflex_description/share/roboflex_description//meshes/gripper_right_link.STL
[0.117s] -- Up-to-date: /home/muneeb/RoboFlexv2.0/brainswarm_ws/install/roboflex_description/share/roboflex_description//meshes/gripper_body.STL
[0.118s] -- Up-to-date: /home/muneeb/RoboFlexv2.0/brainswarm_ws/install/roboflex_description/share/roboflex_description//meshes/link_3.STL
[0.118s] -- Up-to-date: /home/muneeb/RoboFlexv2.0/brainswarm_ws/install/roboflex_description/share/roboflex_description//meshes/link_2.STL
[0.118s] -- Up-to-date: /home/muneeb/RoboFlexv2.0/brainswarm_ws/install/roboflex_description/share/roboflex_description//meshes/link_1.STL
[0.118s] -- Up-to-date: /home/muneeb/RoboFlexv2.0/brainswarm_ws/install/roboflex_description/share/roboflex_description//launch
[0.119s] -- Up-to-date: /home/muneeb/RoboFlexv2.0/brainswarm_ws/install/roboflex_description/share/roboflex_description//launch/real_hardware.launch.py
[0.119s] -- Installing: /home/muneeb/RoboFlexv2.0/brainswarm_ws/install/roboflex_description/share/roboflex_description//launch/simulation.launch.py
[0.119s] -- Up-to-date: /home/muneeb/RoboFlexv2.0/brainswarm_ws/install/roboflex_description/share/roboflex_description//scripts
[0.119s] -- Up-to-date: /home/muneeb/RoboFlexv2.0/brainswarm_ws/install/roboflex_description/share/roboflex_description//scripts/trajectory_controller
[0.119s] -- Up-to-date: /home/muneeb/RoboFlexv2.0/brainswarm_ws/install/roboflex_description/share/roboflex_description//scripts/gripper_trajectory_controller
[0.120s] -- Up-to-date: /home/muneeb/RoboFlexv2.0/brainswarm_ws/install/roboflex_description/share/roboflex_description//urdf
[0.120s] -- Up-to-date: /home/muneeb/RoboFlexv2.0/brainswarm_ws/install/roboflex_description/share/roboflex_description//urdf/roboflex_robotic_arm.urdf
[0.120s] -- Up-to-date: /home/muneeb/RoboFlexv2.0/brainswarm_ws/install/roboflex_description/share/roboflex_description//urdf/roboflex_robotic_arm.urdf.xacro
[0.130s] -- Up-to-date: /home/muneeb/RoboFlexv2.0/brainswarm_ws/install/roboflex_description/share/roboflex_description//urdf/real_hardware.urdf.xacro
[0.130s] -- Up-to-date: /home/muneeb/RoboFlexv2.0/brainswarm_ws/install/roboflex_description/share/roboflex_description//urdf/brainswarm_robotic_arm.csv
[0.131s] -- Up-to-date: /home/muneeb/RoboFlexv2.0/brainswarm_ws/install/roboflex_description/share/ament_index/resource_index/package_run_dependencies/roboflex_description
[0.131s] -- Up-to-date: /home/muneeb/RoboFlexv2.0/brainswarm_ws/install/roboflex_description/share/ament_index/resource_index/parent_prefix_path/roboflex_description
[0.131s] -- Up-to-date: /home/muneeb/RoboFlexv2.0/brainswarm_ws/install/roboflex_description/share/roboflex_description/environment/ament_prefix_path.sh
[0.131s] -- Up-to-date: /home/muneeb/RoboFlexv2.0/brainswarm_ws/install/roboflex_description/share/roboflex_description/environment/ament_prefix_path.dsv
[0.132s] -- Up-to-date: /home/muneeb/RoboFlexv2.0/brainswarm_ws/install/roboflex_description/share/roboflex_description/environment/path.sh
[0.132s] -- Up-to-date: /home/muneeb/RoboFlexv2.0/brainswarm_ws/install/roboflex_description/share/roboflex_description/environment/path.dsv
[0.132s] -- Up-to-date: /home/muneeb/RoboFlexv2.0/brainswarm_ws/install/roboflex_description/share/roboflex_description/local_setup.bash
[0.133s] -- Up-to-date: /home/muneeb/RoboFlexv2.0/brainswarm_ws/install/roboflex_description/share/roboflex_description/local_setup.sh
[0.133s] -- Up-to-date: /home/muneeb/RoboFlexv2.0/brainswarm_ws/install/roboflex_description/share/roboflex_description/local_setup.zsh
[0.134s] -- Up-to-date: /home/muneeb/RoboFlexv2.0/brainswarm_ws/install/roboflex_description/share/roboflex_description/local_setup.dsv
[0.134s] -- Installing: /home/muneeb/RoboFlexv2.0/brainswarm_ws/install/roboflex_description/share/roboflex_description/package.dsv
[0.135s] -- Up-to-date: /home/muneeb/RoboFlexv2.0/brainswarm_ws/install/roboflex_description/share/ament_index/resource_index/packages/roboflex_description
[0.136s] -- Up-to-date: /home/muneeb/RoboFlexv2.0/brainswarm_ws/install/roboflex_description/share/roboflex_description/cmake/roboflex_descriptionConfig.cmake
[0.137s] -- Up-to-date: /home/muneeb/RoboFlexv2.0/brainswarm_ws/install/roboflex_description/share/roboflex_description/cmake/roboflex_descriptionConfig-version.cmake
[0.137s] -- Up-to-date: /home/muneeb/RoboFlexv2.0/brainswarm_ws/install/roboflex_description/share/roboflex_description/package.xml
[0.157s] Invoked command in '/home/muneeb/RoboFlexv2.0/brainswarm_ws/build/roboflex_description' returned '0': CMAKE_PREFIX_PATH=${CMAKE_PREFIX_PATH}:/opt/ros/jazzy DEBUGINFOD_URLS=https://debuginfod.neon.kde.org/ https://debuginfod.ubuntu.com/ /usr/bin/cmake --install /home/muneeb/RoboFlexv2.0/brainswarm_ws/build/roboflex_description
